<html>
<body>
<pre>
<h1>µVision Build Log</h1>
<h2>Tool Versions:</h2>
IDE-Version: µVision V5.31.0.0
Copyright (C) 2020 ARM Ltd and ARM Germany GmbH. All rights reserved.
License Information: Jarne Van Mulders KU Leuven Flex license: MDK Professional 5.31 (Flex): 40 user(s) (mdk_pro) Operation stops: 22 Jul 2021
 
Tool Versions:
Toolchain:       MDK Professional 5.31 (Flex): 40 user(s)  Version: 5.31.0.0
Toolchain Path:  C:\Keil_v5\ARM\ARMCC\Bin
C Compiler:      Armcc.exe V5.06 update 6 (build 750)
Assembler:       Armasm.exe V5.06 update 6 (build 750)
Linker/Locator:  ArmLink.exe V5.06 update 6 (build 750)
Library Manager: ArmAr.exe V5.06 update 6 (build 750)
Hex Converter:   FromElf.exe V5.06 update 6 (build 750)
CPU DLL:         SARMCM3.DLL V5.31.0.0
Dialog DLL:      DCM.DLL V1.17.3.0
Target DLL:      STLink\ST-LINKIII-KEIL_SWO.dll V3.0.7.0
Dialog DLL:      TCM.DLL V1.46.0.0
 
<h2>Project:</h2>
C:\Users\jarne\Documents\GitHub\Interreg-NOMADe\Firmware\DCU\MDK-ARM\Mainboard.uvprojx
Project File Date:  10/15/2020

<h2>Output:</h2>
*** Using Compiler 'V5.06 update 6 (build 750)', folder: 'C:\Keil_v5\ARM\ARMCC\Bin'
Build target 'Mainboard'
compiling fatfs.c...
compiling config.c...
compiling bsp_driver_sd.c...
compiling sd_diskio.c...
compiling main.c...
../Src/main.c(119): warning:  #177-D: function "MX_SDMMC1_SD_Init"  was declared but never referenced
  static void MX_SDMMC1_SD_Init(void);
../Src/main.c(956): warning:  #177-D: function "IOExpander_toggle"  was declared but never referenced
  void IOExpander_toggle(I2C_HandleTypeDef *hi2c, uint8_t address, uint8_t io){
../Src/main.c(706): warning:  #177-D: function "getYawPitchRoll"  was declared but never referenced
  void getYawPitchRoll(int16_t *data, float *newdata){
../Src/main.c: 3 warnings, 0 errors
compiling stm32h7xx_it.c...
compiling UartRingbufferManager.c...
compiling UartRingbuffer.c...
..\Src\UartRingbuffer.c(68): warning:  #68-D: integer conversion resulted in a change of sign
      return -1;
..\Src\UartRingbuffer.c: 1 warning, 0 errors
compiling fatfs_platform.c...
compiling stm32h7xx_hal_msp.c...
compiling uart_init.c...
compiling uart_com.c...
compiling usb_com.c...
compiling imu_com.c...
compiling proteusII_driver.c...
compiling stm32h7xx_hal_cortex.c...
compiling sd_card_com.c...
compiling stm32h7xx_hal_flash.c...
compiling stm32h7xx_hal_rcc.c...
compiling stm32h7xx_hal_rcc_ex.c...
compiling stm32h7xx_hal_gpio.c...
compiling stm32h7xx_hal_hsem.c...
compiling stm32h7xx_hal_flash_ex.c...
compiling stm32h7xx_hal_dma_ex.c...
compiling stm32h7xx_hal_dma.c...
compiling stm32h7xx_hal_pwr.c...
compiling stm32h7xx_hal.c...
compiling stm32h7xx_hal_mdma.c...
compiling stm32h7xx_hal_pwr_ex.c...
compiling stm32h7xx_hal_i2c.c...
compiling stm32h7xx_ll_delayblock.c...
compiling stm32h7xx_hal_i2c_ex.c...
compiling stm32h7xx_ll_sdmmc.c...
compiling stm32h7xx_hal_exti.c...
compiling stm32h7xx_hal_sd.c...
compiling stm32h7xx_hal_tim_ex.c...
compiling stm32h7xx_hal_sd_ex.c...
compiling stm32h7xx_hal_uart_ex.c...
compiling stm32h7xx_hal_tim.c...
compiling stm32h7xx_hal_uart.c...
compiling system_stm32h7xx.c...
compiling ff_gen_drv.c...
compiling syscall.c...
compiling diskio.c...
compiling ff.c...
linking...
Program Size: Code=42308 RO-data=1600 RW-data=288 ZI-data=60080  
FromELF: creating hex file...
"Mainboard\Mainboard.axf" - 0 Error(s), 4 Warning(s).

<h2>Software Packages used:</h2>

Package Vendor: ARM
                http://www.keil.com/pack/ARM.CMSIS.5.7.0.pack
                ARM.CMSIS.5.7.0
                CMSIS (Cortex Microcontroller Software Interface Standard)
   * Component: CORE Version: 5.4.0

Package Vendor: Keil
                http://www.keil.com/pack/Keil.STM32H7xx_DFP.2.5.0.pack
                Keil.STM32H7xx_DFP.2.5.0
                STMicroelectronics STM32H7 Series Device Support and Examples

<h2>Collection of Component include folders:</h2>
  .\RTE\_Mainboard
  C:\Users\jarne\AppData\Local\Arm\Packs\ARM\CMSIS\5.7.0\CMSIS\Core\Include
  C:\Users\jarne\AppData\Local\Arm\Packs\Keil\STM32H7xx_DFP\2.5.0\Drivers\CMSIS\Device\ST\STM32H7xx\Include

<h2>Collection of Component Files used:</h2>

   * Component: ARM::CMSIS:CORE:5.4.0
Build Time Elapsed:  00:02:42
</pre>
</body>
</html>
