Component: ARM Compiler 5.06 update 7 (build 960) Tool: armlink [4d3601]

==============================================================================

Section Cross References

    startup_stm32h743xx.o(RESET) refers to startup_stm32h743xx.o(STACK) for __initial_sp
    startup_stm32h743xx.o(RESET) refers to startup_stm32h743xx.o(.text) for Reset_Handler
    startup_stm32h743xx.o(RESET) refers to stm32h7xx_it.o(i.NMI_Handler) for NMI_Handler
    startup_stm32h743xx.o(RESET) refers to stm32h7xx_it.o(i.HardFault_Handler) for HardFault_Handler
    startup_stm32h743xx.o(RESET) refers to stm32h7xx_it.o(i.MemManage_Handler) for MemManage_Handler
    startup_stm32h743xx.o(RESET) refers to stm32h7xx_it.o(i.BusFault_Handler) for BusFault_Handler
    startup_stm32h743xx.o(RESET) refers to stm32h7xx_it.o(i.UsageFault_Handler) for UsageFault_Handler
    startup_stm32h743xx.o(RESET) refers to stm32h7xx_it.o(i.SVC_Handler) for SVC_Handler
    startup_stm32h743xx.o(RESET) refers to stm32h7xx_it.o(i.DebugMon_Handler) for DebugMon_Handler
    startup_stm32h743xx.o(RESET) refers to stm32h7xx_it.o(i.PendSV_Handler) for PendSV_Handler
    startup_stm32h743xx.o(RESET) refers to stm32h7xx_it.o(i.SysTick_Handler) for SysTick_Handler
    startup_stm32h743xx.o(RESET) refers to stm32h7xx_it.o(i.EXTI2_IRQHandler) for EXTI2_IRQHandler
    startup_stm32h743xx.o(RESET) refers to stm32h7xx_it.o(i.EXTI9_5_IRQHandler) for EXTI9_5_IRQHandler
    startup_stm32h743xx.o(RESET) refers to stm32h7xx_it.o(i.TIM2_IRQHandler) for TIM2_IRQHandler
    startup_stm32h743xx.o(RESET) refers to stm32h7xx_it.o(i.I2C1_EV_IRQHandler) for I2C1_EV_IRQHandler
    startup_stm32h743xx.o(RESET) refers to stm32h7xx_it.o(i.I2C1_ER_IRQHandler) for I2C1_ER_IRQHandler
    startup_stm32h743xx.o(RESET) refers to stm32h7xx_it.o(i.USART1_IRQHandler) for USART1_IRQHandler
    startup_stm32h743xx.o(RESET) refers to stm32h7xx_it.o(i.USART2_IRQHandler) for USART2_IRQHandler
    startup_stm32h743xx.o(RESET) refers to stm32h7xx_it.o(i.USART3_IRQHandler) for USART3_IRQHandler
    startup_stm32h743xx.o(RESET) refers to stm32h7xx_it.o(i.SDMMC1_IRQHandler) for SDMMC1_IRQHandler
    startup_stm32h743xx.o(RESET) refers to stm32h7xx_it.o(i.UART4_IRQHandler) for UART4_IRQHandler
    startup_stm32h743xx.o(RESET) refers to stm32h7xx_it.o(i.UART5_IRQHandler) for UART5_IRQHandler
    startup_stm32h743xx.o(RESET) refers to stm32h7xx_it.o(i.USART6_IRQHandler) for USART6_IRQHandler
    startup_stm32h743xx.o(RESET) refers to stm32h7xx_it.o(i.UART7_IRQHandler) for UART7_IRQHandler
    startup_stm32h743xx.o(RESET) refers to stm32h7xx_it.o(i.UART8_IRQHandler) for UART8_IRQHandler
    startup_stm32h743xx.o(.text) refers to system_stm32h7xx.o(i.SystemInit) for SystemInit
    startup_stm32h743xx.o(.text) refers to entry.o(.ARM.Collect$$$$00000000) for __main
    config.o(i.MX_GPIO_Init) refers to memseta.o(.text) for __aeabi_memclr4
    config.o(i.MX_GPIO_Init) refers to stm32h7xx_hal_gpio.o(i.HAL_GPIO_WritePin) for HAL_GPIO_WritePin
    config.o(i.MX_GPIO_Init) refers to stm32h7xx_hal_gpio.o(i.HAL_GPIO_Init) for HAL_GPIO_Init
    config.o(i.MX_GPIO_Init) refers to stm32h7xx_hal_cortex.o(i.HAL_NVIC_SetPriority) for HAL_NVIC_SetPriority
    config.o(i.MX_GPIO_Init) refers to stm32h7xx_hal_cortex.o(i.HAL_NVIC_EnableIRQ) for HAL_NVIC_EnableIRQ
    config.o(i.SystemClock_Config) refers to memseta.o(.text) for __aeabi_memclr4
    config.o(i.SystemClock_Config) refers to stm32h7xx_hal_pwr_ex.o(i.HAL_PWREx_ConfigSupply) for HAL_PWREx_ConfigSupply
    config.o(i.SystemClock_Config) refers to stm32h7xx_hal_rcc.o(i.HAL_RCC_OscConfig) for HAL_RCC_OscConfig
    config.o(i.SystemClock_Config) refers to main.o(i.Error_Handler) for Error_Handler
    config.o(i.SystemClock_Config) refers to stm32h7xx_hal_rcc.o(i.HAL_RCC_ClockConfig) for HAL_RCC_ClockConfig
    config.o(i.SystemClock_Config) refers to stm32h7xx_hal_rcc_ex.o(i.HAL_RCCEx_PeriphCLKConfig) for HAL_RCCEx_PeriphCLKConfig
    main.o(i.BT_read_ringbuffer_pakket) refers to uartringbuffermanager.o(i.UART_IsDataAvailable) for UART_IsDataAvailable
    main.o(i.BT_read_ringbuffer_pakket) refers to uart_com.o(i.UART_COM_read) for UART_COM_read
    main.o(i.BT_read_ringbuffer_pakket) refers to stm32h7xx_hal.o(i.HAL_Delay) for HAL_Delay
    main.o(i.BT_read_ringbuffer_pakket) refers to main.o(i.rsv_bt_packet_handler) for rsv_bt_packet_handler
    main.o(i.BT_read_ringbuffer_pakket) refers to memseta.o(.text) for __aeabi_memset
    main.o(i.HAL_GPIO_EXTI_Callback) refers to stm32h7xx_hal_gpio.o(i.HAL_GPIO_TogglePin) for HAL_GPIO_TogglePin
    main.o(i.HAL_GPIO_EXTI_Callback) refers to imu_com.o(i.IMU_go_to_sleep) for IMU_go_to_sleep
    main.o(i.HAL_GPIO_EXTI_Callback) refers to imu_com.o(i.IMU_reset_previous_connected_modules_array) for IMU_reset_previous_connected_modules_array
    main.o(i.HAL_GPIO_EXTI_Callback) refers to main.o(.data) for .data
[...]
    TIM15_IRQHandler                         0x080002cb   Thumb Code     0  startup_stm32h743xx.o(.text)
    TIM16_IRQHandler                         0x080002cb   Thumb Code     0  startup_stm32h743xx.o(.text)
    TIM17_IRQHandler                         0x080002cb   Thumb Code     0  startup_stm32h743xx.o(.text)
    TIM1_BRK_IRQHandler                      0x080002cb   Thumb Code     0  startup_stm32h743xx.o(.text)
    TIM1_CC_IRQHandler                       0x080002cb   Thumb Code     0  startup_stm32h743xx.o(.text)
    TIM1_TRG_COM_IRQHandler                  0x080002cb   Thumb Code     0  startup_stm32h743xx.o(.text)
    TIM1_UP_IRQHandler                       0x080002cb   Thumb Code     0  startup_stm32h743xx.o(.text)
    TIM3_IRQHandler                          0x080002cb   Thumb Code     0  startup_stm32h743xx.o(.text)
    TIM4_IRQHandler                          0x080002cb   Thumb Code     0  startup_stm32h743xx.o(.text)
    TIM5_IRQHandler                          0x080002cb   Thumb Code     0  startup_stm32h743xx.o(.text)
    TIM6_DAC_IRQHandler                      0x080002cb   Thumb Code     0  startup_stm32h743xx.o(.text)
    TIM7_IRQHandler                          0x080002cb   Thumb Code     0  startup_stm32h743xx.o(.text)
    TIM8_BRK_TIM12_IRQHandler                0x080002cb   Thumb Code     0  startup_stm32h743xx.o(.text)
    TIM8_CC_IRQHandler                       0x080002cb   Thumb Code     0  startup_stm32h743xx.o(.text)
    TIM8_TRG_COM_TIM14_IRQHandler            0x080002cb   Thumb Code     0  startup_stm32h743xx.o(.text)
    TIM8_UP_TIM13_IRQHandler                 0x080002cb   Thumb Code     0  startup_stm32h743xx.o(.text)
    WAKEUP_PIN_IRQHandler                    0x080002cb   Thumb Code     0  startup_stm32h743xx.o(.text)
    WWDG_IRQHandler                          0x080002cb   Thumb Code     0  startup_stm32h743xx.o(.text)
    __aeabi_uldivmod                         0x080002d5   Thumb Code    98  uldiv.o(.text)
    __aeabi_memset                           0x08000337   Thumb Code    14  memseta.o(.text)
    __aeabi_memset4                          0x08000337   Thumb Code     0  memseta.o(.text)
    __aeabi_memset8                          0x08000337   Thumb Code     0  memseta.o(.text)
    __aeabi_memclr                           0x08000345   Thumb Code     4  memseta.o(.text)
    __aeabi_memclr4                          0x08000345   Thumb Code     0  memseta.o(.text)
    __aeabi_memclr8                          0x08000345   Thumb Code     0  memseta.o(.text)
    _memset$wrapper                          0x08000349   Thumb Code    18  memseta.o(.text)
    strlen                                   0x0800035b   Thumb Code    14  strlen.o(.text)
    __aeabi_uidiv                            0x08000369   Thumb Code     0  uidiv.o(.text)
    __aeabi_uidivmod                         0x08000369   Thumb Code    44  uidiv.o(.text)
    __aeabi_llsl                             0x08000395   Thumb Code    30  llshl.o(.text)
    _ll_shift_l                              0x08000395   Thumb Code     0  llshl.o(.text)
    __aeabi_llsr                             0x080003b3   Thumb Code    32  llushr.o(.text)
    _ll_ushift_r                             0x080003b3   Thumb Code     0  llushr.o(.text)
    __I$use$fp                               0x080003d3   Thumb Code     0  iusefp.o(.text)
    __aeabi_dadd                             0x080003d3   Thumb Code   322  dadd.o(.text)
    __aeabi_dsub                             0x08000515   Thumb Code     6  dadd.o(.text)
    __aeabi_drsub                            0x0800051b   Thumb Code     6  dadd.o(.text)
    __aeabi_dmul                             0x08000521   Thumb Code   228  dmul.o(.text)
    __aeabi_ddiv                             0x08000605   Thumb Code   222  ddiv.o(.text)
    __aeabi_d2ulz                            0x080006e3   Thumb Code    48  dfixul.o(.text)
    __aeabi_cdrcmple                         0x08000715   Thumb Code    48  cdrcmple.o(.text)
    __scatterload                            0x08000745   Thumb Code    28  init.o(.text)
    __scatterload_rt2                        0x08000745   Thumb Code     0  init.o(.text)
    __aeabi_lasr                             0x08000769   Thumb Code    36  llsshr.o(.text)
    _ll_sshift_r                             0x08000769   Thumb Code     0  llsshr.o(.text)
    _double_round                            0x0800078d   Thumb Code    30  depilogue.o(.text)
    _double_epilogue                         0x080007ab   Thumb Code   156  depilogue.o(.text)
    BSP_PlatformIsDetected                   0x08000849   Thumb Code    20  fatfs_platform.o(i.BSP_PlatformIsDetected)
    BSP_SD_GetCardInfo                       0x08000861   Thumb Code     8  bsp_driver_sd.o(i.BSP_SD_GetCardInfo)
    BSP_SD_GetCardState                      0x0800086d   Thumb Code    20  bsp_driver_sd.o(i.BSP_SD_GetCardState)
    BSP_SD_Init                              0x08000885   Thumb Code    42  bsp_driver_sd.o(i.BSP_SD_Init)
    BSP_SD_IsDetected                        0x080008b5   Thumb Code    26  bsp_driver_sd.o(i.BSP_SD_IsDetected)
    BSP_SD_ReadBlocks                        0x080008d1   Thumb Code    26  bsp_driver_sd.o(i.BSP_SD_ReadBlocks)
    BSP_SD_WriteBlocks                       0x080008f1   Thumb Code    26  bsp_driver_sd.o(i.BSP_SD_WriteBlocks)
    BT_calculateCS                           0x08000911   Thumb Code    24  proteusii_driver.o(i.BT_calculateCS)
    BT_connect                               0x08000929   Thumb Code    32  proteusii_driver.o(i.BT_connect)
    BT_disconnect                            0x08000949   Thumb Code     6  proteusii_driver.o(i.BT_disconnect)
    BT_read_ringbuffer_pakket                0x08000951   Thumb Code   216  main.o(i.BT_read_ringbuffer_pakket)
    BT_transmitData                          0x08000a29   Thumb Code    10  proteusii_driver.o(i.BT_transmitData)
    BT_transmitMsg_CMD                       0x08000a33   Thumb Code    12  proteusii_driver.o(i.BT_transmitMsg_CMD)
    BT_transmitMsg_CMD_Data                  0x08000a3f   Thumb Code    62  proteusii_driver.o(i.BT_transmitMsg_CMD_Data)
    BT_transmit_CMD                          0x08000a7d   Thumb Code    48  proteusii_driver.o(i.BT_transmit_CMD)
    BT_transmit_CMD_Byte                     0x08000aad   Thumb Code    54  proteusii_driver.o(i.BT_transmit_CMD_Byte)
    BT_transmit_CMD_Bytes                    0x08000ae3   Thumb Code    84  proteusii_driver.o(i.BT_transmit_CMD_Bytes)
    BusFault_Handler                         0x08000b37   Thumb Code     2  stm32h7xx_it.o(i.BusFault_Handler)
    DebugMon_Handler                         0x08000b39   Thumb Code     2  stm32h7xx_it.o(i.DebugMon_Handler)
    EXTI2_IRQHandler                         0x08000b3b   Thumb Code     6  stm32h7xx_it.o(i.EXTI2_IRQHandler)
    EXTI9_5_IRQHandler                       0x08000b41   Thumb Code     6  stm32h7xx_it.o(i.EXTI9_5_IRQHandler)
    Error_Handler                            0x08000b47   Thumb Code     2  main.o(i.Error_Handler)
    FATFS_LinkDriver                         0x08000b49   Thumb Code     6  ff_gen_drv.o(i.FATFS_LinkDriver)
    FATFS_LinkDriverEx                       0x08000b51   Thumb Code    58  ff_gen_drv.o(i.FATFS_LinkDriverEx)
    FATFS_UnLinkDriver                       0x08000b91   Thumb Code     6  ff_gen_drv.o(i.FATFS_UnLinkDriver)
    FATFS_UnLinkDriverEx                     0x08000b99   Thumb Code    46  ff_gen_drv.o(i.FATFS_UnLinkDriverEx)
    HAL_DMA_Abort_IT                         0x08000bcd   Thumb Code   602  stm32h7xx_hal_dma.o(i.HAL_DMA_Abort_IT)
    HAL_Delay                                0x08000e51   Thumb Code    32  stm32h7xx_hal.o(i.HAL_Delay)
    HAL_GPIO_EXTI_Callback                   0x08000e75   Thumb Code    54  main.o(i.HAL_GPIO_EXTI_Callback)
    HAL_GPIO_EXTI_IRQHandler                 0x08000eb5   Thumb Code    24  stm32h7xx_hal_gpio.o(i.HAL_GPIO_EXTI_IRQHandler)
    HAL_GPIO_Init                            0x08000ecd   Thumb Code   458  stm32h7xx_hal_gpio.o(i.HAL_GPIO_Init)
    HAL_GPIO_ReadPin                         0x080010c9   Thumb Code    10  stm32h7xx_hal_gpio.o(i.HAL_GPIO_ReadPin)
    HAL_GPIO_TogglePin                       0x080010d3   Thumb Code    14  stm32h7xx_hal_gpio.o(i.HAL_GPIO_TogglePin)
    HAL_GPIO_WritePin                        0x080010e1   Thumb Code    10  stm32h7xx_hal_gpio.o(i.HAL_GPIO_WritePin)
    HAL_GetREVID                             0x080010ed   Thumb Code     8  stm32h7xx_hal.o(i.HAL_GetREVID)
    HAL_GetTick                              0x080010f9   Thumb Code     6  stm32h7xx_hal.o(i.HAL_GetTick)
    HAL_I2CEx_ConfigAnalogFilter             0x08001105   Thumb Code    88  stm32h7xx_hal_i2c_ex.o(i.HAL_I2CEx_ConfigAnalogFilter)
    HAL_I2CEx_ConfigDigitalFilter            0x0800115d   Thumb Code    84  stm32h7xx_hal_i2c_ex.o(i.HAL_I2CEx_ConfigDigitalFilter)
    HAL_I2C_AbortCpltCallback                0x080011b1   Thumb Code     2  stm32h7xx_hal_i2c.o(i.HAL_I2C_AbortCpltCallback)
    HAL_I2C_AddrCallback                     0x080011b3   Thumb Code     2  stm32h7xx_hal_i2c.o(i.HAL_I2C_AddrCallback)
    HAL_I2C_ER_IRQHandler                    0x080011b5   Thumb Code   104  stm32h7xx_hal_i2c.o(i.HAL_I2C_ER_IRQHandler)
    HAL_I2C_EV_IRQHandler                    0x0800121d   Thumb Code    16  stm32h7xx_hal_i2c.o(i.HAL_I2C_EV_IRQHandler)
    HAL_I2C_ErrorCallback                    0x0800122d   Thumb Code     2  stm32h7xx_hal_i2c.o(i.HAL_I2C_ErrorCallback)
    HAL_I2C_Init                             0x08001231   Thumb Code   180  stm32h7xx_hal_i2c.o(i.HAL_I2C_Init)
    HAL_I2C_ListenCpltCallback               0x080012e9   Thumb Code     2  stm32h7xx_hal_i2c.o(i.HAL_I2C_ListenCpltCallback)
    HAL_I2C_Master_Transmit                  0x080012ed   Thumb Code   282  stm32h7xx_hal_i2c.o(i.HAL_I2C_Master_Transmit)
    HAL_I2C_MspInit                          0x08001411   Thumb Code   124  stm32h7xx_hal_msp.o(i.HAL_I2C_MspInit)
    HAL_I2C_SlaveRxCpltCallback              0x08001499   Thumb Code     2  stm32h7xx_hal_i2c.o(i.HAL_I2C_SlaveRxCpltCallback)
    HAL_I2C_SlaveTxCpltCallback              0x0800149b   Thumb Code     2  stm32h7xx_hal_i2c.o(i.HAL_I2C_SlaveTxCpltCallback)
    HAL_IncTick                              0x0800149d   Thumb Code    12  stm32h7xx_hal.o(i.HAL_IncTick)
    HAL_Init                                 0x080014ad   Thumb Code    72  stm32h7xx_hal.o(i.HAL_Init)
    HAL_InitTick                             0x08001505   Thumb Code    56  stm32h7xx_hal.o(i.HAL_InitTick)
    HAL_MspInit                              0x08001545   Thumb Code    22  stm32h7xx_hal_msp.o(i.HAL_MspInit)
    HAL_NVIC_EnableIRQ                       0x08001561   Thumb Code    26  stm32h7xx_hal_cortex.o(i.HAL_NVIC_EnableIRQ)
    HAL_NVIC_SetPriority                     0x0800157d   Thumb Code    60  stm32h7xx_hal_cortex.o(i.HAL_NVIC_SetPriority)
    HAL_NVIC_SetPriorityGrouping             0x080015bd   Thumb Code    28  stm32h7xx_hal_cortex.o(i.HAL_NVIC_SetPriorityGrouping)
    HAL_PWREx_ConfigSupply                   0x080015e1   Thumb Code    78  stm32h7xx_hal_pwr_ex.o(i.HAL_PWREx_ConfigSupply)
    HAL_RCCEx_GetD1SysClockFreq              0x08001635   Thumb Code    30  stm32h7xx_hal_rcc_ex.o(i.HAL_RCCEx_GetD1SysClockFreq)
    HAL_RCCEx_GetD3PCLK1Freq                 0x08001661   Thumb Code    26  stm32h7xx_hal_rcc_ex.o(i.HAL_RCCEx_GetD3PCLK1Freq)
    HAL_RCCEx_GetPLL1ClockFreq               0x08001685   Thumb Code   296  stm32h7xx_hal_rcc_ex.o(i.HAL_RCCEx_GetPLL1ClockFreq)
    HAL_RCCEx_GetPLL2ClockFreq               0x080017c9   Thumb Code   296  stm32h7xx_hal_rcc_ex.o(i.HAL_RCCEx_GetPLL2ClockFreq)
    HAL_RCCEx_GetPLL3ClockFreq               0x0800190d   Thumb Code   296  stm32h7xx_hal_rcc_ex.o(i.HAL_RCCEx_GetPLL3ClockFreq)
    HAL_RCCEx_GetPeriphCLKFreq               0x08001a51   Thumb Code   454  stm32h7xx_hal_rcc_ex.o(i.HAL_RCCEx_GetPeriphCLKFreq)
    HAL_RCCEx_PeriphCLKConfig                0x08001c2d   Thumb Code  2204  stm32h7xx_hal_rcc_ex.o(i.HAL_RCCEx_PeriphCLKConfig)
    HAL_RCC_ClockConfig                      0x080024c9   Thumb Code   560  stm32h7xx_hal_rcc.o(i.HAL_RCC_ClockConfig)
    HAL_RCC_GetHCLKFreq                      0x0800270d   Thumb Code    30  stm32h7xx_hal_rcc.o(i.HAL_RCC_GetHCLKFreq)
    HAL_RCC_GetPCLK1Freq                     0x08002739   Thumb Code    26  stm32h7xx_hal_rcc.o(i.HAL_RCC_GetPCLK1Freq)
    HAL_RCC_GetPCLK2Freq                     0x0800275d   Thumb Code    26  stm32h7xx_hal_rcc.o(i.HAL_RCC_GetPCLK2Freq)
    HAL_RCC_GetSysClockFreq                  0x08002781   Thumb Code   278  stm32h7xx_hal_rcc.o(i.HAL_RCC_GetSysClockFreq)
    HAL_RCC_OscConfig                        0x080028b9   Thumb Code  1258  stm32h7xx_hal_rcc.o(i.HAL_RCC_OscConfig)
    HAL_SDEx_Read_DMADoubleBuf0CpltCallback  0x08002da3   Thumb Code     2  stm32h7xx_hal_sd.o(i.HAL_SDEx_Read_DMADoubleBuf0CpltCallback)
    HAL_SDEx_Read_DMADoubleBuf1CpltCallback  0x08002da5   Thumb Code     2  stm32h7xx_hal_sd.o(i.HAL_SDEx_Read_DMADoubleBuf1CpltCallback)
    HAL_SDEx_Write_DMADoubleBuf0CpltCallback 0x08002da7   Thumb Code     2  stm32h7xx_hal_sd.o(i.HAL_SDEx_Write_DMADoubleBuf0CpltCallback)
    HAL_SDEx_Write_DMADoubleBuf1CpltCallback 0x08002da9   Thumb Code     2  stm32h7xx_hal_sd.o(i.HAL_SDEx_Write_DMADoubleBuf1CpltCallback)
    HAL_SD_ConfigWideBusOperation            0x08002dad   Thumb Code   270  stm32h7xx_hal_sd.o(i.HAL_SD_ConfigWideBusOperation)
    HAL_SD_DriveTransceiver_1_8V_Callback    0x08002ec1   Thumb Code     2  stm32h7xx_hal_sd.o(i.HAL_SD_DriveTransceiver_1_8V_Callback)
    HAL_SD_ErrorCallback                     0x08002ec3   Thumb Code     2  stm32h7xx_hal_sd.o(i.HAL_SD_ErrorCallback)
    HAL_SD_GetCardCSD                        0x08002ec5   Thumb Code   440  stm32h7xx_hal_sd.o(i.HAL_SD_GetCardCSD)
    HAL_SD_GetCardInfo                       0x08003081   Thumb Code    36  stm32h7xx_hal_sd.o(i.HAL_SD_GetCardInfo)
    HAL_SD_GetCardState                      0x080030a5   Thumb Code    44  stm32h7xx_hal_sd.o(i.HAL_SD_GetCardState)
    HAL_SD_GetCardStatus                     0x080030d1   Thumb Code   152  stm32h7xx_hal_sd.o(i.HAL_SD_GetCardStatus)
    HAL_SD_IRQHandler                        0x0800316d   Thumb Code   570  stm32h7xx_hal_sd.o(i.HAL_SD_IRQHandler)
    HAL_SD_Init                              0x080033ad   Thumb Code   162  stm32h7xx_hal_sd.o(i.HAL_SD_Init)
    HAL_SD_InitCard                          0x08003451   Thumb Code   124  stm32h7xx_hal_sd.o(i.HAL_SD_InitCard)
    HAL_SD_MspInit                           0x080034d1   Thumb Code   134  stm32h7xx_hal_msp.o(i.HAL_SD_MspInit)
    HAL_SD_ReadBlocks                        0x08003569   Thumb Code   458  stm32h7xx_hal_sd.o(i.HAL_SD_ReadBlocks)
    HAL_SD_RxCpltCallback                    0x0800373d   Thumb Code     2  stm32h7xx_hal_sd.o(i.HAL_SD_RxCpltCallback)
    HAL_SD_TxCpltCallback                    0x0800373f   Thumb Code     2  stm32h7xx_hal_sd.o(i.HAL_SD_TxCpltCallback)
    HAL_SD_WriteBlocks                       0x08003741   Thumb Code   494  stm32h7xx_hal_sd.o(i.HAL_SD_WriteBlocks)
    HAL_SYSTICK_Config                       0x08003939   Thumb Code    38  stm32h7xx_hal_cortex.o(i.HAL_SYSTICK_Config)
    HAL_TIMEx_Break2Callback                 0x0800395f   Thumb Code     2  stm32h7xx_hal_tim_ex.o(i.HAL_TIMEx_Break2Callback)
    HAL_TIMEx_BreakCallback                  0x08003961   Thumb Code     2  stm32h7xx_hal_tim_ex.o(i.HAL_TIMEx_BreakCallback)
    HAL_TIMEx_CommutCallback                 0x08003963   Thumb Code     2  stm32h7xx_hal_tim_ex.o(i.HAL_TIMEx_CommutCallback)
    HAL_TIMEx_MasterConfigSynchronization    0x08003965   Thumb Code   128  stm32h7xx_hal_tim_ex.o(i.HAL_TIMEx_MasterConfigSynchronization)
    HAL_TIM_Base_Init                        0x080039fd   Thumb Code    54  stm32h7xx_hal_tim.o(i.HAL_TIM_Base_Init)
    HAL_TIM_Base_MspInit                     0x08003a35   Thumb Code    50  stm32h7xx_hal_msp.o(i.HAL_TIM_Base_MspInit)
    HAL_TIM_Base_Start_IT                    0x08003a6d   Thumb Code    40  stm32h7xx_hal_tim.o(i.HAL_TIM_Base_Start_IT)
    HAL_TIM_ConfigClockSource                0x08003a99   Thumb Code   242  stm32h7xx_hal_tim.o(i.HAL_TIM_ConfigClockSource)
    HAL_TIM_IC_CaptureCallback               0x08003b91   Thumb Code     2  stm32h7xx_hal_tim.o(i.HAL_TIM_IC_CaptureCallback)
    HAL_TIM_IRQHandler                       0x08003b93   Thumb Code   386  stm32h7xx_hal_tim.o(i.HAL_TIM_IRQHandler)
    HAL_TIM_OC_DelayElapsedCallback          0x08003d15   Thumb Code     2  stm32h7xx_hal_tim.o(i.HAL_TIM_OC_DelayElapsedCallback)
    HAL_TIM_PWM_PulseFinishedCallback        0x08003d17   Thumb Code     2  stm32h7xx_hal_tim.o(i.HAL_TIM_PWM_PulseFinishedCallback)
    HAL_TIM_PeriodElapsedCallback            0x08003d19   Thumb Code    62  main.o(i.HAL_TIM_PeriodElapsedCallback)
    HAL_TIM_TriggerCallback                  0x08003d75   Thumb Code     2  stm32h7xx_hal_tim.o(i.HAL_TIM_TriggerCallback)
    HAL_UARTEx_DisableFifoMode               0x08003d77   Thumb Code    64  stm32h7xx_hal_uart_ex.o(i.HAL_UARTEx_DisableFifoMode)
    HAL_UARTEx_RxFifoFullCallback            0x08003db7   Thumb Code     2  stm32h7xx_hal_uart_ex.o(i.HAL_UARTEx_RxFifoFullCallback)
    HAL_UARTEx_SetRxFifoThreshold            0x08003db9   Thumb Code    76  stm32h7xx_hal_uart_ex.o(i.HAL_UARTEx_SetRxFifoThreshold)
    HAL_UARTEx_SetTxFifoThreshold            0x08003e05   Thumb Code    76  stm32h7xx_hal_uart_ex.o(i.HAL_UARTEx_SetTxFifoThreshold)
    HAL_UARTEx_TxFifoEmptyCallback           0x08003e51   Thumb Code     2  stm32h7xx_hal_uart_ex.o(i.HAL_UARTEx_TxFifoEmptyCallback)
    HAL_UARTEx_WakeupCallback                0x08003e53   Thumb Code     2  stm32h7xx_hal_uart_ex.o(i.HAL_UARTEx_WakeupCallback)
    HAL_UART_ErrorCallback                   0x08003e55   Thumb Code     2  stm32h7xx_hal_uart.o(i.HAL_UART_ErrorCallback)
    HAL_UART_IRQHandler                      0x08003e59   Thumb Code   436  stm32h7xx_hal_uart.o(i.HAL_UART_IRQHandler)
    HAL_UART_Init                            0x08004019   Thumb Code   106  stm32h7xx_hal_uart.o(i.HAL_UART_Init)
    HAL_UART_MspInit                         0x08004085   Thumb Code   832  stm32h7xx_hal_msp.o(i.HAL_UART_MspInit)
    HAL_UART_Transmit                        0x08004405   Thumb Code   190  stm32h7xx_hal_uart.o(i.HAL_UART_Transmit)
    HAL_UART_TxCpltCallback                  0x080044c3   Thumb Code     2  stm32h7xx_hal_uart.o(i.HAL_UART_TxCpltCallback)
    HardFault_Handler                        0x080044c5   Thumb Code     2  stm32h7xx_it.o(i.HardFault_Handler)
    I2C1_ER_IRQHandler                       0x080044c9   Thumb Code     6  stm32h7xx_it.o(i.I2C1_ER_IRQHandler)
    I2C1_EV_IRQHandler                       0x080044d5   Thumb Code     6  stm32h7xx_it.o(i.I2C1_EV_IRQHandler)
    IMU_adjust_mac_address                   0x08004bf3   Thumb Code    20  imu_com.o(i.IMU_adjust_mac_address)
    IMU_change_dataformat                    0x08004c07   Thumb Code    16  imu_com.o(i.IMU_change_dataformat)
    IMU_change_sampling_frequency            0x08004c17   Thumb Code    16  imu_com.o(i.IMU_change_sampling_frequency)
    IMU_connect                              0x08004c27   Thumb Code    12  imu_com.o(i.IMU_connect)
    IMU_disconnect                           0x08004c33   Thumb Code     6  imu_com.o(i.IMU_disconnect)
    IMU_get_battery_voltage                  0x08004c39   Thumb Code     8  imu_com.o(i.IMU_get_battery_voltage)
    IMU_get_change_sync_time                 0x08004c41   Thumb Code    26  imu_com.o(i.IMU_get_change_sync_time)
    IMU_get_software_version                 0x08004c5b   Thumb Code     8  imu_com.o(i.IMU_get_software_version)
    IMU_get_status                           0x08004c63   Thumb Code     8  imu_com.o(i.IMU_get_status)
    IMU_get_sync_time                        0x08004c6d   Thumb Code    48  imu_com.o(i.IMU_get_sync_time)
    IMU_get_systicks                         0x08004ca1   Thumb Code     8  imu_com.o(i.IMU_get_systicks)
    IMU_go_to_sleep                          0x08004ca9   Thumb Code     8  imu_com.o(i.IMU_go_to_sleep)
    IMU_reset_previous_connected_modules_array 0x08004cb1   Thumb Code    22  imu_com.o(i.IMU_reset_previous_connected_modules_array)
    IMU_send_adv_msg                         0x08004ccd   Thumb Code    10  imu_com.o(i.IMU_send_adv_msg)
    IMU_send_adv_msg_wrong                   0x08004cd7   Thumb Code    10  imu_com.o(i.IMU_send_adv_msg_wrong)
    IMU_start_calibration                    0x08004ce1   Thumb Code     8  imu_com.o(i.IMU_start_calibration)
    IMU_start_measurements                   0x08004ce9   Thumb Code    48  imu_com.o(i.IMU_start_measurements)
    IMU_start_measurements_without_sync      0x08004d1d   Thumb Code     8  imu_com.o(i.IMU_start_measurements_without_sync)
    IMU_start_synchronisation                0x08004d25   Thumb Code     8  imu_com.o(i.IMU_start_synchronisation)
    IMU_stop_measurements                    0x08004d2d   Thumb Code     8  imu_com.o(i.IMU_stop_measurements)
    IMU_sync_handler                         0x08004d35   Thumb Code   280  imu_com.o(i.IMU_sync_handler)
    IMU_sync_reset                           0x08004e71   Thumb Code     8  imu_com.o(i.IMU_sync_reset)
    IMU_synchronisation_adaptation           0x08004e7d   Thumb Code    88  imu_com.o(i.IMU_synchronisation_adaptation)
    MX_FATFS_Init                            0x08004ef5   Thumb Code    18  fatfs.o(i.MX_FATFS_Init)
    MX_GPIO_Init                             0x08004f11   Thumb Code   334  config.o(i.MX_GPIO_Init)
    MX_UART4_Init                            0x08005109   Thumb Code    64  uart_init.o(i.MX_UART4_Init)
    MX_UART5_Init                            0x08005151   Thumb Code    64  uart_init.o(i.MX_UART5_Init)
    MX_UART7_Init                            0x08005199   Thumb Code    64  uart_init.o(i.MX_UART7_Init)
    MX_UART8_Init                            0x080051e1   Thumb Code    64  uart_init.o(i.MX_UART8_Init)
    MX_USART1_UART_Init                      0x08005229   Thumb Code    64  uart_init.o(i.MX_USART1_UART_Init)
    MX_USART2_UART_Init                      0x08005271   Thumb Code    64  uart_init.o(i.MX_USART2_UART_Init)
    MX_USART3_UART_Init                      0x080052b9   Thumb Code    64  uart_init.o(i.MX_USART3_UART_Init)
    MX_USART6_UART_Init                      0x08005301   Thumb Code    64  uart_init.o(i.MX_USART6_UART_Init)
    MemManage_Handler                        0x08005349   Thumb Code     2  stm32h7xx_it.o(i.MemManage_Handler)
    NMI_Handler                              0x0800534b   Thumb Code     2  stm32h7xx_it.o(i.NMI_Handler)
    PendSV_Handler                           0x0800534d   Thumb Code     2  stm32h7xx_it.o(i.PendSV_Handler)
    RB_Init                                  0x0800534f   Thumb Code    22  uartringbuffer.o(i.RB_Init)
    RB_IsDataAvailable                       0x08005365   Thumb Code    30  uartringbuffer.o(i.RB_IsDataAvailable)
    RB_UART_ISR                              0x08005383   Thumb Code    96  uartringbuffer.o(i.RB_UART_ISR)
    RB_Uart_read                             0x080053e3   Thumb Code    50  uartringbuffer.o(i.RB_Uart_read)
    RB_Uart_write                            0x08005415   Thumb Code    54  uartringbuffer.o(i.RB_Uart_write)
    SDMMC1_IRQHandler                        0x0800568d   Thumb Code     6  stm32h7xx_it.o(i.SDMMC1_IRQHandler)
    SDMMC_CmdAppCommand                      0x08005699   Thumb Code    52  stm32h7xx_ll_sdmmc.o(i.SDMMC_CmdAppCommand)
    SDMMC_CmdAppOperCommand                  0x080056cd   Thumb Code    46  stm32h7xx_ll_sdmmc.o(i.SDMMC_CmdAppOperCommand)
    SDMMC_CmdBlockLength                     0x080056fb   Thumb Code    50  stm32h7xx_ll_sdmmc.o(i.SDMMC_CmdBlockLength)
    SDMMC_CmdBusWidth                        0x0800572d   Thumb Code    52  stm32h7xx_ll_sdmmc.o(i.SDMMC_CmdBusWidth)
    SDMMC_CmdGoIdleState                     0x08005761   Thumb Code    74  stm32h7xx_ll_sdmmc.o(i.SDMMC_CmdGoIdleState)
    SDMMC_CmdOperCond                        0x080057b5   Thumb Code   110  stm32h7xx_ll_sdmmc.o(i.SDMMC_CmdOperCond)
    SDMMC_CmdReadMultiBlock                  0x08005829   Thumb Code    52  stm32h7xx_ll_sdmmc.o(i.SDMMC_CmdReadMultiBlock)
    SDMMC_CmdReadSingleBlock                 0x0800585d   Thumb Code    52  stm32h7xx_ll_sdmmc.o(i.SDMMC_CmdReadSingleBlock)
    SDMMC_CmdSelDesel                        0x08005891   Thumb Code    50  stm32h7xx_ll_sdmmc.o(i.SDMMC_CmdSelDesel)
    SDMMC_CmdSendCID                         0x080058c3   Thumb Code    44  stm32h7xx_ll_sdmmc.o(i.SDMMC_CmdSendCID)
    SDMMC_CmdSendCSD                         0x080058ef   Thumb Code    48  stm32h7xx_ll_sdmmc.o(i.SDMMC_CmdSendCSD)
    SDMMC_CmdSendSCR                         0x0800591f   Thumb Code    50  stm32h7xx_ll_sdmmc.o(i.SDMMC_CmdSendSCR)
    SDMMC_CmdSendStatus                      0x08005951   Thumb Code    52  stm32h7xx_ll_sdmmc.o(i.SDMMC_CmdSendStatus)
    SDMMC_CmdSetRelAdd                       0x08005985   Thumb Code    50  stm32h7xx_ll_sdmmc.o(i.SDMMC_CmdSetRelAdd)
    SDMMC_CmdStatusRegister                  0x080059b7   Thumb Code    50  stm32h7xx_ll_sdmmc.o(i.SDMMC_CmdStatusRegister)
    SDMMC_CmdStopTransfer                    0x080059e9   Thumb Code    78  stm32h7xx_ll_sdmmc.o(i.SDMMC_CmdStopTransfer)
    SDMMC_CmdVoltageSwitch                   0x08005a3d   Thumb Code    50  stm32h7xx_ll_sdmmc.o(i.SDMMC_CmdVoltageSwitch)
    SDMMC_CmdWriteMultiBlock                 0x08005a6f   Thumb Code    52  stm32h7xx_ll_sdmmc.o(i.SDMMC_CmdWriteMultiBlock)
    SDMMC_CmdWriteSingleBlock                0x08005aa3   Thumb Code    52  stm32h7xx_ll_sdmmc.o(i.SDMMC_CmdWriteSingleBlock)
    SDMMC_ConfigData                         0x08005ad7   Thumb Code    38  stm32h7xx_ll_sdmmc.o(i.SDMMC_ConfigData)
    SDMMC_GetPowerState                      0x08005d49   Thumb Code     8  stm32h7xx_ll_sdmmc.o(i.SDMMC_GetPowerState)
    SDMMC_GetResponse                        0x08005d51   Thumb Code     6  stm32h7xx_ll_sdmmc.o(i.SDMMC_GetResponse)
    SDMMC_Init                               0x08005d59   Thumb Code    28  stm32h7xx_ll_sdmmc.o(i.SDMMC_Init)
    SDMMC_PowerState_ON                      0x08005d79   Thumb Code    12  stm32h7xx_ll_sdmmc.o(i.SDMMC_PowerState_ON)
    SDMMC_ReadFIFO                           0x08005d85   Thumb Code     6  stm32h7xx_ll_sdmmc.o(i.SDMMC_ReadFIFO)
    SDMMC_SendCommand                        0x08005d8d   Thumb Code    34  stm32h7xx_ll_sdmmc.o(i.SDMMC_SendCommand)
    SDMMC_WriteFIFO                          0x08005db5   Thumb Code    10  stm32h7xx_ll_sdmmc.o(i.SDMMC_WriteFIFO)
    SD_CARD_COM_check_existing_files         0x08005dc1   Thumb Code    40  sd_card_com.o(i.SD_CARD_COM_check_existing_files)
    SD_CARD_COM_close_file                   0x08005df9   Thumb Code     6  sd_card_com.o(i.SD_CARD_COM_close_file)
    SD_CARD_COM_create_new_file              0x08005e05   Thumb Code    84  sd_card_com.o(i.SD_CARD_COM_create_new_file)
    SD_CARD_COM_get_status                   0x08005eb9   Thumb Code     6  sd_card_com.o(i.SD_CARD_COM_get_status)
    SD_CARD_COM_mount                        0x08005ec5   Thumb Code    90  sd_card_com.o(i.SD_CARD_COM_mount)
    SD_CARD_COM_open_close                   0x08005f85   Thumb Code    56  sd_card_com.o(i.SD_CARD_COM_open_close)
    SD_CARD_COM_open_file                    0x08005fc1   Thumb Code    30  sd_card_com.o(i.SD_CARD_COM_open_file)
    SD_CARD_COM_save_data                    0x08005ff5   Thumb Code   328  sd_card_com.o(i.SD_CARD_COM_save_data)
    SD_CARD_COM_set_status                   0x080061b5   Thumb Code     6  sd_card_com.o(i.SD_CARD_COM_set_status)
    SD_CARD_COM_unmount                      0x080061c1   Thumb Code    38  sd_card_com.o(i.SD_CARD_COM_unmount)
    SD_CARD_available                        0x0800622d   Thumb Code    24  sd_card_com.o(i.SD_CARD_available)
    SD_initialize                            0x08006649   Thumb Code    28  sd_diskio.o(i.SD_initialize)
    SD_ioctl                                 0x08006669   Thumb Code    84  sd_diskio.o(i.SD_ioctl)
    SD_read                                  0x080066c1   Thumb Code    38  sd_diskio.o(i.SD_read)
    SD_status                                0x080066e7   Thumb Code     4  sd_diskio.o(i.SD_status)
    SD_write                                 0x080066ed   Thumb Code    38  sd_diskio.o(i.SD_write)
    SVC_Handler                              0x08006713   Thumb Code     2  stm32h7xx_it.o(i.SVC_Handler)
    SysTick_Handler                          0x08006715   Thumb Code     4  stm32h7xx_it.o(i.SysTick_Handler)
    SystemClock_Config                       0x08006719   Thumb Code   188  config.o(i.SystemClock_Config)
    SystemInit                               0x080067e1   Thumb Code   134  system_stm32h7xx.o(i.SystemInit)
    TIM2_IRQHandler                          0x0800687d   Thumb Code     6  stm32h7xx_it.o(i.TIM2_IRQHandler)
    TIM_Base_SetConfig                       0x08006889   Thumb Code   162  stm32h7xx_hal_tim.o(i.TIM_Base_SetConfig)
    TIM_ETR_SetConfig                        0x0800694d   Thumb Code    18  stm32h7xx_hal_tim.o(i.TIM_ETR_SetConfig)
    UART4_IRQHandler                         0x080069bd   Thumb Code     6  stm32h7xx_it.o(i.UART4_IRQHandler)
    UART5_IRQHandler                         0x080069c9   Thumb Code     6  stm32h7xx_it.o(i.UART5_IRQHandler)
    UART7_IRQHandler                         0x080069d5   Thumb Code     6  stm32h7xx_it.o(i.UART7_IRQHandler)
    UART8_IRQHandler                         0x080069e1   Thumb Code     6  stm32h7xx_it.o(i.UART8_IRQHandler)
    UART_AdvFeatureConfig                    0x08006a51   Thumb Code   200  stm32h7xx_hal_uart.o(i.UART_AdvFeatureConfig)
    UART_COM_print                           0x08006b19   Thumb Code    62  uart_com.o(i.UART_COM_print)
    UART_COM_print_buffer_hex                0x08006b57   Thumb Code   108  uart_com.o(i.UART_COM_print_buffer_hex)
    UART_COM_print_ln                        0x08006bc3   Thumb Code    68  uart_com.o(i.UART_COM_print_ln)
    UART_COM_read                            0x08006c07   Thumb Code     4  uart_com.o(i.UART_COM_read)
    UART_COM_write                           0x08006c0b   Thumb Code    32  uart_com.o(i.UART_COM_write)
    UART_CheckIdleState                      0x08006c2b   Thumb Code    94  stm32h7xx_hal_uart.o(i.UART_CheckIdleState)
    UART_ISR_Manager                         0x08006cc5   Thumb Code   170  uartringbuffermanager.o(i.UART_ISR_Manager)
    UART_IsDataAvailable                     0x08006db1   Thumb Code    88  uartringbuffermanager.o(i.UART_IsDataAvailable)
    UART_Read                                0x08006e49   Thumb Code    88  uartringbuffermanager.o(i.UART_Read)
    UART_Ringbuffer_Init                     0x08006ee1   Thumb Code     4  uartringbuffermanager.o(i.UART_Ringbuffer_Init)
    UART_SetConfig                           0x08006ee5   Thumb Code  3084  stm32h7xx_hal_uart.o(i.UART_SetConfig)
    UART_WaitOnFlagUntilTimeout              0x08007af5   Thumb Code   164  stm32h7xx_hal_uart.o(i.UART_WaitOnFlagUntilTimeout)
    UART_Write                               0x08007b99   Thumb Code   156  uartringbuffermanager.o(i.UART_Write)
    USART1_IRQHandler                        0x08007c75   Thumb Code     6  stm32h7xx_it.o(i.USART1_IRQHandler)
    USART2_IRQHandler                        0x08007c81   Thumb Code     6  stm32h7xx_it.o(i.USART2_IRQHandler)
    USART3_IRQHandler                        0x08007c8d   Thumb Code     6  stm32h7xx_it.o(i.USART3_IRQHandler)
    USART6_IRQHandler                        0x08007c99   Thumb Code     6  stm32h7xx_it.o(i.USART6_IRQHandler)
    USB_COM_change_frequency_menu            0x08007ca5   Thumb Code    60  usb_com.o(i.USB_COM_change_frequency_menu)
    USB_COM_check_rx_buffer                  0x08007dd5   Thumb Code   826  usb_com.o(i.USB_COM_check_rx_buffer)
    USB_COM_print                            0x08008269   Thumb Code     8  usb_com.o(i.USB_COM_print)
    USB_COM_print_buffer_hex                 0x08008275   Thumb Code    10  usb_com.o(i.USB_COM_print_buffer_hex)
    USB_COM_print_buffer_mac_address         0x08008285   Thumb Code    26  usb_com.o(i.USB_COM_print_buffer_mac_address)
    USB_COM_print_info                       0x080082b1   Thumb Code    24  usb_com.o(i.USB_COM_print_info)
    USB_COM_print_ln                         0x080082cd   Thumb Code     8  usb_com.o(i.USB_COM_print_ln)
    USB_COM_show_menu                        0x080082d9   Thumb Code  1298  usb_com.o(i.USB_COM_show_menu)
    UsageFault_Handler                       0x080087f1   Thumb Code     2  stm32h7xx_it.o(i.UsageFault_Handler)
    __0sprintf                               0x080087f5   Thumb Code    34  printfa.o(i.__0sprintf)
    __1sprintf                               0x080087f5   Thumb Code     0  printfa.o(i.__0sprintf)
    __2sprintf                               0x080087f5   Thumb Code     0  printfa.o(i.__0sprintf)
    __c89sprintf                             0x080087f5   Thumb Code     0  printfa.o(i.__0sprintf)
    sprintf                                  0x080087f5   Thumb Code     0  printfa.o(i.__0sprintf)
    __scatterload_copy                       0x0800883f   Thumb Code    14  handlers.o(i.__scatterload_copy)
    __scatterload_null                       0x0800884d   Thumb Code     2  handlers.o(i.__scatterload_null)
    __scatterload_zeroinit                   0x0800884f   Thumb Code    14  handlers.o(i.__scatterload_zeroinit)
    disk_initialize                          0x08009669   Thumb Code    34  diskio.o(i.disk_initialize)
    disk_ioctl                               0x08009691   Thumb Code    20  diskio.o(i.disk_ioctl)
    disk_read                                0x080096a9   Thumb Code    22  diskio.o(i.disk_read)
    disk_status                              0x080096c5   Thumb Code    16  diskio.o(i.disk_status)
    disk_write                               0x080096d9   Thumb Code    22  diskio.o(i.disk_write)
    f_close                                  0x080096f5   Thumb Code    40  ff.o(i.f_close)
    f_mount                                  0x0800971d   Thumb Code    84  ff.o(i.f_mount)
    f_open                                   0x08009775   Thumb Code   522  ff.o(i.f_open)
    f_printf                                 0x08009985   Thumb Code   464  ff.o(i.f_printf)
    f_sync                                   0x08009b55   Thumb Code   142  ff.o(i.f_sync)
    f_write                                  0x08009be3   Thumb Code   396  ff.o(i.f_write)
    free                                     0x0800a03d   Thumb Code    76  malloc.o(i.free)
    get_fattime                              0x0800a14b   Thumb Code     4  fatfs.o(i.get_fattime)
    main                                     0x0800a275   Thumb Code   204  main.o(i.main)
    malloc                                   0x0800a36d   Thumb Code    92  malloc.o(i.malloc)
    store_char                               0x0800af9d   Thumb Code    40  uartringbuffer.o(i.store_char)
    SD_Driver                                0x0800b0d4   Data          20  sd_diskio.o(.constdata)
    D1CorePrescTable                         0x0800b0e8   Data          16  system_stm32h7xx.o(.constdata)
    Region$$Table$$Base                      0x0800b464   Number         0  anon$$obj.o(Region$$Table)
    Region$$Table$$Limit                     0x0800b484   Number         0  anon$$obj.o(Region$$Table)
    gpio_buf_IC5                             0x20000000   Data           1  main.o(.data)
    imu_1                                    0x20000004   Data          32  main.o(.data)
    imu_2                                    0x20000024   Data          32  main.o(.data)
    imu_3                                    0x20000044   Data          32  main.o(.data)
    imu_4                                    0x20000064   Data          32  main.o(.data)
    imu_array                                0x20000084   Data          24  main.o(.data)
    imu_5                                    0x2000009c   Data          32  main.o(.data)
    imu_6                                    0x200000bc   Data          32  main.o(.data)
    retSD                                    0x200000dd   Data           1  fatfs.o(.data)
    SDPath                                   0x200000de   Data           4  fatfs.o(.data)
    previous_command                         0x200000e4   Data           1  usb_com.o(.data)
    sync_enable                              0x200000e5   Data           1  usb_com.o(.data)
    last_sync_started_time                   0x200000e8   Data           4  usb_com.o(.data)
    imu                                      0x200000ec   Data           4  usb_com.o(.data)
    previous_connected_modules               0x200000f0   Data           6  usb_com.o(.data)
    state                                    0x200000f6   Data           1  imu_com.o(.data)
    wait_time                                0x200000f7   Data           1  imu_com.o(.data)
    sd_card_ready                            0x200000f8   Data           1  sd_card_com.o(.data)
    file_nummer                              0x200000fa   Data           2  sd_card_com.o(.data)
    uwTickFreq                               0x200000fc   Data           1  stm32h7xx_hal.o(.data)
    uwTickPrio                               0x20000100   Data           4  stm32h7xx_hal.o(.data)
    uwTick                                   0x20000104   Data           4  stm32h7xx_hal.o(.data)
    SystemCoreClock                          0x20000108   Data           4  system_stm32h7xx.o(.data)
    SystemD2Clock                            0x2000010c   Data           4  system_stm32h7xx.o(.data)
    __microlib_freelist                      0x20000118   Data           4  mvars.o(.data)
    __microlib_freelist_initialised          0x2000011c   Data           4  mvars.o(.data)
    myFATAFS                                 0x20000120   Data         560  main.o(.bss)
    uart4_buffer                             0x20000350   Data         262  main.o(.bss)
    uart6_buffer                             0x20000456   Data         262  main.o(.bss)
    uart7_buffer                             0x2000055c   Data         262  main.o(.bss)
    uart8_buffer                             0x20000662   Data         262  main.o(.bss)
    hi2c1                                    0x20000768   Data          76  main.o(.bss)
    htim2                                    0x200007b4   Data          64  main.o(.bss)
    huart4                                   0x200007f4   Data         140  main.o(.bss)
    huart5                                   0x20000880   Data         140  main.o(.bss)
    huart7                                   0x2000090c   Data         140  main.o(.bss)
    huart8                                   0x20000998   Data         140  main.o(.bss)
    huart6                                   0x20000a24   Data         140  main.o(.bss)
    sd_card_buffer                           0x20000ab0   Data         200  main.o(.bss)
    data                                     0x20000b78   Data          20  main.o(.bss)
    myFILE                                   0x20000b8c   Data         560  main.o(.bss)
    huart1                                   0x20000dbc   Data         140  main.o(.bss)
    huart2                                   0x20000e48   Data         140  main.o(.bss)
    huart3                                   0x20000ed4   Data         140  main.o(.bss)
    huart1_rx_buffer                         0x20000f60   Data        2008  uartringbuffermanager.o(.bss)
    huart1_tx_buffer                         0x20001738   Data        2008  uartringbuffermanager.o(.bss)
    huart2_rx_buffer                         0x20001f10   Data        2008  uartringbuffermanager.o(.bss)
    huart2_tx_buffer                         0x200026e8   Data        2008  uartringbuffermanager.o(.bss)
    huart3_rx_buffer                         0x20002ec0   Data        2008  uartringbuffermanager.o(.bss)
    huart3_tx_buffer                         0x20003698   Data        2008  uartringbuffermanager.o(.bss)
    huart4_rx_buffer                         0x20003e70   Data        2008  uartringbuffermanager.o(.bss)
    huart4_tx_buffer                         0x20004648   Data        2008  uartringbuffermanager.o(.bss)
    huart5_rx_buffer                         0x20004e20   Data        2008  uartringbuffermanager.o(.bss)
    huart5_tx_buffer                         0x200055f8   Data        2008  uartringbuffermanager.o(.bss)
    huart6_rx_buffer                         0x20005dd0   Data        2008  uartringbuffermanager.o(.bss)
    huart6_tx_buffer                         0x200065a8   Data        2008  uartringbuffermanager.o(.bss)
    huart7_rx_buffer                         0x20006d80   Data        2008  uartringbuffermanager.o(.bss)
    huart7_tx_buffer                         0x20007558   Data        2008  uartringbuffermanager.o(.bss)
    huart8_rx_buffer                         0x20007d30   Data        2008  uartringbuffermanager.o(.bss)
    huart8_tx_buffer                         0x20008508   Data        2008  uartringbuffermanager.o(.bss)
    hsd1                                     0x20008ce0   Data         128  sd_card_com.o(.bss)
    disk                                     0x20008d80   Data          12  ff_gen_drv.o(.bss)
    __heap_base                              0x20008d90   Data           0  startup_stm32h743xx.o(HEAP)
    __heap_limit                             0x2000ad90   Data           0  startup_stm32h743xx.o(HEAP)
    __initial_sp                             0x2000ed90   Data           0  startup_stm32h743xx.o(STACK)



==============================================================================

Memory Map of the image

  Image Entry point : 0x08000299

  Load Region LR_IROM1 (Base: 0x08000000, Size: 0x0000b5a4, Max: 0x00200000, ABSOLUTE)

    Execution Region ER_IROM1 (Exec base: 0x08000000, Load base: 0x08000000, Size: 0x0000b484, Max: 0x00200000, ABSOLUTE)

    Exec Addr    Load Addr    Size         Type   Attr      Idx    E Section Name        Object

    0x08000000   0x08000000   0x00000298   Data   RO            3    RESET               startup_stm32h743xx.o
    0x08000298   0x08000298   0x00000000   Code   RO         6513  * .ARM.Collect$$$$00000000  mc_w.l(entry.o)
    0x08000298   0x08000298   0x00000004   Code   RO         6811    .ARM.Collect$$$$00000001  mc_w.l(entry2.o)
    0x0800029c   0x0800029c   0x00000004   Code   RO         6814    .ARM.Collect$$$$00000004  mc_w.l(entry5.o)
    0x080002a0   0x080002a0   0x00000000   Code   RO         6816    .ARM.Collect$$$$00000008  mc_w.l(entry7b.o)
    0x080002a0   0x080002a0   0x00000000   Code   RO         6818    .ARM.Collect$$$$0000000A  mc_w.l(entry8b.o)
    0x080002a0   0x080002a0   0x00000008   Code   RO         6819    .ARM.Collect$$$$0000000B  mc_w.l(entry9a.o)
    0x080002a8   0x080002a8   0x00000004   Code   RO         6826    .ARM.Collect$$$$0000000E  mc_w.l(entry12b.o)
    0x080002ac   0x080002ac   0x00000000   Code   RO         6821    .ARM.Collect$$$$0000000F  mc_w.l(entry10a.o)
    0x080002ac   0x080002ac   0x00000000   Code   RO         6823    .ARM.Collect$$$$00000011  mc_w.l(entry11a.o)
    0x080002ac   0x080002ac   0x00000004   Code   RO         6812    .ARM.Collect$$$$00002712  mc_w.l(entry2.o)
    0x080002b0   0x080002b0   0x00000024   Code   RO            4    .text               startup_stm32h743xx.o
    0x080002d4   0x080002d4   0x00000062   Code   RO         6516    .text               mc_w.l(uldiv.o)
    0x08000336   0x08000336   0x00000024   Code   RO         6518    .text               mc_w.l(memseta.o)
    0x0800035a   0x0800035a   0x0000000e   Code   RO         6520    .text               mc_w.l(strlen.o)
    0x08000368   0x08000368   0x0000002c   Code   RO         6830    .text               mc_w.l(uidiv.o)
    0x08000394   0x08000394   0x0000001e   Code   RO         6832    .text               mc_w.l(llshl.o)
    0x080003b2   0x080003b2   0x00000020   Code   RO         6834    .text               mc_w.l(llushr.o)
    0x080003d2   0x080003d2   0x00000000   Code   RO         6842    .text               mc_w.l(iusefp.o)
    0x080003d2   0x080003d2   0x0000014e   Code   RO         6843    .text               mf_w.l(dadd.o)
    0x08000520   0x08000520   0x000000e4   Code   RO         6845    .text               mf_w.l(dmul.o)
    0x08000604   0x08000604   0x000000de   Code   RO         6847    .text               mf_w.l(ddiv.o)
    0x080006e2   0x080006e2   0x00000030   Code   RO         6849    .text               mf_w.l(dfixul.o)
    0x08000712   0x08000712   0x00000002   PAD
    0x08000714   0x08000714   0x00000030   Code   RO         6851    .text               mf_w.l(cdrcmple.o)
    0x08000744   0x08000744   0x00000024   Code   RO         6853    .text               mc_w.l(init.o)
    0x08000768   0x08000768   0x00000024   Code   RO         6856    .text               mc_w.l(llsshr.o)
    0x0800078c   0x0800078c   0x000000ba   Code   RO         6859    .text               mf_w.l(depilogue.o)
    0x08000846   0x08000846   0x00000002   PAD
    0x08000848   0x08000848   0x00000018   Code   RO          546    i.BSP_PlatformIsDetected  fatfs_platform.o
    0x08000860   0x08000860   0x0000000c   Code   RO          353    i.BSP_SD_GetCardInfo  bsp_driver_sd.o
    0x0800086c   0x0800086c   0x00000018   Code   RO          354    i.BSP_SD_GetCardState  bsp_driver_sd.o
    0x08000884   0x08000884   0x00000030   Code   RO          356    i.BSP_SD_Init       bsp_driver_sd.o
    0x080008b4   0x080008b4   0x0000001a   Code   RO          357    i.BSP_SD_IsDetected  bsp_driver_sd.o
    0x080008ce   0x080008ce   0x00000002   PAD
    0x080008d0   0x080008d0   0x00000020   Code   RO          358    i.BSP_SD_ReadBlocks  bsp_driver_sd.o
    0x080008f0   0x080008f0   0x00000020   Code   RO          361    i.BSP_SD_WriteBlocks  bsp_driver_sd.o
    0x08000910   0x08000910   0x00000018   Code   RO         1321    i.BT_calculateCS    proteusii_driver.o
    0x08000928   0x08000928   0x00000020   Code   RO         1324    i.BT_connect        proteusii_driver.o
    0x08000948   0x08000948   0x00000006   Code   RO         1325    i.BT_disconnect     proteusii_driver.o
    0x0800094e   0x0800094e   0x00000002   PAD
    0x08000950   0x08000950   0x000000d8   Code   RO          176    i.BT_read_ringbuffer_pakket  main.o
    0x08000a28   0x08000a28   0x0000000a   Code   RO         1331    i.BT_transmitData   proteusii_driver.o
    0x08000a32   0x08000a32   0x0000000c   Code   RO         1332    i.BT_transmitMsg_CMD  proteusii_driver.o
    0x08000a3e   0x08000a3e   0x0000003e   Code   RO         1333    i.BT_transmitMsg_CMD_Data  proteusii_driver.o
    0x08000a7c   0x08000a7c   0x00000030   Code   RO         1334    i.BT_transmit_CMD   proteusii_driver.o
    0x08000aac   0x08000aac   0x00000036   Code   RO         1335    i.BT_transmit_CMD_Byte  proteusii_driver.o
    0x08000ae2   0x08000ae2   0x00000054   Code   RO         1336    i.BT_transmit_CMD_Bytes  proteusii_driver.o
    0x08000b36   0x08000b36   0x00000002   Code   RO          570    i.BusFault_Handler  stm32h7xx_it.o
    0x08000b38   0x08000b38   0x00000002   Code   RO          571    i.DebugMon_Handler  stm32h7xx_it.o
    0x08000b3a   0x08000b3a   0x00000006   Code   RO          572    i.EXTI2_IRQHandler  stm32h7xx_it.o
    0x08000b40   0x08000b40   0x00000006   Code   RO          573    i.EXTI9_5_IRQHandler  stm32h7xx_it.o
    0x08000b46   0x08000b46   0x00000002   Code   RO          177    i.Error_Handler     main.o
    0x08000b48   0x08000b48   0x00000006   Code   RO         6442    i.FATFS_LinkDriver  ff_gen_drv.o
    0x08000b4e   0x08000b4e   0x00000002   PAD
    0x08000b50   0x08000b50   0x00000040   Code   RO         6443    i.FATFS_LinkDriverEx  ff_gen_drv.o
    0x08000b90   0x08000b90   0x00000006   Code   RO         6444    i.FATFS_UnLinkDriver  ff_gen_drv.o
    0x08000b96   0x08000b96   0x00000002   PAD
    0x08000b98   0x08000b98   0x00000034   Code   RO         6445    i.FATFS_UnLinkDriverEx  ff_gen_drv.o
    0x08000bcc   0x08000bcc   0x00000284   Code   RO         2324    i.HAL_DMA_Abort_IT  stm32h7xx_hal_dma.o
    0x08000e50   0x08000e50   0x00000024   Code   RO         3032    i.HAL_Delay         stm32h7xx_hal.o
    0x08000e74   0x08000e74   0x00000040   Code   RO          178    i.HAL_GPIO_EXTI_Callback  main.o
    0x08000eb4   0x08000eb4   0x00000018   Code   RO         2170    i.HAL_GPIO_EXTI_IRQHandler  stm32h7xx_hal_gpio.o
    0x08000ecc   0x08000ecc   0x000001fc   Code   RO         2171    i.HAL_GPIO_Init     stm32h7xx_hal_gpio.o
    0x080010c8   0x080010c8   0x0000000a   Code   RO         2173    i.HAL_GPIO_ReadPin  stm32h7xx_hal_gpio.o
    0x080010d2   0x080010d2   0x0000000e   Code   RO         2174    i.HAL_GPIO_TogglePin  stm32h7xx_hal_gpio.o
    0x080010e0   0x080010e0   0x0000000a   Code   RO         2175    i.HAL_GPIO_WritePin  stm32h7xx_hal_gpio.o
    0x080010ea   0x080010ea   0x00000002   PAD
    0x080010ec   0x080010ec   0x0000000c   Code   RO         3047    i.HAL_GetREVID      stm32h7xx_hal.o
    0x080010f8   0x080010f8   0x0000000c   Code   RO         3048    i.HAL_GetTick       stm32h7xx_hal.o
    0x08001104   0x08001104   0x00000058   Code   RO         3818    i.HAL_I2CEx_ConfigAnalogFilter  stm32h7xx_hal_i2c_ex.o
    0x0800115c   0x0800115c   0x00000054   Code   RO         3819    i.HAL_I2CEx_ConfigDigitalFilter  stm32h7xx_hal_i2c_ex.o
    0x080011b0   0x080011b0   0x00000002   Code   RO         3361    i.HAL_I2C_AbortCpltCallback  stm32h7xx_hal_i2c.o
    0x080011b2   0x080011b2   0x00000002   Code   RO         3362    i.HAL_I2C_AddrCallback  stm32h7xx_hal_i2c.o
    0x080011b4   0x080011b4   0x00000068   Code   RO         3365    i.HAL_I2C_ER_IRQHandler  stm32h7xx_hal_i2c.o
    0x0800121c   0x0800121c   0x00000010   Code   RO         3366    i.HAL_I2C_EV_IRQHandler  stm32h7xx_hal_i2c.o
    0x0800122c   0x0800122c   0x00000002   Code   RO         3368    i.HAL_I2C_ErrorCallback  stm32h7xx_hal_i2c.o
    0x0800122e   0x0800122e   0x00000002   PAD
    0x08001230   0x08001230   0x000000b8   Code   RO         3372    i.HAL_I2C_Init      stm32h7xx_hal_i2c.o
    0x080012e8   0x080012e8   0x00000002   Code   RO         3374    i.HAL_I2C_ListenCpltCallback  stm32h7xx_hal_i2c.o
    0x080012ea   0x080012ea   0x00000002   PAD
    0x080012ec   0x080012ec   0x00000124   Code   RO         3385    i.HAL_I2C_Master_Transmit  stm32h7xx_hal_i2c.o
    0x08001410   0x08001410   0x00000088   Code   RO          731    i.HAL_I2C_MspInit   stm32h7xx_hal_msp.o
    0x08001498   0x08001498   0x00000002   Code   RO         3398    i.HAL_I2C_SlaveRxCpltCallback  stm32h7xx_hal_i2c.o
    0x0800149a   0x0800149a   0x00000002   Code   RO         3399    i.HAL_I2C_SlaveTxCpltCallback  stm32h7xx_hal_i2c.o
    0x0800149c   0x0800149c   0x00000010   Code   RO         3054    i.HAL_IncTick       stm32h7xx_hal.o
    0x080014ac   0x080014ac   0x00000058   Code   RO         3055    i.HAL_Init          stm32h7xx_hal.o
    0x08001504   0x08001504   0x00000040   Code   RO         3056    i.HAL_InitTick      stm32h7xx_hal.o
    0x08001544   0x08001544   0x0000001c   Code   RO          732    i.HAL_MspInit       stm32h7xx_hal_msp.o
    0x08001560   0x08001560   0x0000001a   Code   RO         1559    i.HAL_NVIC_EnableIRQ  stm32h7xx_hal_cortex.o
    0x0800157a   0x0800157a   0x00000002   PAD
    0x0800157c   0x0800157c   0x00000040   Code   RO         1565    i.HAL_NVIC_SetPriority  stm32h7xx_hal_cortex.o
    0x080015bc   0x080015bc   0x00000024   Code   RO         1566    i.HAL_NVIC_SetPriorityGrouping  stm32h7xx_hal_cortex.o
    0x080015e0   0x080015e0   0x00000054   Code   RO         2772    i.HAL_PWREx_ConfigSupply  stm32h7xx_hal_pwr_ex.o
    0x08001634   0x08001634   0x0000002c   Code   RO         1808    i.HAL_RCCEx_GetD1SysClockFreq  stm32h7xx_hal_rcc_ex.o
    0x08001660   0x08001660   0x00000024   Code   RO         1809    i.HAL_RCCEx_GetD3PCLK1Freq  stm32h7xx_hal_rcc_ex.o
    0x08001684   0x08001684   0x00000144   Code   RO         1810    i.HAL_RCCEx_GetPLL1ClockFreq  stm32h7xx_hal_rcc_ex.o
    0x080017c8   0x080017c8   0x00000144   Code   RO         1811    i.HAL_RCCEx_GetPLL2ClockFreq  stm32h7xx_hal_rcc_ex.o
    0x0800190c   0x0800190c   0x00000144   Code   RO         1812    i.HAL_RCCEx_GetPLL3ClockFreq  stm32h7xx_hal_rcc_ex.o
    0x08001a50   0x08001a50   0x000001dc   Code   RO         1814    i.HAL_RCCEx_GetPeriphCLKFreq  stm32h7xx_hal_rcc_ex.o
    0x08001c2c   0x08001c2c   0x0000089c   Code   RO         1816    i.HAL_RCCEx_PeriphCLKConfig  stm32h7xx_hal_rcc_ex.o
    0x080024c8   0x080024c8   0x00000244   Code   RO         1695    i.HAL_RCC_ClockConfig  stm32h7xx_hal_rcc.o
    0x0800270c   0x0800270c   0x0000002c   Code   RO         1700    i.HAL_RCC_GetHCLKFreq  stm32h7xx_hal_rcc.o
    0x08002738   0x08002738   0x00000024   Code   RO         1702    i.HAL_RCC_GetPCLK1Freq  stm32h7xx_hal_rcc.o
    0x0800275c   0x0800275c   0x00000024   Code   RO         1703    i.HAL_RCC_GetPCLK2Freq  stm32h7xx_hal_rcc.o
    0x08002780   0x08002780   0x00000138   Code   RO         1704    i.HAL_RCC_GetSysClockFreq  stm32h7xx_hal_rcc.o
    0x080028b8   0x080028b8   0x000004ea   Code   RO         1707    i.HAL_RCC_OscConfig  stm32h7xx_hal_rcc.o
    0x08002da2   0x08002da2   0x00000002   Code   RO         4262    i.HAL_SDEx_Read_DMADoubleBuf0CpltCallback  stm32h7xx_hal_sd.o
    0x08002da4   0x08002da4   0x00000002   Code   RO         4263    i.HAL_SDEx_Read_DMADoubleBuf1CpltCallback  stm32h7xx_hal_sd.o
    0x08002da6   0x08002da6   0x00000002   Code   RO         4264    i.HAL_SDEx_Write_DMADoubleBuf0CpltCallback  stm32h7xx_hal_sd.o
    0x08002da8   0x08002da8   0x00000002   Code   RO         4265    i.HAL_SDEx_Write_DMADoubleBuf1CpltCallback  stm32h7xx_hal_sd.o
    0x08002daa   0x08002daa   0x00000002   PAD
    0x08002dac   0x08002dac   0x00000114   Code   RO         4270    i.HAL_SD_ConfigWideBusOperation  stm32h7xx_hal_sd.o
    0x08002ec0   0x08002ec0   0x00000002   Code   RO         4272    i.HAL_SD_DriveTransceiver_1_8V_Callback  stm32h7xx_hal_sd.o
    0x08002ec2   0x08002ec2   0x00000002   Code   RO         4274    i.HAL_SD_ErrorCallback  stm32h7xx_hal_sd.o
    0x08002ec4   0x08002ec4   0x000001bc   Code   RO         4276    i.HAL_SD_GetCardCSD  stm32h7xx_hal_sd.o
    0x08003080   0x08003080   0x00000024   Code   RO         4277    i.HAL_SD_GetCardInfo  stm32h7xx_hal_sd.o
    0x080030a4   0x080030a4   0x0000002c   Code   RO         4278    i.HAL_SD_GetCardState  stm32h7xx_hal_sd.o
    0x080030d0   0x080030d0   0x0000009c   Code   RO         4279    i.HAL_SD_GetCardStatus  stm32h7xx_hal_sd.o
    0x0800316c   0x0800316c   0x00000240   Code   RO         4282    i.HAL_SD_IRQHandler  stm32h7xx_hal_sd.o
    0x080033ac   0x080033ac   0x000000a2   Code   RO         4283    i.HAL_SD_Init       stm32h7xx_hal_sd.o
    0x0800344e   0x0800344e   0x00000002   PAD
    0x08003450   0x08003450   0x00000080   Code   RO         4284    i.HAL_SD_InitCard   stm32h7xx_hal_sd.o
    0x080034d0   0x080034d0   0x00000098   Code   RO          734    i.HAL_SD_MspInit    stm32h7xx_hal_msp.o
    0x08003568   0x08003568   0x000001d4   Code   RO         4287    i.HAL_SD_ReadBlocks  stm32h7xx_hal_sd.o
    0x0800373c   0x0800373c   0x00000002   Code   RO         4290    i.HAL_SD_RxCpltCallback  stm32h7xx_hal_sd.o
    0x0800373e   0x0800373e   0x00000002   Code   RO         4291    i.HAL_SD_TxCpltCallback  stm32h7xx_hal_sd.o
    0x08003740   0x08003740   0x000001f8   Code   RO         4292    i.HAL_SD_WriteBlocks  stm32h7xx_hal_sd.o
    0x08003938   0x08003938   0x00000026   Code   RO         1570    i.HAL_SYSTICK_Config  stm32h7xx_hal_cortex.o
    0x0800395e   0x0800395e   0x00000002   Code   RO         5254    i.HAL_TIMEx_Break2Callback  stm32h7xx_hal_tim_ex.o
    0x08003960   0x08003960   0x00000002   Code   RO         5255    i.HAL_TIMEx_BreakCallback  stm32h7xx_hal_tim_ex.o
    0x08003962   0x08003962   0x00000002   Code   RO         5256    i.HAL_TIMEx_CommutCallback  stm32h7xx_hal_tim_ex.o
    0x08003964   0x08003964   0x00000098   Code   RO         5275    i.HAL_TIMEx_MasterConfigSynchronization  stm32h7xx_hal_tim_ex.o
    0x080039fc   0x080039fc   0x00000036   Code   RO         4557    i.HAL_TIM_Base_Init  stm32h7xx_hal_tim.o
    0x08003a32   0x08003a32   0x00000002   PAD
    0x08003a34   0x08003a34   0x00000038   Code   RO          736    i.HAL_TIM_Base_MspInit  stm32h7xx_hal_msp.o
    0x08003a6c   0x08003a6c   0x0000002c   Code   RO         4562    i.HAL_TIM_Base_Start_IT  stm32h7xx_hal_tim.o
    0x08003a98   0x08003a98   0x000000f8   Code   RO         4566    i.HAL_TIM_ConfigClockSource  stm32h7xx_hal_tim.o
    0x08003b90   0x08003b90   0x00000002   Code   RO         4588    i.HAL_TIM_IC_CaptureCallback  stm32h7xx_hal_tim.o
    0x08003b92   0x08003b92   0x00000182   Code   RO         4602    i.HAL_TIM_IRQHandler  stm32h7xx_hal_tim.o
    0x08003d14   0x08003d14   0x00000002   Code   RO         4605    i.HAL_TIM_OC_DelayElapsedCallback  stm32h7xx_hal_tim.o
    0x08003d16   0x08003d16   0x00000002   Code   RO         4632    i.HAL_TIM_PWM_PulseFinishedCallback  stm32h7xx_hal_tim.o
    0x08003d18   0x08003d18   0x0000005c   Code   RO          179    i.HAL_TIM_PeriodElapsedCallback  main.o
    0x08003d74   0x08003d74   0x00000002   Code   RO         4645    i.HAL_TIM_TriggerCallback  stm32h7xx_hal_tim.o
    0x08003d76   0x08003d76   0x00000040   Code   RO         5925    i.HAL_UARTEx_DisableFifoMode  stm32h7xx_hal_uart_ex.o
    0x08003db6   0x08003db6   0x00000002   Code   RO         5929    i.HAL_UARTEx_RxFifoFullCallback  stm32h7xx_hal_uart_ex.o
    0x08003db8   0x08003db8   0x0000004c   Code   RO         5930    i.HAL_UARTEx_SetRxFifoThreshold  stm32h7xx_hal_uart_ex.o
    0x08003e04   0x08003e04   0x0000004c   Code   RO         5931    i.HAL_UARTEx_SetTxFifoThreshold  stm32h7xx_hal_uart_ex.o
    0x08003e50   0x08003e50   0x00000002   Code   RO         5933    i.HAL_UARTEx_TxFifoEmptyCallback  stm32h7xx_hal_uart_ex.o
    0x08003e52   0x08003e52   0x00000002   Code   RO         5934    i.HAL_UARTEx_WakeupCallback  stm32h7xx_hal_uart_ex.o
    0x08003e54   0x08003e54   0x00000002   Code   RO         5553    i.HAL_UART_ErrorCallback  stm32h7xx_hal_uart.o
    0x08003e56   0x08003e56   0x00000002   PAD
    0x08003e58   0x08003e58   0x000001c0   Code   RO         5556    i.HAL_UART_IRQHandler  stm32h7xx_hal_uart.o
    0x08004018   0x08004018   0x0000006a   Code   RO         5557    i.HAL_UART_Init     stm32h7xx_hal_uart.o
    0x08004082   0x08004082   0x00000002   PAD
    0x08004084   0x08004084   0x00000380   Code   RO          738    i.HAL_UART_MspInit  stm32h7xx_hal_msp.o
    0x08004404   0x08004404   0x000000be   Code   RO         5566    i.HAL_UART_Transmit  stm32h7xx_hal_uart.o
    0x080044c2   0x080044c2   0x00000002   Code   RO         5569    i.HAL_UART_TxCpltCallback  stm32h7xx_hal_uart.o
    0x080044c4   0x080044c4   0x00000002   Code   RO          574    i.HardFault_Handler  stm32h7xx_it.o
    0x080044c6   0x080044c6   0x00000002   PAD
    0x080044c8   0x080044c8   0x0000000c   Code   RO          575    i.I2C1_ER_IRQHandler  stm32h7xx_it.o
    0x080044d4   0x080044d4   0x0000000c   Code   RO          576    i.I2C1_EV_IRQHandler  stm32h7xx_it.o
    0x080044e0   0x080044e0   0x00000028   Code   RO         3411    i.I2C_DMAAbort      stm32h7xx_hal_i2c.o
    0x08004508   0x08004508   0x00000056   Code   RO         3417    i.I2C_Disable_IRQ   stm32h7xx_hal_i2c.o
    0x0800455e   0x0800455e   0x00000022   Code   RO         3419    i.I2C_Flush_TXDR    stm32h7xx_hal_i2c.o
    0x08004580   0x08004580   0x00000088   Code   RO         3420    i.I2C_ITAddrCplt    stm32h7xx_hal_i2c.o
    0x08004608   0x08004608   0x000000e0   Code   RO         3421    i.I2C_ITError       stm32h7xx_hal_i2c.o
    0x080046e8   0x080046e8   0x00000064   Code   RO         3422    i.I2C_ITListenCplt  stm32h7xx_hal_i2c.o
    0x0800474c   0x0800474c   0x00000184   Code   RO         3425    i.I2C_ITSlaveCplt   stm32h7xx_hal_i2c.o
    0x080048d0   0x080048d0   0x00000054   Code   RO         3426    i.I2C_ITSlaveSeqCplt  stm32h7xx_hal_i2c.o
    0x08004924   0x08004924   0x00000088   Code   RO         3427    i.I2C_IsAcknowledgeFailed  stm32h7xx_hal_i2c.o
    0x080049ac   0x080049ac   0x00000120   Code   RO         3433    i.I2C_Slave_ISR_IT  stm32h7xx_hal_i2c.o
    0x08004acc   0x08004acc   0x0000002c   Code   RO         3434    i.I2C_TransferConfig  stm32h7xx_hal_i2c.o
    0x08004af8   0x08004af8   0x0000005a   Code   RO         3435    i.I2C_WaitOnFlagUntilTimeout  stm32h7xx_hal_i2c.o
    0x08004b52   0x08004b52   0x0000004e   Code   RO         3437    i.I2C_WaitOnSTOPFlagUntilTimeout  stm32h7xx_hal_i2c.o
    0x08004ba0   0x08004ba0   0x00000052   Code   RO         3438    i.I2C_WaitOnTXISFlagUntilTimeout  stm32h7xx_hal_i2c.o
    0x08004bf2   0x08004bf2   0x00000014   Code   RO         1163    i.IMU_adjust_mac_address  imu_com.o
    0x08004c06   0x08004c06   0x00000010   Code   RO         1164    i.IMU_change_dataformat  imu_com.o
    0x08004c16   0x08004c16   0x00000010   Code   RO         1165    i.IMU_change_sampling_frequency  imu_com.o
    0x08004c26   0x08004c26   0x0000000c   Code   RO         1166    i.IMU_connect       imu_com.o
    0x08004c32   0x08004c32   0x00000006   Code   RO         1167    i.IMU_disconnect    imu_com.o
    0x08004c38   0x08004c38   0x00000008   Code   RO         1168    i.IMU_get_battery_voltage  imu_com.o
    0x08004c40   0x08004c40   0x0000001a   Code   RO         1169    i.IMU_get_change_sync_time  imu_com.o
    0x08004c5a   0x08004c5a   0x00000008   Code   RO         1170    i.IMU_get_software_version  imu_com.o
    0x08004c62   0x08004c62   0x00000008   Code   RO         1171    i.IMU_get_status    imu_com.o
    0x08004c6a   0x08004c6a   0x00000002   PAD
    0x08004c6c   0x08004c6c   0x00000034   Code   RO         1172    i.IMU_get_sync_time  imu_com.o
    0x08004ca0   0x08004ca0   0x00000008   Code   RO         1173    i.IMU_get_systicks  imu_com.o
    0x08004ca8   0x08004ca8   0x00000008   Code   RO         1174    i.IMU_go_to_sleep   imu_com.o
    0x08004cb0   0x08004cb0   0x0000001c   Code   RO         1175    i.IMU_reset_previous_connected_modules_array  imu_com.o
    0x08004ccc   0x08004ccc   0x0000000a   Code   RO         1176    i.IMU_send_adv_msg  imu_com.o
    0x08004cd6   0x08004cd6   0x0000000a   Code   RO         1177    i.IMU_send_adv_msg_wrong  imu_com.o
    0x08004ce0   0x08004ce0   0x00000008   Code   RO         1178    i.IMU_start_calibration  imu_com.o
    0x08004ce8   0x08004ce8   0x00000034   Code   RO         1179    i.IMU_start_measurements  imu_com.o
    0x08004d1c   0x08004d1c   0x00000008   Code   RO         1180    i.IMU_start_measurements_without_sync  imu_com.o
    0x08004d24   0x08004d24   0x00000008   Code   RO         1181    i.IMU_start_synchronisation  imu_com.o
    0x08004d2c   0x08004d2c   0x00000008   Code   RO         1182    i.IMU_stop_measurements  imu_com.o
    0x08004d34   0x08004d34   0x0000013c   Code   RO         1183    i.IMU_sync_handler  imu_com.o
    0x08004e70   0x08004e70   0x0000000c   Code   RO         1184    i.IMU_sync_reset    imu_com.o
    0x08004e7c   0x08004e7c   0x00000058   Code   RO         1185    i.IMU_synchronisation_adaptation  imu_com.o
    0x08004ed4   0x08004ed4   0x00000020   Code   RO          180    i.IOExpander_update  main.o
    0x08004ef4   0x08004ef4   0x0000001c   Code   RO          508    i.MX_FATFS_Init     fatfs.o
    0x08004f10   0x08004f10   0x00000164   Code   RO           13    i.MX_GPIO_Init      config.o
    0x08005074   0x08005074   0x00000044   Code   RO          181    i.MX_I2C1_Init      main.o
    0x080050b8   0x080050b8   0x00000050   Code   RO          182    i.MX_TIM2_Init      main.o
    0x08005108   0x08005108   0x00000048   Code   RO         1045    i.MX_UART4_Init     uart_init.o
    0x08005150   0x08005150   0x00000048   Code   RO         1046    i.MX_UART5_Init     uart_init.o
    0x08005198   0x08005198   0x00000048   Code   RO         1047    i.MX_UART7_Init     uart_init.o
    0x080051e0   0x080051e0   0x00000048   Code   RO         1048    i.MX_UART8_Init     uart_init.o
    0x08005228   0x08005228   0x00000048   Code   RO         1049    i.MX_USART1_UART_Init  uart_init.o
    0x08005270   0x08005270   0x00000048   Code   RO         1050    i.MX_USART2_UART_Init  uart_init.o
    0x080052b8   0x080052b8   0x00000048   Code   RO         1051    i.MX_USART3_UART_Init  uart_init.o
    0x08005300   0x08005300   0x00000048   Code   RO         1052    i.MX_USART6_UART_Init  uart_init.o
    0x08005348   0x08005348   0x00000002   Code   RO          577    i.MemManage_Handler  stm32h7xx_it.o
    0x0800534a   0x0800534a   0x00000002   Code   RO          578    i.NMI_Handler       stm32h7xx_it.o
    0x0800534c   0x0800534c   0x00000002   Code   RO          579    i.PendSV_Handler    stm32h7xx_it.o
    0x0800534e   0x0800534e   0x00000016   Code   RO          803    i.RB_Init           uartringbuffer.o
    0x08005364   0x08005364   0x0000001e   Code   RO          804    i.RB_IsDataAvailable  uartringbuffer.o
    0x08005382   0x08005382   0x00000060   Code   RO          805    i.RB_UART_ISR       uartringbuffer.o
    0x080053e2   0x080053e2   0x00000032   Code   RO          808    i.RB_Uart_read      uartringbuffer.o
    0x08005414   0x08005414   0x00000036   Code   RO          810    i.RB_Uart_write     uartringbuffer.o
    0x0800544a   0x0800544a   0x00000002   PAD
    0x0800544c   0x0800544c   0x00000120   Code   RO         1819    i.RCCEx_PLL2_Config  stm32h7xx_hal_rcc_ex.o
    0x0800556c   0x0800556c   0x00000120   Code   RO         1820    i.RCCEx_PLL3_Config  stm32h7xx_hal_rcc_ex.o
    0x0800568c   0x0800568c   0x0000000c   Code   RO          580    i.SDMMC1_IRQHandler  stm32h7xx_it.o
    0x08005698   0x08005698   0x00000034   Code   RO         3944    i.SDMMC_CmdAppCommand  stm32h7xx_ll_sdmmc.o
    0x080056cc   0x080056cc   0x0000002e   Code   RO         3945    i.SDMMC_CmdAppOperCommand  stm32h7xx_ll_sdmmc.o
    0x080056fa   0x080056fa   0x00000032   Code   RO         3946    i.SDMMC_CmdBlockLength  stm32h7xx_ll_sdmmc.o
    0x0800572c   0x0800572c   0x00000034   Code   RO         3947    i.SDMMC_CmdBusWidth  stm32h7xx_ll_sdmmc.o
    0x08005760   0x08005760   0x00000054   Code   RO         3951    i.SDMMC_CmdGoIdleState  stm32h7xx_ll_sdmmc.o
    0x080057b4   0x080057b4   0x00000074   Code   RO         3953    i.SDMMC_CmdOperCond  stm32h7xx_ll_sdmmc.o
    0x08005828   0x08005828   0x00000034   Code   RO         3954    i.SDMMC_CmdReadMultiBlock  stm32h7xx_ll_sdmmc.o
    0x0800585c   0x0800585c   0x00000034   Code   RO         3955    i.SDMMC_CmdReadSingleBlock  stm32h7xx_ll_sdmmc.o
    0x08005890   0x08005890   0x00000032   Code   RO         3958    i.SDMMC_CmdSelDesel  stm32h7xx_ll_sdmmc.o
    0x080058c2   0x080058c2   0x0000002c   Code   RO         3959    i.SDMMC_CmdSendCID  stm32h7xx_ll_sdmmc.o
    0x080058ee   0x080058ee   0x00000030   Code   RO         3960    i.SDMMC_CmdSendCSD  stm32h7xx_ll_sdmmc.o
    0x0800591e   0x0800591e   0x00000032   Code   RO         3962    i.SDMMC_CmdSendSCR  stm32h7xx_ll_sdmmc.o
    0x08005950   0x08005950   0x00000034   Code   RO         3963    i.SDMMC_CmdSendStatus  stm32h7xx_ll_sdmmc.o
    0x08005984   0x08005984   0x00000032   Code   RO         3964    i.SDMMC_CmdSetRelAdd  stm32h7xx_ll_sdmmc.o
    0x080059b6   0x080059b6   0x00000032   Code   RO         3965    i.SDMMC_CmdStatusRegister  stm32h7xx_ll_sdmmc.o
    0x080059e8   0x080059e8   0x00000054   Code   RO         3966    i.SDMMC_CmdStopTransfer  stm32h7xx_ll_sdmmc.o
    0x08005a3c   0x08005a3c   0x00000032   Code   RO         3968    i.SDMMC_CmdVoltageSwitch  stm32h7xx_ll_sdmmc.o
    0x08005a6e   0x08005a6e   0x00000034   Code   RO         3969    i.SDMMC_CmdWriteMultiBlock  stm32h7xx_ll_sdmmc.o
    0x08005aa2   0x08005aa2   0x00000034   Code   RO         3970    i.SDMMC_CmdWriteSingleBlock  stm32h7xx_ll_sdmmc.o
    0x08005ad6   0x08005ad6   0x00000026   Code   RO         3971    i.SDMMC_ConfigData  stm32h7xx_ll_sdmmc.o
    0x08005afc   0x08005afc   0x00000124   Code   RO         3972    i.SDMMC_GetCmdResp1  stm32h7xx_ll_sdmmc.o
    0x08005c20   0x08005c20   0x00000054   Code   RO         3973    i.SDMMC_GetCmdResp2  stm32h7xx_ll_sdmmc.o
    0x08005c74   0x08005c74   0x00000048   Code   RO         3974    i.SDMMC_GetCmdResp3  stm32h7xx_ll_sdmmc.o
    0x08005cbc   0x08005cbc   0x0000008c   Code   RO         3975    i.SDMMC_GetCmdResp6  stm32h7xx_ll_sdmmc.o
    0x08005d48   0x08005d48   0x00000008   Code   RO         3979    i.SDMMC_GetPowerState  stm32h7xx_ll_sdmmc.o
    0x08005d50   0x08005d50   0x00000006   Code   RO         3980    i.SDMMC_GetResponse  stm32h7xx_ll_sdmmc.o
    0x08005d56   0x08005d56   0x00000002   PAD
    0x08005d58   0x08005d58   0x00000020   Code   RO         3981    i.SDMMC_Init        stm32h7xx_ll_sdmmc.o
    0x08005d78   0x08005d78   0x0000000c   Code   RO         3984    i.SDMMC_PowerState_ON  stm32h7xx_ll_sdmmc.o
    0x08005d84   0x08005d84   0x00000006   Code   RO         3985    i.SDMMC_ReadFIFO    stm32h7xx_ll_sdmmc.o
    0x08005d8a   0x08005d8a   0x00000002   PAD
    0x08005d8c   0x08005d8c   0x00000028   Code   RO         3986    i.SDMMC_SendCommand  stm32h7xx_ll_sdmmc.o
    0x08005db4   0x08005db4   0x0000000a   Code   RO         3988    i.SDMMC_WriteFIFO   stm32h7xx_ll_sdmmc.o
    0x08005dbe   0x08005dbe   0x00000002   PAD
    0x08005dc0   0x08005dc0   0x00000038   Code   RO         1446    i.SD_CARD_COM_check_existing_files  sd_card_com.o
    0x08005df8   0x08005df8   0x0000000c   Code   RO         1447    i.SD_CARD_COM_close_file  sd_card_com.o
    0x08005e04   0x08005e04   0x000000b4   Code   RO         1448    i.SD_CARD_COM_create_new_file  sd_card_com.o
    0x08005eb8   0x08005eb8   0x0000000c   Code   RO         1449    i.SD_CARD_COM_get_status  sd_card_com.o
    0x08005ec4   0x08005ec4   0x000000c0   Code   RO         1450    i.SD_CARD_COM_mount  sd_card_com.o
    0x08005f84   0x08005f84   0x0000003c   Code   RO         1451    i.SD_CARD_COM_open_close  sd_card_com.o
    0x08005fc0   0x08005fc0   0x00000034   Code   RO         1452    i.SD_CARD_COM_open_file  sd_card_com.o
    0x08005ff4   0x08005ff4   0x000001c0   Code   RO         1454    i.SD_CARD_COM_save_data  sd_card_com.o
    0x080061b4   0x080061b4   0x0000000c   Code   RO         1457    i.SD_CARD_COM_set_status  sd_card_com.o
    0x080061c0   0x080061c0   0x0000006c   Code   RO         1458    i.SD_CARD_COM_unmount  sd_card_com.o
    0x0800622c   0x0800622c   0x0000001c   Code   RO         1459    i.SD_CARD_available  sd_card_com.o
    0x08006248   0x08006248   0x00000020   Code   RO          448    i.SD_CheckStatus    sd_diskio.o
    0x08006268   0x08006268   0x000000e4   Code   RO         4296    i.SD_FindSCR        stm32h7xx_hal_sd.o
    0x0800634c   0x0800634c   0x000000d4   Code   RO         4298    i.SD_InitCard       stm32h7xx_hal_sd.o
    0x08006420   0x08006420   0x00000144   Code   RO         4299    i.SD_PowerON        stm32h7xx_hal_sd.o
    0x08006564   0x08006564   0x000000e4   Code   RO         4300    i.SD_SendSDStatus   stm32h7xx_hal_sd.o
    0x08006648   0x08006648   0x00000020   Code   RO          449    i.SD_initialize     sd_diskio.o
    0x08006668   0x08006668   0x00000058   Code   RO          450    i.SD_ioctl          sd_diskio.o
    0x080066c0   0x080066c0   0x00000026   Code   RO          451    i.SD_read           sd_diskio.o
    0x080066e6   0x080066e6   0x00000004   Code   RO          452    i.SD_status         sd_diskio.o
    0x080066ea   0x080066ea   0x00000002   PAD
    0x080066ec   0x080066ec   0x00000026   Code   RO          453    i.SD_write          sd_diskio.o
    0x08006712   0x08006712   0x00000002   Code   RO          581    i.SVC_Handler       stm32h7xx_it.o
    0x08006714   0x08006714   0x00000004   Code   RO          582    i.SysTick_Handler   stm32h7xx_it.o
    0x08006718   0x08006718   0x000000c8   Code   RO           14    i.SystemClock_Config  config.o
    0x080067e0   0x080067e0   0x0000009c   Code   RO         6019    i.SystemInit        system_stm32h7xx.o
    0x0800687c   0x0800687c   0x0000000c   Code   RO          583    i.TIM2_IRQHandler   stm32h7xx_it.o
    0x08006888   0x08006888   0x000000c4   Code   RO         4647    i.TIM_Base_SetConfig  stm32h7xx_hal_tim.o
    0x0800694c   0x0800694c   0x00000012   Code   RO         4658    i.TIM_ETR_SetConfig  stm32h7xx_hal_tim.o
    0x0800695e   0x0800695e   0x00000002   PAD
    0x08006960   0x08006960   0x00000014   Code   RO         4659    i.TIM_ITRx_SetConfig  stm32h7xx_hal_tim.o
    0x08006974   0x08006974   0x00000022   Code   RO         4667    i.TIM_TI1_ConfigInputStage  stm32h7xx_hal_tim.o
    0x08006996   0x08006996   0x00000024   Code   RO         4669    i.TIM_TI2_ConfigInputStage  stm32h7xx_hal_tim.o
    0x080069ba   0x080069ba   0x00000002   PAD
    0x080069bc   0x080069bc   0x0000000c   Code   RO          584    i.UART4_IRQHandler  stm32h7xx_it.o
    0x080069c8   0x080069c8   0x0000000c   Code   RO          585    i.UART5_IRQHandler  stm32h7xx_it.o
    0x080069d4   0x080069d4   0x0000000c   Code   RO          586    i.UART7_IRQHandler  stm32h7xx_it.o
    0x080069e0   0x080069e0   0x0000000c   Code   RO          587    i.UART8_IRQHandler  stm32h7xx_it.o
    0x080069ec   0x080069ec   0x00000064   Code   RO         5935    i.UARTEx_SetNbDataToProcess  stm32h7xx_hal_uart_ex.o
    0x08006a50   0x08006a50   0x000000c8   Code   RO         5571    i.UART_AdvFeatureConfig  stm32h7xx_hal_uart.o
    0x08006b18   0x08006b18   0x0000003e   Code   RO         1115    i.UART_COM_print    uart_com.o
    0x08006b56   0x08006b56   0x0000006c   Code   RO         1116    i.UART_COM_print_buffer_hex  uart_com.o
    0x08006bc2   0x08006bc2   0x00000044   Code   RO         1117    i.UART_COM_print_ln  uart_com.o
    0x08006c06   0x08006c06   0x00000004   Code   RO         1118    i.UART_COM_read     uart_com.o
    0x08006c0a   0x08006c0a   0x00000020   Code   RO         1119    i.UART_COM_write    uart_com.o
    0x08006c2a   0x08006c2a   0x0000005e   Code   RO         5572    i.UART_CheckIdleState  stm32h7xx_hal_uart.o
    0x08006c88   0x08006c88   0x00000014   Code   RO         5573    i.UART_DMAAbortOnError  stm32h7xx_hal_uart.o
    0x08006c9c   0x08006c9c   0x00000028   Code   RO         5583    i.UART_EndRxTransfer  stm32h7xx_hal_uart.o
    0x08006cc4   0x08006cc4   0x000000ec   Code   RO          880    i.UART_ISR_Manager  uartringbuffermanager.o
    0x08006db0   0x08006db0   0x00000098   Code   RO          881    i.UART_IsDataAvailable  uartringbuffermanager.o
    0x08006e48   0x08006e48   0x00000098   Code   RO          882    i.UART_Read         uartringbuffermanager.o
    0x08006ee0   0x08006ee0   0x00000004   Code   RO          883    i.UART_Ringbuffer_Init  uartringbuffermanager.o
    0x08006ee4   0x08006ee4   0x00000c10   Code   RO         5589    i.UART_SetConfig    stm32h7xx_hal_uart.o
    0x08007af4   0x08007af4   0x000000a4   Code   RO         5594    i.UART_WaitOnFlagUntilTimeout  stm32h7xx_hal_uart.o
    0x08007b98   0x08007b98   0x000000dc   Code   RO          884    i.UART_Write        uartringbuffermanager.o
    0x08007c74   0x08007c74   0x0000000c   Code   RO          588    i.USART1_IRQHandler  stm32h7xx_it.o
    0x08007c80   0x08007c80   0x0000000c   Code   RO          589    i.USART2_IRQHandler  stm32h7xx_it.o
    0x08007c8c   0x08007c8c   0x0000000c   Code   RO          590    i.USART3_IRQHandler  stm32h7xx_it.o
    0x08007c98   0x08007c98   0x0000000c   Code   RO          591    i.USART6_IRQHandler  stm32h7xx_it.o
    0x08007ca4   0x08007ca4   0x00000130   Code   RO          935    i.USB_COM_change_frequency_menu  usb_com.o
    0x08007dd4   0x08007dd4   0x00000494   Code   RO          936    i.USB_COM_check_rx_buffer  usb_com.o
    0x08008268   0x08008268   0x0000000c   Code   RO          937    i.USB_COM_print     usb_com.o
    0x08008274   0x08008274   0x00000010   Code   RO          938    i.USB_COM_print_buffer_hex  usb_com.o
    0x08008284   0x08008284   0x0000002c   Code   RO          939    i.USB_COM_print_buffer_mac_address  usb_com.o
    0x080082b0   0x080082b0   0x0000001c   Code   RO          940    i.USB_COM_print_info  usb_com.o
    0x080082cc   0x080082cc   0x0000000c   Code   RO          941    i.USB_COM_print_ln  usb_com.o
    0x080082d8   0x080082d8   0x00000518   Code   RO          943    i.USB_COM_show_menu  usb_com.o
    0x080087f0   0x080087f0   0x00000002   Code   RO          592    i.UsageFault_Handler  stm32h7xx_it.o
    0x080087f2   0x080087f2   0x00000002   PAD
    0x080087f4   0x080087f4   0x00000028   Code   RO         6757    i.__0sprintf        mc_w.l(printfa.o)
    0x0800881c   0x0800881c   0x00000022   Code   RO         1572    i.__NVIC_SetPriority  stm32h7xx_hal_cortex.o
    0x0800883e   0x0800883e   0x0000000e   Code   RO         6863    i.__scatterload_copy  mc_w.l(handlers.o)
    0x0800884c   0x0800884c   0x00000002   Code   RO         6864    i.__scatterload_null  mc_w.l(handlers.o)
    0x0800884e   0x0800884e   0x0000000e   Code   RO         6865    i.__scatterload_zeroinit  mc_w.l(handlers.o)
    0x0800885c   0x0800885c   0x00000184   Code   RO         6762    i._fp_digits        mc_w.l(printfa.o)
    0x080089e0   0x080089e0   0x000006b4   Code   RO         6763    i._printf_core      mc_w.l(printfa.o)
    0x08009094   0x08009094   0x00000024   Code   RO         6764    i._printf_post_padding  mc_w.l(printfa.o)
    0x080090b8   0x080090b8   0x0000002e   Code   RO         6765    i._printf_pre_padding  mc_w.l(printfa.o)
    0x080090e6   0x080090e6   0x0000000a   Code   RO         6767    i._sputc            mc_w.l(printfa.o)
    0x080090f0   0x080090f0   0x00000070   Code   RO         6110    i.check_fs          ff.o
    0x08009160   0x08009160   0x0000005c   Code   RO         6111    i.chk_lock          ff.o
    0x080091bc   0x080091bc   0x00000020   Code   RO         6112    i.clear_lock        ff.o
    0x080091dc   0x080091dc   0x00000024   Code   RO         6113    i.clmt_clust        ff.o
    0x08009200   0x08009200   0x00000018   Code   RO         6114    i.clust2sect        ff.o
    0x08009218   0x08009218   0x00000076   Code   RO          944    i.convert_ASCII_to_HEX  usb_com.o
    0x0800928e   0x0800928e   0x000000a6   Code   RO         6115    i.create_chain      ff.o
    0x08009334   0x08009334   0x000000bc   Code   RO         6116    i.create_name       ff.o
    0x080093f0   0x080093f0   0x00000034   Code   RO         6117    i.dec_lock          ff.o
    0x08009424   0x08009424   0x00000066   Code   RO         6118    i.dir_find          ff.o
    0x0800948a   0x0800948a   0x00000002   PAD
    0x0800948c   0x0800948c   0x000000f4   Code   RO         6119    i.dir_next          ff.o
    0x08009580   0x08009580   0x00000066   Code   RO         6121    i.dir_register      ff.o
    0x080095e6   0x080095e6   0x00000082   Code   RO         6123    i.dir_sdi           ff.o
    0x08009668   0x08009668   0x00000028   Code   RO         6055    i.disk_initialize   diskio.o
    0x08009690   0x08009690   0x00000018   Code   RO         6056    i.disk_ioctl        diskio.o
    0x080096a8   0x080096a8   0x0000001c   Code   RO         6057    i.disk_read         diskio.o
    0x080096c4   0x080096c4   0x00000014   Code   RO         6058    i.disk_status       diskio.o
    0x080096d8   0x080096d8   0x0000001c   Code   RO         6059    i.disk_write        diskio.o
    0x080096f4   0x080096f4   0x00000028   Code   RO         6124    i.f_close           ff.o
    0x0800971c   0x0800971c   0x00000058   Code   RO         6131    i.f_mount           ff.o
    0x08009774   0x08009774   0x00000210   Code   RO         6132    i.f_open            ff.o
    0x08009984   0x08009984   0x000001d0   Code   RO         6134    i.f_printf          ff.o
    0x08009b54   0x08009b54   0x0000008e   Code   RO         6141    i.f_sync            ff.o
    0x08009be2   0x08009be2   0x0000018c   Code   RO         6144    i.f_write           ff.o
    0x08009d6e   0x08009d6e   0x00000002   PAD
    0x08009d70   0x08009d70   0x00000258   Code   RO         6145    i.find_volume       ff.o
    0x08009fc8   0x08009fc8   0x00000074   Code   RO         6146    i.follow_path       ff.o
    0x0800a03c   0x0800a03c   0x00000050   Code   RO         6783    i.free              mc_w.l(malloc.o)
    0x0800a08c   0x0800a08c   0x000000be   Code   RO         6147    i.get_fat           ff.o
    0x0800a14a   0x0800a14a   0x00000004   Code   RO          509    i.get_fattime       fatfs.o
    0x0800a14e   0x0800a14e   0x0000003c   Code   RO         6149    i.get_ldnumber      ff.o
    0x0800a18a   0x0800a18a   0x00000002   PAD
    0x0800a18c   0x0800a18c   0x00000080   Code   RO         6150    i.inc_lock          ff.o
    0x0800a20c   0x0800a20c   0x00000020   Code   RO          945    i.is_measuring      usb_com.o
    0x0800a22c   0x0800a22c   0x00000026   Code   RO         6151    i.ld_clust          ff.o
    0x0800a252   0x0800a252   0x00000016   Code   RO         6152    i.ld_dword          ff.o
    0x0800a268   0x0800a268   0x0000000a   Code   RO         6153    i.ld_word           ff.o
    0x0800a272   0x0800a272   0x00000002   PAD
    0x0800a274   0x0800a274   0x000000f8   Code   RO          183    i.main              main.o
    0x0800a36c   0x0800a36c   0x0000006c   Code   RO         6784    i.malloc            mc_w.l(malloc.o)
    0x0800a3d8   0x0800a3d8   0x00000012   Code   RO         6154    i.mem_cpy           ff.o
    0x0800a3ea   0x0800a3ea   0x00000002   PAD
    0x0800a3ec   0x0800a3ec   0x0000000e   Code   RO         6155    i.mem_set           ff.o
    0x0800a3fa   0x0800a3fa   0x00000032   Code   RO         6156    i.move_window       ff.o
    0x0800a42c   0x0800a42c   0x000000f0   Code   RO         6157    i.put_fat           ff.o
    0x0800a51c   0x0800a51c   0x00000046   Code   RO         6158    i.putc_bfd          ff.o
    0x0800a562   0x0800a562   0x0000002a   Code   RO         6159    i.putc_flush        ff.o
    0x0800a58c   0x0800a58c   0x00000074   Code   RO         6160    i.remove_chain      ff.o
    0x0800a600   0x0800a600   0x0000017c   Code   RO          184    i.rsv_bt_packet_handler  main.o
    0x0800a77c   0x0800a77c   0x000000c0   Code   RO          185    i.rsv_data_handler  main.o
    0x0800a83c   0x0800a83c   0x00000658   Code   RO          186    i.rsv_data_msg_handler  main.o
    0x0800ae94   0x0800ae94   0x0000001c   Code   RO          946    i.send_to_all_sensors  usb_com.o
    0x0800aeb0   0x0800aeb0   0x00000024   Code   RO          947    i.send_to_all_sensors_with_param  usb_com.o
    0x0800aed4   0x0800aed4   0x00000028   Code   RO         6161    i.st_clust          ff.o
    0x0800aefc   0x0800aefc   0x00000010   Code   RO         6162    i.st_dword          ff.o
    0x0800af0c   0x0800af0c   0x00000008   Code   RO         6163    i.st_word           ff.o
    0x0800af14   0x0800af14   0x00000088   Code   RO          187    i.startUpLeds       main.o
    0x0800af9c   0x0800af9c   0x00000028   Code   RO          811    i.store_char        uartringbuffer.o
    0x0800afc4   0x0800afc4   0x00000088   Code   RO         6164    i.sync_fs           ff.o
    0x0800b04c   0x0800b04c   0x00000052   Code   RO         6165    i.sync_window       ff.o
    0x0800b09e   0x0800b09e   0x00000034   Code   RO         6166    i.validate          ff.o
    0x0800b0d2   0x0800b0d2   0x00000002   PAD
    0x0800b0d4   0x0800b0d4   0x00000014   Data   RO          454    .constdata          sd_diskio.o
    0x0800b0e8   0x0800b0e8   0x00000010   Data   RO         6020    .constdata          system_stm32h7xx.o
    0x0800b0f8   0x0800b0f8   0x0000009c   Data   RO         6168    .constdata          ff.o
    0x0800b194   0x0800b194   0x000000a1   Data   RO          198    .conststring        main.o
    0x0800b235   0x0800b235   0x00000003   PAD
    0x0800b238   0x0800b238   0x0000000d   Data   RO          199    .conststring        main.o
    0x0800b245   0x0800b245   0x00000003   PAD
    0x0800b248   0x0800b248   0x0000000d   Data   RO          200    .conststring        main.o
    0x0800b255   0x0800b255   0x00000003   PAD
    0x0800b258   0x0800b258   0x0000020a   Data   RO          948    .conststring        usb_com.o
    0x0800b462   0x0800b462   0x00000002   PAD
    0x0800b464   0x0800b464   0x00000020   Data   RO         6861    Region$$Table       anon$$obj.o


    Execution Region RW_IRAM1 (Exec base: 0x20000000, Load base: 0x0800b484, Size: 0x0000ed90, Max: 0x00020000, ABSOLUTE)

    Exec Addr    Load Addr    Size         Type   Attr      Idx    E Section Name        Object

    0x20000000   0x0800b484   0x0000009c   Data   RW          202    .data               main.o
    0x2000009c   0x0800b520   0x00000020   Data   RW          203    .data               main.o
    0x200000bc   0x0800b540   0x00000020   Data   RW          204    .data               main.o
    0x200000dc   0x0800b560   0x00000001   Data   RW          455    .data               sd_diskio.o
    0x200000dd   0x0800b561   0x00000005   Data   RW          512    .data               fatfs.o
    0x200000e2   0x0800b566   0x00000002   PAD
    0x200000e4   0x0800b568   0x00000012   Data   RW          949    .data               usb_com.o
    0x200000f6   0x0800b57a   0x00000002   Data   RW         1186    .data               imu_com.o
    0x200000f8   0x0800b57c   0x00000004   Data   RW         1462    .data               sd_card_com.o
    0x200000fc   0x0800b580   0x0000000c   Data   RW         3077    .data               stm32h7xx_hal.o
    0x20000108   0x0800b58c   0x00000008   Data   RW         6021    .data               system_stm32h7xx.o
    0x20000110   0x0800b594   0x00000008   Data   RW         6169    .data               ff.o
    0x20000118   0x0800b59c   0x00000004   Data   RW         6840    .data               mc_w.l(mvars.o)
    0x2000011c   0x0800b5a0   0x00000004   Data   RW         6841    .data               mc_w.l(mvars.o)
    0x20000120        -       0x00000230   Zero   RW          188    .bss                main.o
    0x20000350        -       0x0000083c   Zero   RW          192    .bss                main.o
    0x20000b8c        -       0x00000230   Zero   RW          194    .bss                main.o
    0x20000dbc        -       0x0000008c   Zero   RW          195    .bss                main.o
    0x20000e48        -       0x0000008c   Zero   RW          196    .bss                main.o
    0x20000ed4        -       0x0000008c   Zero   RW          197    .bss                main.o
    0x20000f60        -       0x00007d80   Zero   RW          885    .bss                uartringbuffermanager.o
    0x20008ce0        -       0x00000080   Zero   RW         1460    .bss                sd_card_com.o
    0x20008d60        -       0x00000020   Zero   RW         6167    .bss                ff.o
    0x20008d80        -       0x0000000c   Zero   RW         6446    .bss                ff_gen_drv.o
    0x20008d8c   0x0800b5a4   0x00000004   PAD
    0x20008d90        -       0x00002000   Zero   RW            2    HEAP                startup_stm32h743xx.o
    0x2000ad90        -       0x00004000   Zero   RW            1    STACK               startup_stm32h743xx.o


==============================================================================

Image component sizes


      Code (inc. data)   RO Data    RW Data    ZI Data      Debug   Object Name

       174         26          0          0          0       4093   bsp_driver_sd.o
       556         34          0          0          0    1299179   config.o
       140         26          0          0          0       3877   diskio.o
        32         10          0          5          0       1568   fatfs.o
        24          4          0          0          0        573   fatfs_platform.o
      4986         82        156          8         32      42452   ff.o
       128         12          0          0         12       3147   ff_gen_drv.o
       736         64          0          2          0      14495   imu_com.o
      3134       1356        187        220       3648      20432   main.o
       332          0          0          0          0       6574   proteusii_driver.o
      1160        458          0          4        128       8145   sd_card_com.o
       232         14         20          1          0       4632   sd_diskio.o
        36          8        664          0      24576        860   startup_stm32h743xx.o
       228         42          0         12          0      23180   stm32h7xx_hal.o
       198         12          0          0          0      39131   stm32h7xx_hal_cortex.o
       644         42          0          0          0       2327   stm32h7xx_hal_dma.o
       566         50          0          0          0       4635   stm32h7xx_hal_gpio.o
      2418         84          0          0          0      20637   stm32h7xx_hal_i2c.o
       172          0          0          0          0       2039   stm32h7xx_hal_i2c_ex.o
      1268        106          0          0          0       4795   stm32h7xx_hal_msp.o
        84          6          0          0          0        813   stm32h7xx_hal_pwr_ex.o
      2266         96          0          0          0       7032   stm32h7xx_hal_rcc.o
      4308        186          0          0          0      11129   stm32h7xx_hal_rcc_ex.o
      3802         58          0          0          0      22076   stm32h7xx_hal_sd.o
      1044         56          0          0          0      10417   stm32h7xx_hal_tim.o
       158         24          0          0          0       3204   stm32h7xx_hal_tim_ex.o
      4354        134          0          0          0      12562   stm32h7xx_hal_uart.o
       322         18          0          0          0       5570   stm32h7xx_hal_uart_ex.o
       176         72          0          0          0      11046   stm32h7xx_it.o
      1826         72          0          0          0      25383   stm32h7xx_ll_sdmmc.o
       156         22         16          8          0       1434   system_stm32h7xx.o
       274          0          0          0          0       4054   uart_com.o
       576         64          0          0          0       4776   uart_init.o
       292          0          0          0          0       4437   uartringbuffer.o
       764        258          0          0      32128       4942   uartringbuffermanager.o
      3106       1726        522         18          0      15275   usb_com.o

    ----------------------------------------------------------------------
     40730       5222       1608        280      60528    1650921   Object Totals
         0          0         32          0          0          0   (incl. Generated)
        58          0         11          2          4          0   (incl. Padding)

    ----------------------------------------------------------------------

      Code (inc. data)   RO Data    RW Data    ZI Data      Debug   Library Member Name

         0          0          0          0          0          0   entry.o
         0          0          0          0          0          0   entry10a.o
         0          0          0          0          0          0   entry11a.o
         4          0          0          0          0          0   entry12b.o
         8          4          0          0          0          0   entry2.o
         4          0          0          0          0          0   entry5.o
         0          0          0          0          0          0   entry7b.o
         0          0          0          0          0          0   entry8b.o
         8          4          0          0          0          0   entry9a.o
        30          0          0          0          0          0   handlers.o
        36          8          0          0          0         68   init.o
         0          0          0          0          0          0   iusefp.o
        30          0          0          0          0         68   llshl.o
        36          0          0          0          0         68   llsshr.o
        32          0          0          0          0         68   llushr.o
       188         20          0          0          0        160   malloc.o
        36          0          0          0          0        108   memseta.o
         0          0          0          8          0          0   mvars.o
      2236         86          0          0          0        532   printfa.o
        14          0          0          0          0         68   strlen.o
        44          0          0          0          0         80   uidiv.o
        98          0          0          0          0         92   uldiv.o
        48          0          0          0          0         68   cdrcmple.o
       334          0          0          0          0        148   dadd.o
       222          0          0          0          0        100   ddiv.o
       186          0          0          0          0        176   depilogue.o
        48          0          0          0          0         68   dfixul.o
       228          0          0          0          0         96   dmul.o

    ----------------------------------------------------------------------
      3874        122          0          8          0       1968   Library Totals
         4          0          0          0          0          0   (incl. Padding)

    ----------------------------------------------------------------------

      Code (inc. data)   RO Data    RW Data    ZI Data      Debug   Library Name

      2804        122          0          8          0       1312   mc_w.l
      1066          0          0          0          0        656   mf_w.l

    ----------------------------------------------------------------------
      3874        122          0          8          0       1968   Library Totals

    ----------------------------------------------------------------------

==============================================================================


      Code (inc. data)   RO Data    RW Data    ZI Data      Debug   

     44604       5344       1608        288      60528    1619805   Grand Totals
     44604       5344       1608        288      60528    1619805   ELF Image Totals
     44604       5344       1608        288          0          0   ROM Totals

==============================================================================

    Total RO  Size (Code + RO Data)                46212 (  45.13kB)
    Total RW  Size (RW Data + ZI Data)             60816 (  59.39kB)
    Total ROM Size (Code + RO Data + RW Data)      46500 (  45.41kB)

==============================================================================

