Component: ARM Compiler 5.06 update 6 (build 750) Tool: armlink [4d35ed]

==============================================================================

Section Cross References

    startup_stm32h743xx.o(RESET) refers to startup_stm32h743xx.o(STACK) for __initial_sp
    startup_stm32h743xx.o(RESET) refers to startup_stm32h743xx.o(.text) for Reset_Handler
    startup_stm32h743xx.o(RESET) refers to stm32h7xx_it.o(i.NMI_Handler) for NMI_Handler
    startup_stm32h743xx.o(RESET) refers to stm32h7xx_it.o(i.HardFault_Handler) for HardFault_Handler
    startup_stm32h743xx.o(RESET) refers to stm32h7xx_it.o(i.MemManage_Handler) for MemManage_Handler
    startup_stm32h743xx.o(RESET) refers to stm32h7xx_it.o(i.BusFault_Handler) for BusFault_Handler
    startup_stm32h743xx.o(RESET) refers to stm32h7xx_it.o(i.UsageFault_Handler) for UsageFault_Handler
    startup_stm32h743xx.o(RESET) refers to stm32h7xx_it.o(i.SVC_Handler) for SVC_Handler
    startup_stm32h743xx.o(RESET) refers to stm32h7xx_it.o(i.DebugMon_Handler) for DebugMon_Handler
    startup_stm32h743xx.o(RESET) refers to stm32h7xx_it.o(i.PendSV_Handler) for PendSV_Handler
    startup_stm32h743xx.o(RESET) refers to stm32h7xx_it.o(i.SysTick_Handler) for SysTick_Handler
    startup_stm32h743xx.o(RESET) refers to stm32h7xx_it.o(i.EXTI2_IRQHandler) for EXTI2_IRQHandler
    startup_stm32h743xx.o(RESET) refers to stm32h7xx_it.o(i.EXTI9_5_IRQHandler) for EXTI9_5_IRQHandler
    startup_stm32h743xx.o(RESET) refers to stm32h7xx_it.o(i.TIM2_IRQHandler) for TIM2_IRQHandler
    startup_stm32h743xx.o(RESET) refers to stm32h7xx_it.o(i.I2C1_EV_IRQHandler) for I2C1_EV_IRQHandler
    startup_stm32h743xx.o(RESET) refers to stm32h7xx_it.o(i.I2C1_ER_IRQHandler) for I2C1_ER_IRQHandler
    startup_stm32h743xx.o(RESET) refers to stm32h7xx_it.o(i.USART1_IRQHandler) for USART1_IRQHandler
    startup_stm32h743xx.o(RESET) refers to stm32h7xx_it.o(i.USART2_IRQHandler) for USART2_IRQHandler
    startup_stm32h743xx.o(RESET) refers to stm32h7xx_it.o(i.USART3_IRQHandler) for USART3_IRQHandler
    startup_stm32h743xx.o(RESET) refers to stm32h7xx_it.o(i.SDMMC1_IRQHandler) for SDMMC1_IRQHandler
    startup_stm32h743xx.o(RESET) refers to stm32h7xx_it.o(i.UART4_IRQHandler) for UART4_IRQHandler
    startup_stm32h743xx.o(RESET) refers to stm32h7xx_it.o(i.UART5_IRQHandler) for UART5_IRQHandler
    startup_stm32h743xx.o(RESET) refers to stm32h7xx_it.o(i.USART6_IRQHandler) for USART6_IRQHandler
    startup_stm32h743xx.o(RESET) refers to stm32h7xx_it.o(i.UART7_IRQHandler) for UART7_IRQHandler
    startup_stm32h743xx.o(RESET) refers to stm32h7xx_it.o(i.UART8_IRQHandler) for UART8_IRQHandler
    startup_stm32h743xx.o(.text) refers to system_stm32h7xx.o(i.SystemInit) for SystemInit
    startup_stm32h743xx.o(.text) refers to entry.o(.ARM.Collect$$$$00000000) for __main
    config.o(i.MX_GPIO_Init) refers to memseta.o(.text) for __aeabi_memclr4
    config.o(i.MX_GPIO_Init) refers to stm32h7xx_hal_gpio.o(i.HAL_GPIO_WritePin) for HAL_GPIO_WritePin
    config.o(i.MX_GPIO_Init) refers to stm32h7xx_hal_gpio.o(i.HAL_GPIO_Init) for HAL_GPIO_Init
    config.o(i.MX_GPIO_Init) refers to stm32h7xx_hal_cortex.o(i.HAL_NVIC_SetPriority) for HAL_NVIC_SetPriority
    config.o(i.MX_GPIO_Init) refers to stm32h7xx_hal_cortex.o(i.HAL_NVIC_EnableIRQ) for HAL_NVIC_EnableIRQ
    config.o(i.SystemClock_Config) refers to memseta.o(.text) for __aeabi_memclr4
    config.o(i.SystemClock_Config) refers to stm32h7xx_hal_pwr_ex.o(i.HAL_PWREx_ConfigSupply) for HAL_PWREx_ConfigSupply
    config.o(i.SystemClock_Config) refers to stm32h7xx_hal_rcc.o(i.HAL_RCC_OscConfig) for HAL_RCC_OscConfig
    config.o(i.SystemClock_Config) refers to main.o(i.Error_Handler) for Error_Handler
    config.o(i.SystemClock_Config) refers to stm32h7xx_hal_rcc.o(i.HAL_RCC_ClockConfig) for HAL_RCC_ClockConfig
    config.o(i.SystemClock_Config) refers to stm32h7xx_hal_rcc_ex.o(i.HAL_RCCEx_PeriphCLKConfig) for HAL_RCCEx_PeriphCLKConfig
    main.o(i.BT_read_ringbuffer_pakket) refers to uartringbuffermanager.o(i.UART_IsDataAvailable) for UART_IsDataAvailable
    main.o(i.BT_read_ringbuffer_pakket) refers to uart_com.o(i.UART_COM_read) for UART_COM_read
    main.o(i.BT_read_ringbuffer_pakket) refers to stm32h7xx_hal.o(i.HAL_Delay) for HAL_Delay
    main.o(i.BT_read_ringbuffer_pakket) refers to main.o(i.rsv_bt_packet_handler) for rsv_bt_packet_handler
    main.o(i.BT_read_ringbuffer_pakket) refers to memseta.o(.text) for __aeabi_memset
    main.o(i.HAL_GPIO_EXTI_Callback) refers to stm32h7xx_hal_gpio.o(i.HAL_GPIO_TogglePin) for HAL_GPIO_TogglePin
    main.o(i.HAL_GPIO_EXTI_Callback) refers to imu_com.o(i.IMU_go_to_sleep) for IMU_go_to_sleep
    main.o(i.HAL_GPIO_EXTI_Callback) refers to imu_com.o(i.IMU_reset_previous_connected_modules_array) for IMU_reset_previous_connected_modules_array
    main.o(i.HAL_GPIO_EXTI_Callback) refers to main.o(.data) for .data
[...]
    RNG_IRQHandler                           0x080002c7   Thumb Code     0  startup_stm32h743xx.o(.text)
    RTC_Alarm_IRQHandler                     0x080002c7   Thumb Code     0  startup_stm32h743xx.o(.text)
    RTC_WKUP_IRQHandler                      0x080002c7   Thumb Code     0  startup_stm32h743xx.o(.text)
    SAI1_IRQHandler                          0x080002c7   Thumb Code     0  startup_stm32h743xx.o(.text)
    SAI2_IRQHandler                          0x080002c7   Thumb Code     0  startup_stm32h743xx.o(.text)
    SAI3_IRQHandler                          0x080002c7   Thumb Code     0  startup_stm32h743xx.o(.text)
    SAI4_IRQHandler                          0x080002c7   Thumb Code     0  startup_stm32h743xx.o(.text)
    SDMMC2_IRQHandler                        0x080002c7   Thumb Code     0  startup_stm32h743xx.o(.text)
    SPDIF_RX_IRQHandler                      0x080002c7   Thumb Code     0  startup_stm32h743xx.o(.text)
    SPI1_IRQHandler                          0x080002c7   Thumb Code     0  startup_stm32h743xx.o(.text)
    SPI2_IRQHandler                          0x080002c7   Thumb Code     0  startup_stm32h743xx.o(.text)
    SPI3_IRQHandler                          0x080002c7   Thumb Code     0  startup_stm32h743xx.o(.text)
    SPI4_IRQHandler                          0x080002c7   Thumb Code     0  startup_stm32h743xx.o(.text)
    SPI5_IRQHandler                          0x080002c7   Thumb Code     0  startup_stm32h743xx.o(.text)
    SPI6_IRQHandler                          0x080002c7   Thumb Code     0  startup_stm32h743xx.o(.text)
    SWPMI1_IRQHandler                        0x080002c7   Thumb Code     0  startup_stm32h743xx.o(.text)
    TAMP_STAMP_IRQHandler                    0x080002c7   Thumb Code     0  startup_stm32h743xx.o(.text)
    TIM15_IRQHandler                         0x080002c7   Thumb Code     0  startup_stm32h743xx.o(.text)
    TIM16_IRQHandler                         0x080002c7   Thumb Code     0  startup_stm32h743xx.o(.text)
    TIM17_IRQHandler                         0x080002c7   Thumb Code     0  startup_stm32h743xx.o(.text)
    TIM1_BRK_IRQHandler                      0x080002c7   Thumb Code     0  startup_stm32h743xx.o(.text)
    TIM1_CC_IRQHandler                       0x080002c7   Thumb Code     0  startup_stm32h743xx.o(.text)
    TIM1_TRG_COM_IRQHandler                  0x080002c7   Thumb Code     0  startup_stm32h743xx.o(.text)
    TIM1_UP_IRQHandler                       0x080002c7   Thumb Code     0  startup_stm32h743xx.o(.text)
    TIM3_IRQHandler                          0x080002c7   Thumb Code     0  startup_stm32h743xx.o(.text)
    TIM4_IRQHandler                          0x080002c7   Thumb Code     0  startup_stm32h743xx.o(.text)
    TIM5_IRQHandler                          0x080002c7   Thumb Code     0  startup_stm32h743xx.o(.text)
    TIM6_DAC_IRQHandler                      0x080002c7   Thumb Code     0  startup_stm32h743xx.o(.text)
    TIM7_IRQHandler                          0x080002c7   Thumb Code     0  startup_stm32h743xx.o(.text)
    TIM8_BRK_TIM12_IRQHandler                0x080002c7   Thumb Code     0  startup_stm32h743xx.o(.text)
    TIM8_CC_IRQHandler                       0x080002c7   Thumb Code     0  startup_stm32h743xx.o(.text)
    TIM8_TRG_COM_TIM14_IRQHandler            0x080002c7   Thumb Code     0  startup_stm32h743xx.o(.text)
    TIM8_UP_TIM13_IRQHandler                 0x080002c7   Thumb Code     0  startup_stm32h743xx.o(.text)
    WAKEUP_PIN_IRQHandler                    0x080002c7   Thumb Code     0  startup_stm32h743xx.o(.text)
    WWDG_IRQHandler                          0x080002c7   Thumb Code     0  startup_stm32h743xx.o(.text)
    __aeabi_uldivmod                         0x080002d1   Thumb Code    98  uldiv.o(.text)
    __aeabi_memset                           0x08000333   Thumb Code    14  memseta.o(.text)
    __aeabi_memset4                          0x08000333   Thumb Code     0  memseta.o(.text)
    __aeabi_memset8                          0x08000333   Thumb Code     0  memseta.o(.text)
    __aeabi_memclr                           0x08000341   Thumb Code     4  memseta.o(.text)
    __aeabi_memclr4                          0x08000341   Thumb Code     0  memseta.o(.text)
    __aeabi_memclr8                          0x08000341   Thumb Code     0  memseta.o(.text)
    _memset$wrapper                          0x08000345   Thumb Code    18  memseta.o(.text)
    strlen                                   0x08000357   Thumb Code    14  strlen.o(.text)
    __aeabi_uidiv                            0x08000365   Thumb Code     0  uidiv.o(.text)
    __aeabi_uidivmod                         0x08000365   Thumb Code    44  uidiv.o(.text)
    __aeabi_llsl                             0x08000391   Thumb Code    30  llshl.o(.text)
    _ll_shift_l                              0x08000391   Thumb Code     0  llshl.o(.text)
    __aeabi_llsr                             0x080003af   Thumb Code    32  llushr.o(.text)
    _ll_ushift_r                             0x080003af   Thumb Code     0  llushr.o(.text)
    __I$use$fp                               0x080003cf   Thumb Code     0  iusefp.o(.text)
    __aeabi_dadd                             0x080003cf   Thumb Code   322  dadd.o(.text)
    __aeabi_dsub                             0x08000511   Thumb Code     6  dadd.o(.text)
    __aeabi_drsub                            0x08000517   Thumb Code     6  dadd.o(.text)
    __aeabi_dmul                             0x0800051d   Thumb Code   228  dmul.o(.text)
    __aeabi_ddiv                             0x08000601   Thumb Code   222  ddiv.o(.text)
    __aeabi_d2ulz                            0x080006df   Thumb Code    48  dfixul.o(.text)
    __aeabi_cdrcmple                         0x08000711   Thumb Code    48  cdrcmple.o(.text)
    __scatterload                            0x08000741   Thumb Code    28  init.o(.text)
    __scatterload_rt2                        0x08000741   Thumb Code     0  init.o(.text)
    __aeabi_lasr                             0x08000765   Thumb Code    36  llsshr.o(.text)
    _ll_sshift_r                             0x08000765   Thumb Code     0  llsshr.o(.text)
    _double_round                            0x08000789   Thumb Code    30  depilogue.o(.text)
    _double_epilogue                         0x080007a7   Thumb Code   156  depilogue.o(.text)
    BSP_PlatformIsDetected                   0x08000845   Thumb Code    20  fatfs_platform.o(i.BSP_PlatformIsDetected)
    BSP_SD_GetCardInfo                       0x0800085d   Thumb Code     8  bsp_driver_sd.o(i.BSP_SD_GetCardInfo)
    BSP_SD_GetCardState                      0x08000869   Thumb Code    20  bsp_driver_sd.o(i.BSP_SD_GetCardState)
    BSP_SD_Init                              0x08000881   Thumb Code    42  bsp_driver_sd.o(i.BSP_SD_Init)
    BSP_SD_IsDetected                        0x080008b1   Thumb Code    26  bsp_driver_sd.o(i.BSP_SD_IsDetected)
    BSP_SD_ReadBlocks                        0x080008cd   Thumb Code    26  bsp_driver_sd.o(i.BSP_SD_ReadBlocks)
    BSP_SD_WriteBlocks                       0x080008ed   Thumb Code    26  bsp_driver_sd.o(i.BSP_SD_WriteBlocks)
    BT_calculateCS                           0x0800090d   Thumb Code    24  proteusii_driver.o(i.BT_calculateCS)
    BT_connect                               0x08000925   Thumb Code    32  proteusii_driver.o(i.BT_connect)
    BT_disconnect                            0x08000945   Thumb Code     6  proteusii_driver.o(i.BT_disconnect)
    BT_read_ringbuffer_pakket                0x0800094d   Thumb Code   216  main.o(i.BT_read_ringbuffer_pakket)
    BT_transmitData                          0x08000a25   Thumb Code    10  proteusii_driver.o(i.BT_transmitData)
    BT_transmitMsg_CMD                       0x08000a2f   Thumb Code    12  proteusii_driver.o(i.BT_transmitMsg_CMD)
    BT_transmitMsg_CMD_Data                  0x08000a3b   Thumb Code    62  proteusii_driver.o(i.BT_transmitMsg_CMD_Data)
    BT_transmit_CMD                          0x08000a79   Thumb Code    48  proteusii_driver.o(i.BT_transmit_CMD)
    BT_transmit_CMD_Byte                     0x08000aa9   Thumb Code    54  proteusii_driver.o(i.BT_transmit_CMD_Byte)
    BT_transmit_CMD_Bytes                    0x08000adf   Thumb Code    84  proteusii_driver.o(i.BT_transmit_CMD_Bytes)
    BusFault_Handler                         0x08000b33   Thumb Code     2  stm32h7xx_it.o(i.BusFault_Handler)
    DebugMon_Handler                         0x08000b35   Thumb Code     2  stm32h7xx_it.o(i.DebugMon_Handler)
    EXTI2_IRQHandler                         0x08000b37   Thumb Code     6  stm32h7xx_it.o(i.EXTI2_IRQHandler)
    EXTI9_5_IRQHandler                       0x08000b3d   Thumb Code     6  stm32h7xx_it.o(i.EXTI9_5_IRQHandler)
    Error_Handler                            0x08000b43   Thumb Code     2  main.o(i.Error_Handler)
    FATFS_LinkDriver                         0x08000b45   Thumb Code     6  ff_gen_drv.o(i.FATFS_LinkDriver)
    FATFS_LinkDriverEx                       0x08000b4d   Thumb Code    58  ff_gen_drv.o(i.FATFS_LinkDriverEx)
    FATFS_UnLinkDriver                       0x08000b8d   Thumb Code     6  ff_gen_drv.o(i.FATFS_UnLinkDriver)
    FATFS_UnLinkDriverEx                     0x08000b95   Thumb Code    46  ff_gen_drv.o(i.FATFS_UnLinkDriverEx)
    HAL_DMA_Abort_IT                         0x08000bc9   Thumb Code   602  stm32h7xx_hal_dma.o(i.HAL_DMA_Abort_IT)
    HAL_Delay                                0x08000e4d   Thumb Code    32  stm32h7xx_hal.o(i.HAL_Delay)
    HAL_GPIO_EXTI_Callback                   0x08000e71   Thumb Code    54  main.o(i.HAL_GPIO_EXTI_Callback)
    HAL_GPIO_EXTI_IRQHandler                 0x08000eb1   Thumb Code    24  stm32h7xx_hal_gpio.o(i.HAL_GPIO_EXTI_IRQHandler)
    HAL_GPIO_Init                            0x08000ec9   Thumb Code   458  stm32h7xx_hal_gpio.o(i.HAL_GPIO_Init)
    HAL_GPIO_ReadPin                         0x080010c5   Thumb Code    10  stm32h7xx_hal_gpio.o(i.HAL_GPIO_ReadPin)
    HAL_GPIO_TogglePin                       0x080010cf   Thumb Code    14  stm32h7xx_hal_gpio.o(i.HAL_GPIO_TogglePin)
    HAL_GPIO_WritePin                        0x080010dd   Thumb Code    10  stm32h7xx_hal_gpio.o(i.HAL_GPIO_WritePin)
    HAL_GetREVID                             0x080010e9   Thumb Code     8  stm32h7xx_hal.o(i.HAL_GetREVID)
    HAL_GetTick                              0x080010f5   Thumb Code     6  stm32h7xx_hal.o(i.HAL_GetTick)
    HAL_I2CEx_ConfigAnalogFilter             0x08001101   Thumb Code    88  stm32h7xx_hal_i2c_ex.o(i.HAL_I2CEx_ConfigAnalogFilter)
    HAL_I2CEx_ConfigDigitalFilter            0x08001159   Thumb Code    84  stm32h7xx_hal_i2c_ex.o(i.HAL_I2CEx_ConfigDigitalFilter)
    HAL_I2C_AbortCpltCallback                0x080011ad   Thumb Code     2  stm32h7xx_hal_i2c.o(i.HAL_I2C_AbortCpltCallback)
    HAL_I2C_AddrCallback                     0x080011af   Thumb Code     2  stm32h7xx_hal_i2c.o(i.HAL_I2C_AddrCallback)
    HAL_I2C_ER_IRQHandler                    0x080011b1   Thumb Code   104  stm32h7xx_hal_i2c.o(i.HAL_I2C_ER_IRQHandler)
    HAL_I2C_EV_IRQHandler                    0x08001219   Thumb Code    16  stm32h7xx_hal_i2c.o(i.HAL_I2C_EV_IRQHandler)
    HAL_I2C_ErrorCallback                    0x08001229   Thumb Code     2  stm32h7xx_hal_i2c.o(i.HAL_I2C_ErrorCallback)
    HAL_I2C_Init                             0x0800122d   Thumb Code   180  stm32h7xx_hal_i2c.o(i.HAL_I2C_Init)
    HAL_I2C_ListenCpltCallback               0x080012e5   Thumb Code     2  stm32h7xx_hal_i2c.o(i.HAL_I2C_ListenCpltCallback)
    HAL_I2C_Master_Transmit                  0x080012e9   Thumb Code   282  stm32h7xx_hal_i2c.o(i.HAL_I2C_Master_Transmit)
    HAL_I2C_MspInit                          0x0800140d   Thumb Code   124  stm32h7xx_hal_msp.o(i.HAL_I2C_MspInit)
    HAL_I2C_SlaveRxCpltCallback              0x08001495   Thumb Code     2  stm32h7xx_hal_i2c.o(i.HAL_I2C_SlaveRxCpltCallback)
    HAL_I2C_SlaveTxCpltCallback              0x08001497   Thumb Code     2  stm32h7xx_hal_i2c.o(i.HAL_I2C_SlaveTxCpltCallback)
    HAL_IncTick                              0x08001499   Thumb Code    12  stm32h7xx_hal.o(i.HAL_IncTick)
    HAL_Init                                 0x080014a9   Thumb Code    72  stm32h7xx_hal.o(i.HAL_Init)
    HAL_InitTick                             0x08001501   Thumb Code    56  stm32h7xx_hal.o(i.HAL_InitTick)
    HAL_MspInit                              0x08001541   Thumb Code    22  stm32h7xx_hal_msp.o(i.HAL_MspInit)
    HAL_NVIC_EnableIRQ                       0x0800155d   Thumb Code    26  stm32h7xx_hal_cortex.o(i.HAL_NVIC_EnableIRQ)
    HAL_NVIC_SetPriority                     0x08001579   Thumb Code    60  stm32h7xx_hal_cortex.o(i.HAL_NVIC_SetPriority)
    HAL_NVIC_SetPriorityGrouping             0x080015b9   Thumb Code    28  stm32h7xx_hal_cortex.o(i.HAL_NVIC_SetPriorityGrouping)
    HAL_PWREx_ConfigSupply                   0x080015dd   Thumb Code    78  stm32h7xx_hal_pwr_ex.o(i.HAL_PWREx_ConfigSupply)
    HAL_RCCEx_GetD1SysClockFreq              0x08001631   Thumb Code    30  stm32h7xx_hal_rcc_ex.o(i.HAL_RCCEx_GetD1SysClockFreq)
    HAL_RCCEx_GetD3PCLK1Freq                 0x0800165d   Thumb Code    26  stm32h7xx_hal_rcc_ex.o(i.HAL_RCCEx_GetD3PCLK1Freq)
    HAL_RCCEx_GetPLL1ClockFreq               0x08001681   Thumb Code   296  stm32h7xx_hal_rcc_ex.o(i.HAL_RCCEx_GetPLL1ClockFreq)
    HAL_RCCEx_GetPLL2ClockFreq               0x080017c5   Thumb Code   296  stm32h7xx_hal_rcc_ex.o(i.HAL_RCCEx_GetPLL2ClockFreq)
    HAL_RCCEx_GetPLL3ClockFreq               0x08001909   Thumb Code   296  stm32h7xx_hal_rcc_ex.o(i.HAL_RCCEx_GetPLL3ClockFreq)
    HAL_RCCEx_GetPeriphCLKFreq               0x08001a4d   Thumb Code   454  stm32h7xx_hal_rcc_ex.o(i.HAL_RCCEx_GetPeriphCLKFreq)
    HAL_RCCEx_PeriphCLKConfig                0x08001c29   Thumb Code  2204  stm32h7xx_hal_rcc_ex.o(i.HAL_RCCEx_PeriphCLKConfig)
    HAL_RCC_ClockConfig                      0x080024c5   Thumb Code   560  stm32h7xx_hal_rcc.o(i.HAL_RCC_ClockConfig)
    HAL_RCC_GetHCLKFreq                      0x08002709   Thumb Code    30  stm32h7xx_hal_rcc.o(i.HAL_RCC_GetHCLKFreq)
    HAL_RCC_GetPCLK1Freq                     0x08002735   Thumb Code    26  stm32h7xx_hal_rcc.o(i.HAL_RCC_GetPCLK1Freq)
    HAL_RCC_GetPCLK2Freq                     0x08002759   Thumb Code    26  stm32h7xx_hal_rcc.o(i.HAL_RCC_GetPCLK2Freq)
    HAL_RCC_GetSysClockFreq                  0x0800277d   Thumb Code   278  stm32h7xx_hal_rcc.o(i.HAL_RCC_GetSysClockFreq)
    HAL_RCC_OscConfig                        0x080028b5   Thumb Code  1258  stm32h7xx_hal_rcc.o(i.HAL_RCC_OscConfig)
    HAL_SDEx_Read_DMADoubleBuf0CpltCallback  0x08002d9f   Thumb Code     2  stm32h7xx_hal_sd.o(i.HAL_SDEx_Read_DMADoubleBuf0CpltCallback)
    HAL_SDEx_Read_DMADoubleBuf1CpltCallback  0x08002da1   Thumb Code     2  stm32h7xx_hal_sd.o(i.HAL_SDEx_Read_DMADoubleBuf1CpltCallback)
    HAL_SDEx_Write_DMADoubleBuf0CpltCallback 0x08002da3   Thumb Code     2  stm32h7xx_hal_sd.o(i.HAL_SDEx_Write_DMADoubleBuf0CpltCallback)
    HAL_SDEx_Write_DMADoubleBuf1CpltCallback 0x08002da5   Thumb Code     2  stm32h7xx_hal_sd.o(i.HAL_SDEx_Write_DMADoubleBuf1CpltCallback)
    HAL_SD_ConfigWideBusOperation            0x08002da9   Thumb Code   270  stm32h7xx_hal_sd.o(i.HAL_SD_ConfigWideBusOperation)
    HAL_SD_DriveTransceiver_1_8V_Callback    0x08002ebd   Thumb Code     2  stm32h7xx_hal_sd.o(i.HAL_SD_DriveTransceiver_1_8V_Callback)
    HAL_SD_ErrorCallback                     0x08002ebf   Thumb Code     2  stm32h7xx_hal_sd.o(i.HAL_SD_ErrorCallback)
    HAL_SD_GetCardCSD                        0x08002ec1   Thumb Code   440  stm32h7xx_hal_sd.o(i.HAL_SD_GetCardCSD)
    HAL_SD_GetCardInfo                       0x0800307d   Thumb Code    36  stm32h7xx_hal_sd.o(i.HAL_SD_GetCardInfo)
    HAL_SD_GetCardState                      0x080030a1   Thumb Code    44  stm32h7xx_hal_sd.o(i.HAL_SD_GetCardState)
    HAL_SD_GetCardStatus                     0x080030cd   Thumb Code   154  stm32h7xx_hal_sd.o(i.HAL_SD_GetCardStatus)
    HAL_SD_IRQHandler                        0x0800316d   Thumb Code   570  stm32h7xx_hal_sd.o(i.HAL_SD_IRQHandler)
    HAL_SD_Init                              0x080033ad   Thumb Code   162  stm32h7xx_hal_sd.o(i.HAL_SD_Init)
    HAL_SD_InitCard                          0x08003451   Thumb Code   124  stm32h7xx_hal_sd.o(i.HAL_SD_InitCard)
    HAL_SD_MspInit                           0x080034d1   Thumb Code   134  stm32h7xx_hal_msp.o(i.HAL_SD_MspInit)
    HAL_SD_ReadBlocks                        0x08003569   Thumb Code   458  stm32h7xx_hal_sd.o(i.HAL_SD_ReadBlocks)
    HAL_SD_RxCpltCallback                    0x0800373d   Thumb Code     2  stm32h7xx_hal_sd.o(i.HAL_SD_RxCpltCallback)
    HAL_SD_TxCpltCallback                    0x0800373f   Thumb Code     2  stm32h7xx_hal_sd.o(i.HAL_SD_TxCpltCallback)
    HAL_SD_WriteBlocks                       0x08003741   Thumb Code   494  stm32h7xx_hal_sd.o(i.HAL_SD_WriteBlocks)
    HAL_SYSTICK_Config                       0x08003939   Thumb Code    38  stm32h7xx_hal_cortex.o(i.HAL_SYSTICK_Config)
    HAL_TIMEx_Break2Callback                 0x0800395f   Thumb Code     2  stm32h7xx_hal_tim_ex.o(i.HAL_TIMEx_Break2Callback)
    HAL_TIMEx_BreakCallback                  0x08003961   Thumb Code     2  stm32h7xx_hal_tim_ex.o(i.HAL_TIMEx_BreakCallback)
    HAL_TIMEx_CommutCallback                 0x08003963   Thumb Code     2  stm32h7xx_hal_tim_ex.o(i.HAL_TIMEx_CommutCallback)
    HAL_TIMEx_MasterConfigSynchronization    0x08003965   Thumb Code   128  stm32h7xx_hal_tim_ex.o(i.HAL_TIMEx_MasterConfigSynchronization)
    HAL_TIM_Base_Init                        0x080039fd   Thumb Code    54  stm32h7xx_hal_tim.o(i.HAL_TIM_Base_Init)
    HAL_TIM_Base_MspInit                     0x08003a35   Thumb Code    50  stm32h7xx_hal_msp.o(i.HAL_TIM_Base_MspInit)
    HAL_TIM_Base_Start_IT                    0x08003a6d   Thumb Code    40  stm32h7xx_hal_tim.o(i.HAL_TIM_Base_Start_IT)
    HAL_TIM_ConfigClockSource                0x08003a99   Thumb Code   242  stm32h7xx_hal_tim.o(i.HAL_TIM_ConfigClockSource)
    HAL_TIM_IC_CaptureCallback               0x08003b91   Thumb Code     2  stm32h7xx_hal_tim.o(i.HAL_TIM_IC_CaptureCallback)
    HAL_TIM_IRQHandler                       0x08003b93   Thumb Code   386  stm32h7xx_hal_tim.o(i.HAL_TIM_IRQHandler)
    HAL_TIM_OC_DelayElapsedCallback          0x08003d15   Thumb Code     2  stm32h7xx_hal_tim.o(i.HAL_TIM_OC_DelayElapsedCallback)
    HAL_TIM_PWM_PulseFinishedCallback        0x08003d17   Thumb Code     2  stm32h7xx_hal_tim.o(i.HAL_TIM_PWM_PulseFinishedCallback)
    HAL_TIM_PeriodElapsedCallback            0x08003d19   Thumb Code    62  main.o(i.HAL_TIM_PeriodElapsedCallback)
    HAL_TIM_TriggerCallback                  0x08003d75   Thumb Code     2  stm32h7xx_hal_tim.o(i.HAL_TIM_TriggerCallback)
    HAL_UARTEx_DisableFifoMode               0x08003d77   Thumb Code    64  stm32h7xx_hal_uart_ex.o(i.HAL_UARTEx_DisableFifoMode)
    HAL_UARTEx_RxFifoFullCallback            0x08003db7   Thumb Code     2  stm32h7xx_hal_uart_ex.o(i.HAL_UARTEx_RxFifoFullCallback)
    HAL_UARTEx_SetRxFifoThreshold            0x08003db9   Thumb Code    76  stm32h7xx_hal_uart_ex.o(i.HAL_UARTEx_SetRxFifoThreshold)
    HAL_UARTEx_SetTxFifoThreshold            0x08003e05   Thumb Code    76  stm32h7xx_hal_uart_ex.o(i.HAL_UARTEx_SetTxFifoThreshold)
    HAL_UARTEx_TxFifoEmptyCallback           0x08003e51   Thumb Code     2  stm32h7xx_hal_uart_ex.o(i.HAL_UARTEx_TxFifoEmptyCallback)
    HAL_UARTEx_WakeupCallback                0x08003e53   Thumb Code     2  stm32h7xx_hal_uart_ex.o(i.HAL_UARTEx_WakeupCallback)
    HAL_UART_ErrorCallback                   0x08003e55   Thumb Code     2  stm32h7xx_hal_uart.o(i.HAL_UART_ErrorCallback)
    HAL_UART_IRQHandler                      0x08003e59   Thumb Code   436  stm32h7xx_hal_uart.o(i.HAL_UART_IRQHandler)
    HAL_UART_Init                            0x08004019   Thumb Code   106  stm32h7xx_hal_uart.o(i.HAL_UART_Init)
    HAL_UART_MspInit                         0x08004085   Thumb Code   832  stm32h7xx_hal_msp.o(i.HAL_UART_MspInit)
    HAL_UART_Transmit                        0x08004405   Thumb Code   190  stm32h7xx_hal_uart.o(i.HAL_UART_Transmit)
    HAL_UART_TxCpltCallback                  0x080044c3   Thumb Code     2  stm32h7xx_hal_uart.o(i.HAL_UART_TxCpltCallback)
    HardFault_Handler                        0x080044c5   Thumb Code     2  stm32h7xx_it.o(i.HardFault_Handler)
    I2C1_ER_IRQHandler                       0x080044c9   Thumb Code     6  stm32h7xx_it.o(i.I2C1_ER_IRQHandler)
    I2C1_EV_IRQHandler                       0x080044d5   Thumb Code     6  stm32h7xx_it.o(i.I2C1_EV_IRQHandler)
    IMU_change_sampling_frequency            0x08004bf3   Thumb Code     6  imu_com.o(i.IMU_change_sampling_frequency)
    IMU_connect                              0x08004bf9   Thumb Code    12  imu_com.o(i.IMU_connect)
    IMU_disconnect                           0x08004c05   Thumb Code     6  imu_com.o(i.IMU_disconnect)
    IMU_get_battery_voltage                  0x08004c0b   Thumb Code     8  imu_com.o(i.IMU_get_battery_voltage)
    IMU_get_change_sync_time                 0x08004c13   Thumb Code    26  imu_com.o(i.IMU_get_change_sync_time)
    IMU_get_sync_time                        0x08004c2d   Thumb Code    48  imu_com.o(i.IMU_get_sync_time)
    IMU_get_systicks                         0x08004c61   Thumb Code     8  imu_com.o(i.IMU_get_systicks)
    IMU_go_to_sleep                          0x08004c69   Thumb Code     8  imu_com.o(i.IMU_go_to_sleep)
    IMU_reset_previous_connected_modules_array 0x08004c71   Thumb Code    22  imu_com.o(i.IMU_reset_previous_connected_modules_array)
    IMU_send_adv_msg                         0x08004c8d   Thumb Code    10  imu_com.o(i.IMU_send_adv_msg)
    IMU_send_adv_msg_wrong                   0x08004c97   Thumb Code    10  imu_com.o(i.IMU_send_adv_msg_wrong)
    IMU_start_calibration                    0x08004ca1   Thumb Code     8  imu_com.o(i.IMU_start_calibration)
    IMU_start_measurements                   0x08004ca9   Thumb Code    48  imu_com.o(i.IMU_start_measurements)
    IMU_start_synchronisation                0x08004cdd   Thumb Code     8  imu_com.o(i.IMU_start_synchronisation)
    IMU_stop_measurements                    0x08004ce5   Thumb Code     8  imu_com.o(i.IMU_stop_measurements)
    IMU_sync_handler                         0x08004ced   Thumb Code   280  imu_com.o(i.IMU_sync_handler)
    IMU_sync_reset                           0x08004e29   Thumb Code     8  imu_com.o(i.IMU_sync_reset)
    IMU_synchronisation_adaptation           0x08004e35   Thumb Code    88  imu_com.o(i.IMU_synchronisation_adaptation)
    MX_FATFS_Init                            0x08004ead   Thumb Code    18  fatfs.o(i.MX_FATFS_Init)
    MX_GPIO_Init                             0x08004ec9   Thumb Code   334  config.o(i.MX_GPIO_Init)
    MX_UART4_Init                            0x080050c1   Thumb Code    64  uart_init.o(i.MX_UART4_Init)
    MX_UART5_Init                            0x08005109   Thumb Code    64  uart_init.o(i.MX_UART5_Init)
    MX_UART7_Init                            0x08005151   Thumb Code    64  uart_init.o(i.MX_UART7_Init)
    MX_UART8_Init                            0x08005199   Thumb Code    64  uart_init.o(i.MX_UART8_Init)
    MX_USART1_UART_Init                      0x080051e1   Thumb Code    64  uart_init.o(i.MX_USART1_UART_Init)
    MX_USART2_UART_Init                      0x08005229   Thumb Code    64  uart_init.o(i.MX_USART2_UART_Init)
    MX_USART3_UART_Init                      0x08005271   Thumb Code    64  uart_init.o(i.MX_USART3_UART_Init)
    MX_USART6_UART_Init                      0x080052b9   Thumb Code    64  uart_init.o(i.MX_USART6_UART_Init)
    MemManage_Handler                        0x08005301   Thumb Code     2  stm32h7xx_it.o(i.MemManage_Handler)
    NMI_Handler                              0x08005303   Thumb Code     2  stm32h7xx_it.o(i.NMI_Handler)
    PendSV_Handler                           0x08005305   Thumb Code     2  stm32h7xx_it.o(i.PendSV_Handler)
    RB_Init                                  0x08005307   Thumb Code    22  uartringbuffer.o(i.RB_Init)
    RB_IsDataAvailable                       0x0800531d   Thumb Code    30  uartringbuffer.o(i.RB_IsDataAvailable)
    RB_UART_ISR                              0x0800533b   Thumb Code    96  uartringbuffer.o(i.RB_UART_ISR)
    RB_Uart_read                             0x0800539b   Thumb Code    50  uartringbuffer.o(i.RB_Uart_read)
    RB_Uart_write                            0x080053cd   Thumb Code    54  uartringbuffer.o(i.RB_Uart_write)
    SDMMC1_IRQHandler                        0x08005645   Thumb Code     6  stm32h7xx_it.o(i.SDMMC1_IRQHandler)
    SDMMC_CmdAppCommand                      0x08005651   Thumb Code    52  stm32h7xx_ll_sdmmc.o(i.SDMMC_CmdAppCommand)
    SDMMC_CmdAppOperCommand                  0x08005685   Thumb Code    46  stm32h7xx_ll_sdmmc.o(i.SDMMC_CmdAppOperCommand)
    SDMMC_CmdBlockLength                     0x080056b3   Thumb Code    50  stm32h7xx_ll_sdmmc.o(i.SDMMC_CmdBlockLength)
    SDMMC_CmdBusWidth                        0x080056e5   Thumb Code    52  stm32h7xx_ll_sdmmc.o(i.SDMMC_CmdBusWidth)
    SDMMC_CmdGoIdleState                     0x08005719   Thumb Code    74  stm32h7xx_ll_sdmmc.o(i.SDMMC_CmdGoIdleState)
    SDMMC_CmdOperCond                        0x0800576d   Thumb Code   110  stm32h7xx_ll_sdmmc.o(i.SDMMC_CmdOperCond)
    SDMMC_CmdReadMultiBlock                  0x080057e1   Thumb Code    52  stm32h7xx_ll_sdmmc.o(i.SDMMC_CmdReadMultiBlock)
    SDMMC_CmdReadSingleBlock                 0x08005815   Thumb Code    52  stm32h7xx_ll_sdmmc.o(i.SDMMC_CmdReadSingleBlock)
    SDMMC_CmdSelDesel                        0x08005849   Thumb Code    50  stm32h7xx_ll_sdmmc.o(i.SDMMC_CmdSelDesel)
    SDMMC_CmdSendCID                         0x0800587b   Thumb Code    44  stm32h7xx_ll_sdmmc.o(i.SDMMC_CmdSendCID)
    SDMMC_CmdSendCSD                         0x080058a7   Thumb Code    48  stm32h7xx_ll_sdmmc.o(i.SDMMC_CmdSendCSD)
    SDMMC_CmdSendSCR                         0x080058d7   Thumb Code    50  stm32h7xx_ll_sdmmc.o(i.SDMMC_CmdSendSCR)
    SDMMC_CmdSendStatus                      0x08005909   Thumb Code    52  stm32h7xx_ll_sdmmc.o(i.SDMMC_CmdSendStatus)
    SDMMC_CmdSetRelAdd                       0x0800593d   Thumb Code    50  stm32h7xx_ll_sdmmc.o(i.SDMMC_CmdSetRelAdd)
    SDMMC_CmdStatusRegister                  0x0800596f   Thumb Code    50  stm32h7xx_ll_sdmmc.o(i.SDMMC_CmdStatusRegister)
    SDMMC_CmdStopTransfer                    0x080059a1   Thumb Code    78  stm32h7xx_ll_sdmmc.o(i.SDMMC_CmdStopTransfer)
    SDMMC_CmdVoltageSwitch                   0x080059f5   Thumb Code    50  stm32h7xx_ll_sdmmc.o(i.SDMMC_CmdVoltageSwitch)
    SDMMC_CmdWriteMultiBlock                 0x08005a27   Thumb Code    52  stm32h7xx_ll_sdmmc.o(i.SDMMC_CmdWriteMultiBlock)
    SDMMC_CmdWriteSingleBlock                0x08005a5b   Thumb Code    52  stm32h7xx_ll_sdmmc.o(i.SDMMC_CmdWriteSingleBlock)
    SDMMC_ConfigData                         0x08005a8f   Thumb Code    38  stm32h7xx_ll_sdmmc.o(i.SDMMC_ConfigData)
    SDMMC_GetPowerState                      0x08005d01   Thumb Code     8  stm32h7xx_ll_sdmmc.o(i.SDMMC_GetPowerState)
    SDMMC_GetResponse                        0x08005d09   Thumb Code     6  stm32h7xx_ll_sdmmc.o(i.SDMMC_GetResponse)
    SDMMC_Init                               0x08005d11   Thumb Code    28  stm32h7xx_ll_sdmmc.o(i.SDMMC_Init)
    SDMMC_PowerState_ON                      0x08005d31   Thumb Code    12  stm32h7xx_ll_sdmmc.o(i.SDMMC_PowerState_ON)
    SDMMC_ReadFIFO                           0x08005d3d   Thumb Code     6  stm32h7xx_ll_sdmmc.o(i.SDMMC_ReadFIFO)
    SDMMC_SendCommand                        0x08005d45   Thumb Code    34  stm32h7xx_ll_sdmmc.o(i.SDMMC_SendCommand)
    SDMMC_WriteFIFO                          0x08005d6d   Thumb Code    10  stm32h7xx_ll_sdmmc.o(i.SDMMC_WriteFIFO)
    SD_CARD_COM_check_existing_files         0x08005d79   Thumb Code    40  sd_card_com.o(i.SD_CARD_COM_check_existing_files)
    SD_CARD_COM_close_file                   0x08005db1   Thumb Code     6  sd_card_com.o(i.SD_CARD_COM_close_file)
    SD_CARD_COM_create_new_file              0x08005dbd   Thumb Code    84  sd_card_com.o(i.SD_CARD_COM_create_new_file)
    SD_CARD_COM_get_status                   0x08005e71   Thumb Code     6  sd_card_com.o(i.SD_CARD_COM_get_status)
    SD_CARD_COM_mount                        0x08005e7d   Thumb Code    90  sd_card_com.o(i.SD_CARD_COM_mount)
    SD_CARD_COM_open_close                   0x08005f3d   Thumb Code    56  sd_card_com.o(i.SD_CARD_COM_open_close)
    SD_CARD_COM_open_file                    0x08005f79   Thumb Code    30  sd_card_com.o(i.SD_CARD_COM_open_file)
    SD_CARD_COM_save_data                    0x08005fad   Thumb Code   118  sd_card_com.o(i.SD_CARD_COM_save_data)
    SD_CARD_COM_set_status                   0x08006045   Thumb Code     6  sd_card_com.o(i.SD_CARD_COM_set_status)
    SD_CARD_COM_unmount                      0x08006051   Thumb Code    38  sd_card_com.o(i.SD_CARD_COM_unmount)
    SD_CARD_available                        0x080060bd   Thumb Code    24  sd_card_com.o(i.SD_CARD_available)
    SD_initialize                            0x080064d9   Thumb Code    28  sd_diskio.o(i.SD_initialize)
    SD_ioctl                                 0x080064f9   Thumb Code    84  sd_diskio.o(i.SD_ioctl)
    SD_read                                  0x08006551   Thumb Code    38  sd_diskio.o(i.SD_read)
    SD_status                                0x08006577   Thumb Code     4  sd_diskio.o(i.SD_status)
    SD_write                                 0x0800657d   Thumb Code    38  sd_diskio.o(i.SD_write)
    SVC_Handler                              0x080065a3   Thumb Code     2  stm32h7xx_it.o(i.SVC_Handler)
    SysTick_Handler                          0x080065a5   Thumb Code     4  stm32h7xx_it.o(i.SysTick_Handler)
    SystemClock_Config                       0x080065a9   Thumb Code   188  config.o(i.SystemClock_Config)
    SystemInit                               0x08006671   Thumb Code   134  system_stm32h7xx.o(i.SystemInit)
    TIM2_IRQHandler                          0x0800670d   Thumb Code     6  stm32h7xx_it.o(i.TIM2_IRQHandler)
    TIM_Base_SetConfig                       0x08006719   Thumb Code   162  stm32h7xx_hal_tim.o(i.TIM_Base_SetConfig)
    TIM_ETR_SetConfig                        0x080067dd   Thumb Code    18  stm32h7xx_hal_tim.o(i.TIM_ETR_SetConfig)
    UART4_IRQHandler                         0x0800684d   Thumb Code     6  stm32h7xx_it.o(i.UART4_IRQHandler)
    UART5_IRQHandler                         0x08006859   Thumb Code     6  stm32h7xx_it.o(i.UART5_IRQHandler)
    UART7_IRQHandler                         0x08006865   Thumb Code     6  stm32h7xx_it.o(i.UART7_IRQHandler)
    UART8_IRQHandler                         0x08006871   Thumb Code     6  stm32h7xx_it.o(i.UART8_IRQHandler)
    UART_AdvFeatureConfig                    0x080068e1   Thumb Code   200  stm32h7xx_hal_uart.o(i.UART_AdvFeatureConfig)
    UART_COM_print                           0x080069a9   Thumb Code    62  uart_com.o(i.UART_COM_print)
    UART_COM_print_buffer_hex                0x080069e7   Thumb Code   108  uart_com.o(i.UART_COM_print_buffer_hex)
    UART_COM_print_ln                        0x08006a53   Thumb Code    68  uart_com.o(i.UART_COM_print_ln)
    UART_COM_read                            0x08006a97   Thumb Code     4  uart_com.o(i.UART_COM_read)
    UART_COM_write                           0x08006a9b   Thumb Code    32  uart_com.o(i.UART_COM_write)
    UART_CheckIdleState                      0x08006abb   Thumb Code    94  stm32h7xx_hal_uart.o(i.UART_CheckIdleState)
    UART_ISR_Manager                         0x08006b55   Thumb Code   170  uartringbuffermanager.o(i.UART_ISR_Manager)
    UART_IsDataAvailable                     0x08006c41   Thumb Code    88  uartringbuffermanager.o(i.UART_IsDataAvailable)
    UART_Read                                0x08006cd9   Thumb Code    88  uartringbuffermanager.o(i.UART_Read)
    UART_Ringbuffer_Init                     0x08006d71   Thumb Code     4  uartringbuffermanager.o(i.UART_Ringbuffer_Init)
    UART_SetConfig                           0x08006d75   Thumb Code  3084  stm32h7xx_hal_uart.o(i.UART_SetConfig)
    UART_WaitOnFlagUntilTimeout              0x08007985   Thumb Code   164  stm32h7xx_hal_uart.o(i.UART_WaitOnFlagUntilTimeout)
    UART_Write                               0x08007a29   Thumb Code   156  uartringbuffermanager.o(i.UART_Write)
    USART1_IRQHandler                        0x08007b05   Thumb Code     6  stm32h7xx_it.o(i.USART1_IRQHandler)
    USART2_IRQHandler                        0x08007b11   Thumb Code     6  stm32h7xx_it.o(i.USART2_IRQHandler)
    USART3_IRQHandler                        0x08007b1d   Thumb Code     6  stm32h7xx_it.o(i.USART3_IRQHandler)
    USART6_IRQHandler                        0x08007b29   Thumb Code     6  stm32h7xx_it.o(i.USART6_IRQHandler)
    USB_COM_change_frequency_menu            0x08007b35   Thumb Code    60  usb_com.o(i.USB_COM_change_frequency_menu)
    USB_COM_change_sampling_frequency_all    0x08007c65   Thumb Code    32  usb_com.o(i.USB_COM_change_sampling_frequency_all)
    USB_COM_check_rx_buffer                  0x08007c89   Thumb Code   632  usb_com.o(i.USB_COM_check_rx_buffer)
    USB_COM_print                            0x08007fc5   Thumb Code     8  usb_com.o(i.USB_COM_print)
    USB_COM_print_buffer_hex                 0x08007fd1   Thumb Code    10  usb_com.o(i.USB_COM_print_buffer_hex)
    USB_COM_print_buffer_mac_address         0x08007fe1   Thumb Code    26  usb_com.o(i.USB_COM_print_buffer_mac_address)
    USB_COM_print_info                       0x0800800d   Thumb Code    24  usb_com.o(i.USB_COM_print_info)
    USB_COM_print_ln                         0x08008029   Thumb Code     8  usb_com.o(i.USB_COM_print_ln)
    USB_COM_show_menu                        0x08008035   Thumb Code   174  usb_com.o(i.USB_COM_show_menu)
    UsageFault_Handler                       0x0800830d   Thumb Code     2  stm32h7xx_it.o(i.UsageFault_Handler)
    __0sprintf                               0x08008311   Thumb Code    34  printfa.o(i.__0sprintf)
    __1sprintf                               0x08008311   Thumb Code     0  printfa.o(i.__0sprintf)
    __2sprintf                               0x08008311   Thumb Code     0  printfa.o(i.__0sprintf)
    __c89sprintf                             0x08008311   Thumb Code     0  printfa.o(i.__0sprintf)
    sprintf                                  0x08008311   Thumb Code     0  printfa.o(i.__0sprintf)
    __scatterload_copy                       0x0800835b   Thumb Code    14  handlers.o(i.__scatterload_copy)
    __scatterload_null                       0x08008369   Thumb Code     2  handlers.o(i.__scatterload_null)
    __scatterload_zeroinit                   0x0800836b   Thumb Code    14  handlers.o(i.__scatterload_zeroinit)
    disk_initialize                          0x080091c1   Thumb Code    34  diskio.o(i.disk_initialize)
    disk_ioctl                               0x080091e9   Thumb Code    20  diskio.o(i.disk_ioctl)
    disk_read                                0x08009201   Thumb Code    22  diskio.o(i.disk_read)
    disk_status                              0x0800921d   Thumb Code    16  diskio.o(i.disk_status)
    disk_write                               0x08009231   Thumb Code    22  diskio.o(i.disk_write)
    f_close                                  0x0800924d   Thumb Code    40  ff.o(i.f_close)
    f_mount                                  0x08009275   Thumb Code    84  ff.o(i.f_mount)
    f_open                                   0x080092cd   Thumb Code   522  ff.o(i.f_open)
    f_printf                                 0x080094dd   Thumb Code   464  ff.o(i.f_printf)
    f_sync                                   0x080096ad   Thumb Code   142  ff.o(i.f_sync)
    f_write                                  0x0800973b   Thumb Code   396  ff.o(i.f_write)
    free                                     0x08009b95   Thumb Code    76  malloc.o(i.free)
    get_fattime                              0x08009ca3   Thumb Code     4  fatfs.o(i.get_fattime)
    main                                     0x08009dad   Thumb Code   208  main.o(i.main)
    malloc                                   0x08009ea1   Thumb Code    92  malloc.o(i.malloc)
    store_char                               0x0800a6a5   Thumb Code    40  uartringbuffer.o(i.store_char)
    SD_Driver                                0x0800a7dc   Data          20  sd_diskio.o(.constdata)
    D1CorePrescTable                         0x0800a7f0   Data          16  system_stm32h7xx.o(.constdata)
    Region$$Table$$Base                      0x0800ab64   Number         0  anon$$obj.o(Region$$Table)
    Region$$Table$$Limit                     0x0800ab84   Number         0  anon$$obj.o(Region$$Table)
    gpio_buf_IC5                             0x20000000   Data           1  main.o(.data)
    imu_1                                    0x20000004   Data          32  main.o(.data)
    imu_2                                    0x20000024   Data          32  main.o(.data)
    imu_3                                    0x20000044   Data          32  main.o(.data)
    imu_4                                    0x20000064   Data          32  main.o(.data)
    imu_array                                0x20000084   Data          24  main.o(.data)
    imu_5                                    0x2000009c   Data          32  main.o(.data)
    imu_6                                    0x200000bc   Data          32  main.o(.data)
    retSD                                    0x200000dd   Data           1  fatfs.o(.data)
    SDPath                                   0x200000de   Data           4  fatfs.o(.data)
    previous_command                         0x200000e4   Data           1  usb_com.o(.data)
    sync_enable                              0x200000e5   Data           1  usb_com.o(.data)
    last_sync_started_time                   0x200000e8   Data           4  usb_com.o(.data)
    imu                                      0x200000ec   Data           4  usb_com.o(.data)
    previous_connected_modules               0x200000f0   Data           6  usb_com.o(.data)
    state                                    0x200000f6   Data           1  imu_com.o(.data)
    wait_time                                0x200000f7   Data           1  imu_com.o(.data)
    sd_card_ready                            0x200000f8   Data           1  sd_card_com.o(.data)
    file_nummer                              0x200000fa   Data           2  sd_card_com.o(.data)
    uwTickFreq                               0x200000fc   Data           1  stm32h7xx_hal.o(.data)
    uwTickPrio                               0x20000100   Data           4  stm32h7xx_hal.o(.data)
    uwTick                                   0x20000104   Data           4  stm32h7xx_hal.o(.data)
    SystemCoreClock                          0x20000108   Data           4  system_stm32h7xx.o(.data)
    SystemD2Clock                            0x2000010c   Data           4  system_stm32h7xx.o(.data)
    __microlib_freelist                      0x20000118   Data           4  mvars.o(.data)
    __microlib_freelist_initialised          0x2000011c   Data           4  mvars.o(.data)
    myFATAFS                                 0x20000120   Data         560  main.o(.bss)
    uart4_buffer                             0x20000350   Data         206  main.o(.bss)
    uart6_buffer                             0x2000041e   Data         206  main.o(.bss)
    uart7_buffer                             0x200004ec   Data         206  main.o(.bss)
    uart8_buffer                             0x200005ba   Data         206  main.o(.bss)
    hi2c1                                    0x20000688   Data          76  main.o(.bss)
    htim2                                    0x200006d4   Data          64  main.o(.bss)
    huart4                                   0x20000714   Data         140  main.o(.bss)
    huart5                                   0x200007a0   Data         140  main.o(.bss)
    huart7                                   0x2000082c   Data         140  main.o(.bss)
    huart8                                   0x200008b8   Data         140  main.o(.bss)
    huart6                                   0x20000944   Data         140  main.o(.bss)
    myFILE                                   0x200009d0   Data         560  main.o(.bss)
    huart1                                   0x20000c00   Data         140  main.o(.bss)
    huart2                                   0x20000c8c   Data         140  main.o(.bss)
    huart3                                   0x20000d18   Data         140  main.o(.bss)
    huart1_rx_buffer                         0x20000da4   Data        2008  uartringbuffermanager.o(.bss)
    huart1_tx_buffer                         0x2000157c   Data        2008  uartringbuffermanager.o(.bss)
    huart2_rx_buffer                         0x20001d54   Data        2008  uartringbuffermanager.o(.bss)
    huart2_tx_buffer                         0x2000252c   Data        2008  uartringbuffermanager.o(.bss)
    huart3_rx_buffer                         0x20002d04   Data        2008  uartringbuffermanager.o(.bss)
    huart3_tx_buffer                         0x200034dc   Data        2008  uartringbuffermanager.o(.bss)
    huart4_rx_buffer                         0x20003cb4   Data        2008  uartringbuffermanager.o(.bss)
    huart4_tx_buffer                         0x2000448c   Data        2008  uartringbuffermanager.o(.bss)
    huart5_rx_buffer                         0x20004c64   Data        2008  uartringbuffermanager.o(.bss)
    huart5_tx_buffer                         0x2000543c   Data        2008  uartringbuffermanager.o(.bss)
    huart6_rx_buffer                         0x20005c14   Data        2008  uartringbuffermanager.o(.bss)
    huart6_tx_buffer                         0x200063ec   Data        2008  uartringbuffermanager.o(.bss)
    huart7_rx_buffer                         0x20006bc4   Data        2008  uartringbuffermanager.o(.bss)
    huart7_tx_buffer                         0x2000739c   Data        2008  uartringbuffermanager.o(.bss)
    huart8_rx_buffer                         0x20007b74   Data        2008  uartringbuffermanager.o(.bss)
    huart8_tx_buffer                         0x2000834c   Data        2008  uartringbuffermanager.o(.bss)
    hsd1                                     0x20008b24   Data         128  sd_card_com.o(.bss)
    disk                                     0x20008bc4   Data          12  ff_gen_drv.o(.bss)
    __heap_base                              0x20008bd0   Data           0  startup_stm32h743xx.o(HEAP)
    __heap_limit                             0x2000abd0   Data           0  startup_stm32h743xx.o(HEAP)
    __initial_sp                             0x2000ebd0   Data           0  startup_stm32h743xx.o(STACK)



==============================================================================

Memory Map of the image

  Image Entry point : 0x08000299

  Load Region LR_IROM1 (Base: 0x08000000, Size: 0x0000aca4, Max: 0x00200000, ABSOLUTE)

    Execution Region ER_IROM1 (Exec base: 0x08000000, Load base: 0x08000000, Size: 0x0000ab84, Max: 0x00200000, ABSOLUTE)

    Exec Addr    Load Addr    Size         Type   Attr      Idx    E Section Name        Object

    0x08000000   0x08000000   0x00000298   Data   RO            3    RESET               startup_stm32h743xx.o
    0x08000298   0x08000298   0x00000000   Code   RO         6456  * .ARM.Collect$$$$00000000  mc_w.l(entry.o)
    0x08000298   0x08000298   0x00000004   Code   RO         6754    .ARM.Collect$$$$00000001  mc_w.l(entry2.o)
    0x0800029c   0x0800029c   0x00000004   Code   RO         6757    .ARM.Collect$$$$00000004  mc_w.l(entry5.o)
    0x080002a0   0x080002a0   0x00000000   Code   RO         6759    .ARM.Collect$$$$00000008  mc_w.l(entry7b.o)
    0x080002a0   0x080002a0   0x00000000   Code   RO         6761    .ARM.Collect$$$$0000000A  mc_w.l(entry8b.o)
    0x080002a0   0x080002a0   0x00000008   Code   RO         6762    .ARM.Collect$$$$0000000B  mc_w.l(entry9a.o)
    0x080002a8   0x080002a8   0x00000000   Code   RO         6764    .ARM.Collect$$$$0000000D  mc_w.l(entry10a.o)
    0x080002a8   0x080002a8   0x00000000   Code   RO         6766    .ARM.Collect$$$$0000000F  mc_w.l(entry11a.o)
    0x080002a8   0x080002a8   0x00000004   Code   RO         6755    .ARM.Collect$$$$00002712  mc_w.l(entry2.o)
    0x080002ac   0x080002ac   0x00000024   Code   RO            4    .text               startup_stm32h743xx.o
    0x080002d0   0x080002d0   0x00000062   Code   RO         6459    .text               mc_w.l(uldiv.o)
    0x08000332   0x08000332   0x00000024   Code   RO         6461    .text               mc_w.l(memseta.o)
    0x08000356   0x08000356   0x0000000e   Code   RO         6463    .text               mc_w.l(strlen.o)
    0x08000364   0x08000364   0x0000002c   Code   RO         6771    .text               mc_w.l(uidiv.o)
    0x08000390   0x08000390   0x0000001e   Code   RO         6773    .text               mc_w.l(llshl.o)
    0x080003ae   0x080003ae   0x00000020   Code   RO         6775    .text               mc_w.l(llushr.o)
    0x080003ce   0x080003ce   0x00000000   Code   RO         6783    .text               mc_w.l(iusefp.o)
    0x080003ce   0x080003ce   0x0000014e   Code   RO         6784    .text               mf_w.l(dadd.o)
    0x0800051c   0x0800051c   0x000000e4   Code   RO         6786    .text               mf_w.l(dmul.o)
    0x08000600   0x08000600   0x000000de   Code   RO         6788    .text               mf_w.l(ddiv.o)
    0x080006de   0x080006de   0x00000030   Code   RO         6790    .text               mf_w.l(dfixul.o)
    0x0800070e   0x0800070e   0x00000002   PAD
    0x08000710   0x08000710   0x00000030   Code   RO         6792    .text               mf_w.l(cdrcmple.o)
    0x08000740   0x08000740   0x00000024   Code   RO         6794    .text               mc_w.l(init.o)
    0x08000764   0x08000764   0x00000024   Code   RO         6797    .text               mc_w.l(llsshr.o)
    0x08000788   0x08000788   0x000000ba   Code   RO         6800    .text               mf_w.l(depilogue.o)
    0x08000842   0x08000842   0x00000002   PAD
    0x08000844   0x08000844   0x00000018   Code   RO          546    i.BSP_PlatformIsDetected  fatfs_platform.o
    0x0800085c   0x0800085c   0x0000000c   Code   RO          353    i.BSP_SD_GetCardInfo  bsp_driver_sd.o
    0x08000868   0x08000868   0x00000018   Code   RO          354    i.BSP_SD_GetCardState  bsp_driver_sd.o
    0x08000880   0x08000880   0x00000030   Code   RO          356    i.BSP_SD_Init       bsp_driver_sd.o
    0x080008b0   0x080008b0   0x0000001a   Code   RO          357    i.BSP_SD_IsDetected  bsp_driver_sd.o
    0x080008ca   0x080008ca   0x00000002   PAD
    0x080008cc   0x080008cc   0x00000020   Code   RO          358    i.BSP_SD_ReadBlocks  bsp_driver_sd.o
    0x080008ec   0x080008ec   0x00000020   Code   RO          361    i.BSP_SD_WriteBlocks  bsp_driver_sd.o
    0x0800090c   0x0800090c   0x00000018   Code   RO         1276    i.BT_calculateCS    proteusii_driver.o
    0x08000924   0x08000924   0x00000020   Code   RO         1279    i.BT_connect        proteusii_driver.o
    0x08000944   0x08000944   0x00000006   Code   RO         1280    i.BT_disconnect     proteusii_driver.o
    0x0800094a   0x0800094a   0x00000002   PAD
    0x0800094c   0x0800094c   0x000000d8   Code   RO          176    i.BT_read_ringbuffer_pakket  main.o
    0x08000a24   0x08000a24   0x0000000a   Code   RO         1286    i.BT_transmitData   proteusii_driver.o
    0x08000a2e   0x08000a2e   0x0000000c   Code   RO         1287    i.BT_transmitMsg_CMD  proteusii_driver.o
    0x08000a3a   0x08000a3a   0x0000003e   Code   RO         1288    i.BT_transmitMsg_CMD_Data  proteusii_driver.o
    0x08000a78   0x08000a78   0x00000030   Code   RO         1289    i.BT_transmit_CMD   proteusii_driver.o
    0x08000aa8   0x08000aa8   0x00000036   Code   RO         1290    i.BT_transmit_CMD_Byte  proteusii_driver.o
    0x08000ade   0x08000ade   0x00000054   Code   RO         1291    i.BT_transmit_CMD_Bytes  proteusii_driver.o
    0x08000b32   0x08000b32   0x00000002   Code   RO          570    i.BusFault_Handler  stm32h7xx_it.o
    0x08000b34   0x08000b34   0x00000002   Code   RO          571    i.DebugMon_Handler  stm32h7xx_it.o
    0x08000b36   0x08000b36   0x00000006   Code   RO          572    i.EXTI2_IRQHandler  stm32h7xx_it.o
    0x08000b3c   0x08000b3c   0x00000006   Code   RO          573    i.EXTI9_5_IRQHandler  stm32h7xx_it.o
    0x08000b42   0x08000b42   0x00000002   Code   RO          177    i.Error_Handler     main.o
    0x08000b44   0x08000b44   0x00000006   Code   RO         6385    i.FATFS_LinkDriver  ff_gen_drv.o
    0x08000b4a   0x08000b4a   0x00000002   PAD
    0x08000b4c   0x08000b4c   0x00000040   Code   RO         6386    i.FATFS_LinkDriverEx  ff_gen_drv.o
    0x08000b8c   0x08000b8c   0x00000006   Code   RO         6387    i.FATFS_UnLinkDriver  ff_gen_drv.o
    0x08000b92   0x08000b92   0x00000002   PAD
    0x08000b94   0x08000b94   0x00000034   Code   RO         6388    i.FATFS_UnLinkDriverEx  ff_gen_drv.o
    0x08000bc8   0x08000bc8   0x00000284   Code   RO         2267    i.HAL_DMA_Abort_IT  stm32h7xx_hal_dma.o
    0x08000e4c   0x08000e4c   0x00000024   Code   RO         2975    i.HAL_Delay         stm32h7xx_hal.o
    0x08000e70   0x08000e70   0x00000040   Code   RO          178    i.HAL_GPIO_EXTI_Callback  main.o
    0x08000eb0   0x08000eb0   0x00000018   Code   RO         2113    i.HAL_GPIO_EXTI_IRQHandler  stm32h7xx_hal_gpio.o
    0x08000ec8   0x08000ec8   0x000001fc   Code   RO         2114    i.HAL_GPIO_Init     stm32h7xx_hal_gpio.o
    0x080010c4   0x080010c4   0x0000000a   Code   RO         2116    i.HAL_GPIO_ReadPin  stm32h7xx_hal_gpio.o
    0x080010ce   0x080010ce   0x0000000e   Code   RO         2117    i.HAL_GPIO_TogglePin  stm32h7xx_hal_gpio.o
    0x080010dc   0x080010dc   0x0000000a   Code   RO         2118    i.HAL_GPIO_WritePin  stm32h7xx_hal_gpio.o
    0x080010e6   0x080010e6   0x00000002   PAD
    0x080010e8   0x080010e8   0x0000000c   Code   RO         2990    i.HAL_GetREVID      stm32h7xx_hal.o
    0x080010f4   0x080010f4   0x0000000c   Code   RO         2991    i.HAL_GetTick       stm32h7xx_hal.o
    0x08001100   0x08001100   0x00000058   Code   RO         3761    i.HAL_I2CEx_ConfigAnalogFilter  stm32h7xx_hal_i2c_ex.o
    0x08001158   0x08001158   0x00000054   Code   RO         3762    i.HAL_I2CEx_ConfigDigitalFilter  stm32h7xx_hal_i2c_ex.o
    0x080011ac   0x080011ac   0x00000002   Code   RO         3304    i.HAL_I2C_AbortCpltCallback  stm32h7xx_hal_i2c.o
    0x080011ae   0x080011ae   0x00000002   Code   RO         3305    i.HAL_I2C_AddrCallback  stm32h7xx_hal_i2c.o
    0x080011b0   0x080011b0   0x00000068   Code   RO         3308    i.HAL_I2C_ER_IRQHandler  stm32h7xx_hal_i2c.o
    0x08001218   0x08001218   0x00000010   Code   RO         3309    i.HAL_I2C_EV_IRQHandler  stm32h7xx_hal_i2c.o
    0x08001228   0x08001228   0x00000002   Code   RO         3311    i.HAL_I2C_ErrorCallback  stm32h7xx_hal_i2c.o
    0x0800122a   0x0800122a   0x00000002   PAD
    0x0800122c   0x0800122c   0x000000b8   Code   RO         3315    i.HAL_I2C_Init      stm32h7xx_hal_i2c.o
    0x080012e4   0x080012e4   0x00000002   Code   RO         3317    i.HAL_I2C_ListenCpltCallback  stm32h7xx_hal_i2c.o
    0x080012e6   0x080012e6   0x00000002   PAD
    0x080012e8   0x080012e8   0x00000124   Code   RO         3328    i.HAL_I2C_Master_Transmit  stm32h7xx_hal_i2c.o
    0x0800140c   0x0800140c   0x00000088   Code   RO          731    i.HAL_I2C_MspInit   stm32h7xx_hal_msp.o
    0x08001494   0x08001494   0x00000002   Code   RO         3341    i.HAL_I2C_SlaveRxCpltCallback  stm32h7xx_hal_i2c.o
    0x08001496   0x08001496   0x00000002   Code   RO         3342    i.HAL_I2C_SlaveTxCpltCallback  stm32h7xx_hal_i2c.o
    0x08001498   0x08001498   0x00000010   Code   RO         2997    i.HAL_IncTick       stm32h7xx_hal.o
    0x080014a8   0x080014a8   0x00000058   Code   RO         2998    i.HAL_Init          stm32h7xx_hal.o
    0x08001500   0x08001500   0x00000040   Code   RO         2999    i.HAL_InitTick      stm32h7xx_hal.o
    0x08001540   0x08001540   0x0000001c   Code   RO          732    i.HAL_MspInit       stm32h7xx_hal_msp.o
    0x0800155c   0x0800155c   0x0000001a   Code   RO         1502    i.HAL_NVIC_EnableIRQ  stm32h7xx_hal_cortex.o
    0x08001576   0x08001576   0x00000002   PAD
    0x08001578   0x08001578   0x00000040   Code   RO         1508    i.HAL_NVIC_SetPriority  stm32h7xx_hal_cortex.o
    0x080015b8   0x080015b8   0x00000024   Code   RO         1509    i.HAL_NVIC_SetPriorityGrouping  stm32h7xx_hal_cortex.o
    0x080015dc   0x080015dc   0x00000054   Code   RO         2715    i.HAL_PWREx_ConfigSupply  stm32h7xx_hal_pwr_ex.o
    0x08001630   0x08001630   0x0000002c   Code   RO         1751    i.HAL_RCCEx_GetD1SysClockFreq  stm32h7xx_hal_rcc_ex.o
    0x0800165c   0x0800165c   0x00000024   Code   RO         1752    i.HAL_RCCEx_GetD3PCLK1Freq  stm32h7xx_hal_rcc_ex.o
    0x08001680   0x08001680   0x00000144   Code   RO         1753    i.HAL_RCCEx_GetPLL1ClockFreq  stm32h7xx_hal_rcc_ex.o
    0x080017c4   0x080017c4   0x00000144   Code   RO         1754    i.HAL_RCCEx_GetPLL2ClockFreq  stm32h7xx_hal_rcc_ex.o
    0x08001908   0x08001908   0x00000144   Code   RO         1755    i.HAL_RCCEx_GetPLL3ClockFreq  stm32h7xx_hal_rcc_ex.o
    0x08001a4c   0x08001a4c   0x000001dc   Code   RO         1757    i.HAL_RCCEx_GetPeriphCLKFreq  stm32h7xx_hal_rcc_ex.o
    0x08001c28   0x08001c28   0x0000089c   Code   RO         1759    i.HAL_RCCEx_PeriphCLKConfig  stm32h7xx_hal_rcc_ex.o
    0x080024c4   0x080024c4   0x00000244   Code   RO         1638    i.HAL_RCC_ClockConfig  stm32h7xx_hal_rcc.o
    0x08002708   0x08002708   0x0000002c   Code   RO         1643    i.HAL_RCC_GetHCLKFreq  stm32h7xx_hal_rcc.o
    0x08002734   0x08002734   0x00000024   Code   RO         1645    i.HAL_RCC_GetPCLK1Freq  stm32h7xx_hal_rcc.o
    0x08002758   0x08002758   0x00000024   Code   RO         1646    i.HAL_RCC_GetPCLK2Freq  stm32h7xx_hal_rcc.o
    0x0800277c   0x0800277c   0x00000138   Code   RO         1647    i.HAL_RCC_GetSysClockFreq  stm32h7xx_hal_rcc.o
    0x080028b4   0x080028b4   0x000004ea   Code   RO         1650    i.HAL_RCC_OscConfig  stm32h7xx_hal_rcc.o
    0x08002d9e   0x08002d9e   0x00000002   Code   RO         4205    i.HAL_SDEx_Read_DMADoubleBuf0CpltCallback  stm32h7xx_hal_sd.o
    0x08002da0   0x08002da0   0x00000002   Code   RO         4206    i.HAL_SDEx_Read_DMADoubleBuf1CpltCallback  stm32h7xx_hal_sd.o
    0x08002da2   0x08002da2   0x00000002   Code   RO         4207    i.HAL_SDEx_Write_DMADoubleBuf0CpltCallback  stm32h7xx_hal_sd.o
    0x08002da4   0x08002da4   0x00000002   Code   RO         4208    i.HAL_SDEx_Write_DMADoubleBuf1CpltCallback  stm32h7xx_hal_sd.o
    0x08002da6   0x08002da6   0x00000002   PAD
    0x08002da8   0x08002da8   0x00000114   Code   RO         4213    i.HAL_SD_ConfigWideBusOperation  stm32h7xx_hal_sd.o
    0x08002ebc   0x08002ebc   0x00000002   Code   RO         4215    i.HAL_SD_DriveTransceiver_1_8V_Callback  stm32h7xx_hal_sd.o
    0x08002ebe   0x08002ebe   0x00000002   Code   RO         4217    i.HAL_SD_ErrorCallback  stm32h7xx_hal_sd.o
    0x08002ec0   0x08002ec0   0x000001bc   Code   RO         4219    i.HAL_SD_GetCardCSD  stm32h7xx_hal_sd.o
    0x0800307c   0x0800307c   0x00000024   Code   RO         4220    i.HAL_SD_GetCardInfo  stm32h7xx_hal_sd.o
    0x080030a0   0x080030a0   0x0000002c   Code   RO         4221    i.HAL_SD_GetCardState  stm32h7xx_hal_sd.o
    0x080030cc   0x080030cc   0x000000a0   Code   RO         4222    i.HAL_SD_GetCardStatus  stm32h7xx_hal_sd.o
    0x0800316c   0x0800316c   0x00000240   Code   RO         4225    i.HAL_SD_IRQHandler  stm32h7xx_hal_sd.o
    0x080033ac   0x080033ac   0x000000a2   Code   RO         4226    i.HAL_SD_Init       stm32h7xx_hal_sd.o
    0x0800344e   0x0800344e   0x00000002   PAD
    0x08003450   0x08003450   0x00000080   Code   RO         4227    i.HAL_SD_InitCard   stm32h7xx_hal_sd.o
    0x080034d0   0x080034d0   0x00000098   Code   RO          734    i.HAL_SD_MspInit    stm32h7xx_hal_msp.o
    0x08003568   0x08003568   0x000001d4   Code   RO         4230    i.HAL_SD_ReadBlocks  stm32h7xx_hal_sd.o
    0x0800373c   0x0800373c   0x00000002   Code   RO         4233    i.HAL_SD_RxCpltCallback  stm32h7xx_hal_sd.o
    0x0800373e   0x0800373e   0x00000002   Code   RO         4234    i.HAL_SD_TxCpltCallback  stm32h7xx_hal_sd.o
    0x08003740   0x08003740   0x000001f8   Code   RO         4235    i.HAL_SD_WriteBlocks  stm32h7xx_hal_sd.o
    0x08003938   0x08003938   0x00000026   Code   RO         1513    i.HAL_SYSTICK_Config  stm32h7xx_hal_cortex.o
    0x0800395e   0x0800395e   0x00000002   Code   RO         5197    i.HAL_TIMEx_Break2Callback  stm32h7xx_hal_tim_ex.o
    0x08003960   0x08003960   0x00000002   Code   RO         5198    i.HAL_TIMEx_BreakCallback  stm32h7xx_hal_tim_ex.o
    0x08003962   0x08003962   0x00000002   Code   RO         5199    i.HAL_TIMEx_CommutCallback  stm32h7xx_hal_tim_ex.o
    0x08003964   0x08003964   0x00000098   Code   RO         5218    i.HAL_TIMEx_MasterConfigSynchronization  stm32h7xx_hal_tim_ex.o
    0x080039fc   0x080039fc   0x00000036   Code   RO         4500    i.HAL_TIM_Base_Init  stm32h7xx_hal_tim.o
    0x08003a32   0x08003a32   0x00000002   PAD
    0x08003a34   0x08003a34   0x00000038   Code   RO          736    i.HAL_TIM_Base_MspInit  stm32h7xx_hal_msp.o
    0x08003a6c   0x08003a6c   0x0000002c   Code   RO         4505    i.HAL_TIM_Base_Start_IT  stm32h7xx_hal_tim.o
    0x08003a98   0x08003a98   0x000000f8   Code   RO         4509    i.HAL_TIM_ConfigClockSource  stm32h7xx_hal_tim.o
    0x08003b90   0x08003b90   0x00000002   Code   RO         4531    i.HAL_TIM_IC_CaptureCallback  stm32h7xx_hal_tim.o
    0x08003b92   0x08003b92   0x00000182   Code   RO         4545    i.HAL_TIM_IRQHandler  stm32h7xx_hal_tim.o
    0x08003d14   0x08003d14   0x00000002   Code   RO         4548    i.HAL_TIM_OC_DelayElapsedCallback  stm32h7xx_hal_tim.o
    0x08003d16   0x08003d16   0x00000002   Code   RO         4575    i.HAL_TIM_PWM_PulseFinishedCallback  stm32h7xx_hal_tim.o
    0x08003d18   0x08003d18   0x0000005c   Code   RO          179    i.HAL_TIM_PeriodElapsedCallback  main.o
    0x08003d74   0x08003d74   0x00000002   Code   RO         4588    i.HAL_TIM_TriggerCallback  stm32h7xx_hal_tim.o
    0x08003d76   0x08003d76   0x00000040   Code   RO         5868    i.HAL_UARTEx_DisableFifoMode  stm32h7xx_hal_uart_ex.o
    0x08003db6   0x08003db6   0x00000002   Code   RO         5872    i.HAL_UARTEx_RxFifoFullCallback  stm32h7xx_hal_uart_ex.o
    0x08003db8   0x08003db8   0x0000004c   Code   RO         5873    i.HAL_UARTEx_SetRxFifoThreshold  stm32h7xx_hal_uart_ex.o
    0x08003e04   0x08003e04   0x0000004c   Code   RO         5874    i.HAL_UARTEx_SetTxFifoThreshold  stm32h7xx_hal_uart_ex.o
    0x08003e50   0x08003e50   0x00000002   Code   RO         5876    i.HAL_UARTEx_TxFifoEmptyCallback  stm32h7xx_hal_uart_ex.o
    0x08003e52   0x08003e52   0x00000002   Code   RO         5877    i.HAL_UARTEx_WakeupCallback  stm32h7xx_hal_uart_ex.o
    0x08003e54   0x08003e54   0x00000002   Code   RO         5496    i.HAL_UART_ErrorCallback  stm32h7xx_hal_uart.o
    0x08003e56   0x08003e56   0x00000002   PAD
    0x08003e58   0x08003e58   0x000001c0   Code   RO         5499    i.HAL_UART_IRQHandler  stm32h7xx_hal_uart.o
    0x08004018   0x08004018   0x0000006a   Code   RO         5500    i.HAL_UART_Init     stm32h7xx_hal_uart.o
    0x08004082   0x08004082   0x00000002   PAD
    0x08004084   0x08004084   0x00000380   Code   RO          738    i.HAL_UART_MspInit  stm32h7xx_hal_msp.o
    0x08004404   0x08004404   0x000000be   Code   RO         5509    i.HAL_UART_Transmit  stm32h7xx_hal_uart.o
    0x080044c2   0x080044c2   0x00000002   Code   RO         5512    i.HAL_UART_TxCpltCallback  stm32h7xx_hal_uart.o
    0x080044c4   0x080044c4   0x00000002   Code   RO          574    i.HardFault_Handler  stm32h7xx_it.o
    0x080044c6   0x080044c6   0x00000002   PAD
    0x080044c8   0x080044c8   0x0000000c   Code   RO          575    i.I2C1_ER_IRQHandler  stm32h7xx_it.o
    0x080044d4   0x080044d4   0x0000000c   Code   RO          576    i.I2C1_EV_IRQHandler  stm32h7xx_it.o
    0x080044e0   0x080044e0   0x00000028   Code   RO         3354    i.I2C_DMAAbort      stm32h7xx_hal_i2c.o
    0x08004508   0x08004508   0x00000056   Code   RO         3360    i.I2C_Disable_IRQ   stm32h7xx_hal_i2c.o
    0x0800455e   0x0800455e   0x00000022   Code   RO         3362    i.I2C_Flush_TXDR    stm32h7xx_hal_i2c.o
    0x08004580   0x08004580   0x00000088   Code   RO         3363    i.I2C_ITAddrCplt    stm32h7xx_hal_i2c.o
    0x08004608   0x08004608   0x000000e0   Code   RO         3364    i.I2C_ITError       stm32h7xx_hal_i2c.o
    0x080046e8   0x080046e8   0x00000064   Code   RO         3365    i.I2C_ITListenCplt  stm32h7xx_hal_i2c.o
    0x0800474c   0x0800474c   0x00000184   Code   RO         3368    i.I2C_ITSlaveCplt   stm32h7xx_hal_i2c.o
    0x080048d0   0x080048d0   0x00000054   Code   RO         3369    i.I2C_ITSlaveSeqCplt  stm32h7xx_hal_i2c.o
    0x08004924   0x08004924   0x00000088   Code   RO         3370    i.I2C_IsAcknowledgeFailed  stm32h7xx_hal_i2c.o
    0x080049ac   0x080049ac   0x00000120   Code   RO         3376    i.I2C_Slave_ISR_IT  stm32h7xx_hal_i2c.o
    0x08004acc   0x08004acc   0x0000002c   Code   RO         3377    i.I2C_TransferConfig  stm32h7xx_hal_i2c.o
    0x08004af8   0x08004af8   0x0000005a   Code   RO         3378    i.I2C_WaitOnFlagUntilTimeout  stm32h7xx_hal_i2c.o
    0x08004b52   0x08004b52   0x0000004e   Code   RO         3380    i.I2C_WaitOnSTOPFlagUntilTimeout  stm32h7xx_hal_i2c.o
    0x08004ba0   0x08004ba0   0x00000052   Code   RO         3381    i.I2C_WaitOnTXISFlagUntilTimeout  stm32h7xx_hal_i2c.o
    0x08004bf2   0x08004bf2   0x00000006   Code   RO         1148    i.IMU_change_sampling_frequency  imu_com.o
    0x08004bf8   0x08004bf8   0x0000000c   Code   RO         1149    i.IMU_connect       imu_com.o
    0x08004c04   0x08004c04   0x00000006   Code   RO         1150    i.IMU_disconnect    imu_com.o
    0x08004c0a   0x08004c0a   0x00000008   Code   RO         1151    i.IMU_get_battery_voltage  imu_com.o
    0x08004c12   0x08004c12   0x0000001a   Code   RO         1152    i.IMU_get_change_sync_time  imu_com.o
    0x08004c2c   0x08004c2c   0x00000034   Code   RO         1153    i.IMU_get_sync_time  imu_com.o
    0x08004c60   0x08004c60   0x00000008   Code   RO         1154    i.IMU_get_systicks  imu_com.o
    0x08004c68   0x08004c68   0x00000008   Code   RO         1155    i.IMU_go_to_sleep   imu_com.o
    0x08004c70   0x08004c70   0x0000001c   Code   RO         1156    i.IMU_reset_previous_connected_modules_array  imu_com.o
    0x08004c8c   0x08004c8c   0x0000000a   Code   RO         1157    i.IMU_send_adv_msg  imu_com.o
    0x08004c96   0x08004c96   0x0000000a   Code   RO         1158    i.IMU_send_adv_msg_wrong  imu_com.o
    0x08004ca0   0x08004ca0   0x00000008   Code   RO         1159    i.IMU_start_calibration  imu_com.o
    0x08004ca8   0x08004ca8   0x00000034   Code   RO         1160    i.IMU_start_measurements  imu_com.o
    0x08004cdc   0x08004cdc   0x00000008   Code   RO         1161    i.IMU_start_synchronisation  imu_com.o
    0x08004ce4   0x08004ce4   0x00000008   Code   RO         1162    i.IMU_stop_measurements  imu_com.o
    0x08004cec   0x08004cec   0x0000013c   Code   RO         1163    i.IMU_sync_handler  imu_com.o
    0x08004e28   0x08004e28   0x0000000c   Code   RO         1164    i.IMU_sync_reset    imu_com.o
    0x08004e34   0x08004e34   0x00000058   Code   RO         1165    i.IMU_synchronisation_adaptation  imu_com.o
    0x08004e8c   0x08004e8c   0x00000020   Code   RO          180    i.IOExpander_update  main.o
    0x08004eac   0x08004eac   0x0000001c   Code   RO          508    i.MX_FATFS_Init     fatfs.o
    0x08004ec8   0x08004ec8   0x00000164   Code   RO           13    i.MX_GPIO_Init      config.o
    0x0800502c   0x0800502c   0x00000044   Code   RO          181    i.MX_I2C1_Init      main.o
    0x08005070   0x08005070   0x00000050   Code   RO          182    i.MX_TIM2_Init      main.o
    0x080050c0   0x080050c0   0x00000048   Code   RO         1030    i.MX_UART4_Init     uart_init.o
    0x08005108   0x08005108   0x00000048   Code   RO         1031    i.MX_UART5_Init     uart_init.o
    0x08005150   0x08005150   0x00000048   Code   RO         1032    i.MX_UART7_Init     uart_init.o
    0x08005198   0x08005198   0x00000048   Code   RO         1033    i.MX_UART8_Init     uart_init.o
    0x080051e0   0x080051e0   0x00000048   Code   RO         1034    i.MX_USART1_UART_Init  uart_init.o
    0x08005228   0x08005228   0x00000048   Code   RO         1035    i.MX_USART2_UART_Init  uart_init.o
    0x08005270   0x08005270   0x00000048   Code   RO         1036    i.MX_USART3_UART_Init  uart_init.o
    0x080052b8   0x080052b8   0x00000048   Code   RO         1037    i.MX_USART6_UART_Init  uart_init.o
    0x08005300   0x08005300   0x00000002   Code   RO          577    i.MemManage_Handler  stm32h7xx_it.o
    0x08005302   0x08005302   0x00000002   Code   RO          578    i.NMI_Handler       stm32h7xx_it.o
    0x08005304   0x08005304   0x00000002   Code   RO          579    i.PendSV_Handler    stm32h7xx_it.o
    0x08005306   0x08005306   0x00000016   Code   RO          803    i.RB_Init           uartringbuffer.o
    0x0800531c   0x0800531c   0x0000001e   Code   RO          804    i.RB_IsDataAvailable  uartringbuffer.o
    0x0800533a   0x0800533a   0x00000060   Code   RO          805    i.RB_UART_ISR       uartringbuffer.o
    0x0800539a   0x0800539a   0x00000032   Code   RO          808    i.RB_Uart_read      uartringbuffer.o
    0x080053cc   0x080053cc   0x00000036   Code   RO          810    i.RB_Uart_write     uartringbuffer.o
    0x08005402   0x08005402   0x00000002   PAD
    0x08005404   0x08005404   0x00000120   Code   RO         1762    i.RCCEx_PLL2_Config  stm32h7xx_hal_rcc_ex.o
    0x08005524   0x08005524   0x00000120   Code   RO         1763    i.RCCEx_PLL3_Config  stm32h7xx_hal_rcc_ex.o
    0x08005644   0x08005644   0x0000000c   Code   RO          580    i.SDMMC1_IRQHandler  stm32h7xx_it.o
    0x08005650   0x08005650   0x00000034   Code   RO         3887    i.SDMMC_CmdAppCommand  stm32h7xx_ll_sdmmc.o
    0x08005684   0x08005684   0x0000002e   Code   RO         3888    i.SDMMC_CmdAppOperCommand  stm32h7xx_ll_sdmmc.o
    0x080056b2   0x080056b2   0x00000032   Code   RO         3889    i.SDMMC_CmdBlockLength  stm32h7xx_ll_sdmmc.o
    0x080056e4   0x080056e4   0x00000034   Code   RO         3890    i.SDMMC_CmdBusWidth  stm32h7xx_ll_sdmmc.o
    0x08005718   0x08005718   0x00000054   Code   RO         3894    i.SDMMC_CmdGoIdleState  stm32h7xx_ll_sdmmc.o
    0x0800576c   0x0800576c   0x00000074   Code   RO         3896    i.SDMMC_CmdOperCond  stm32h7xx_ll_sdmmc.o
    0x080057e0   0x080057e0   0x00000034   Code   RO         3897    i.SDMMC_CmdReadMultiBlock  stm32h7xx_ll_sdmmc.o
    0x08005814   0x08005814   0x00000034   Code   RO         3898    i.SDMMC_CmdReadSingleBlock  stm32h7xx_ll_sdmmc.o
    0x08005848   0x08005848   0x00000032   Code   RO         3901    i.SDMMC_CmdSelDesel  stm32h7xx_ll_sdmmc.o
    0x0800587a   0x0800587a   0x0000002c   Code   RO         3902    i.SDMMC_CmdSendCID  stm32h7xx_ll_sdmmc.o
    0x080058a6   0x080058a6   0x00000030   Code   RO         3903    i.SDMMC_CmdSendCSD  stm32h7xx_ll_sdmmc.o
    0x080058d6   0x080058d6   0x00000032   Code   RO         3905    i.SDMMC_CmdSendSCR  stm32h7xx_ll_sdmmc.o
    0x08005908   0x08005908   0x00000034   Code   RO         3906    i.SDMMC_CmdSendStatus  stm32h7xx_ll_sdmmc.o
    0x0800593c   0x0800593c   0x00000032   Code   RO         3907    i.SDMMC_CmdSetRelAdd  stm32h7xx_ll_sdmmc.o
    0x0800596e   0x0800596e   0x00000032   Code   RO         3908    i.SDMMC_CmdStatusRegister  stm32h7xx_ll_sdmmc.o
    0x080059a0   0x080059a0   0x00000054   Code   RO         3909    i.SDMMC_CmdStopTransfer  stm32h7xx_ll_sdmmc.o
    0x080059f4   0x080059f4   0x00000032   Code   RO         3911    i.SDMMC_CmdVoltageSwitch  stm32h7xx_ll_sdmmc.o
    0x08005a26   0x08005a26   0x00000034   Code   RO         3912    i.SDMMC_CmdWriteMultiBlock  stm32h7xx_ll_sdmmc.o
    0x08005a5a   0x08005a5a   0x00000034   Code   RO         3913    i.SDMMC_CmdWriteSingleBlock  stm32h7xx_ll_sdmmc.o
    0x08005a8e   0x08005a8e   0x00000026   Code   RO         3914    i.SDMMC_ConfigData  stm32h7xx_ll_sdmmc.o
    0x08005ab4   0x08005ab4   0x00000124   Code   RO         3915    i.SDMMC_GetCmdResp1  stm32h7xx_ll_sdmmc.o
    0x08005bd8   0x08005bd8   0x00000054   Code   RO         3916    i.SDMMC_GetCmdResp2  stm32h7xx_ll_sdmmc.o
    0x08005c2c   0x08005c2c   0x00000048   Code   RO         3917    i.SDMMC_GetCmdResp3  stm32h7xx_ll_sdmmc.o
    0x08005c74   0x08005c74   0x0000008c   Code   RO         3918    i.SDMMC_GetCmdResp6  stm32h7xx_ll_sdmmc.o
    0x08005d00   0x08005d00   0x00000008   Code   RO         3922    i.SDMMC_GetPowerState  stm32h7xx_ll_sdmmc.o
    0x08005d08   0x08005d08   0x00000006   Code   RO         3923    i.SDMMC_GetResponse  stm32h7xx_ll_sdmmc.o
    0x08005d0e   0x08005d0e   0x00000002   PAD
    0x08005d10   0x08005d10   0x00000020   Code   RO         3924    i.SDMMC_Init        stm32h7xx_ll_sdmmc.o
    0x08005d30   0x08005d30   0x0000000c   Code   RO         3927    i.SDMMC_PowerState_ON  stm32h7xx_ll_sdmmc.o
    0x08005d3c   0x08005d3c   0x00000006   Code   RO         3928    i.SDMMC_ReadFIFO    stm32h7xx_ll_sdmmc.o
    0x08005d42   0x08005d42   0x00000002   PAD
    0x08005d44   0x08005d44   0x00000028   Code   RO         3929    i.SDMMC_SendCommand  stm32h7xx_ll_sdmmc.o
    0x08005d6c   0x08005d6c   0x0000000a   Code   RO         3931    i.SDMMC_WriteFIFO   stm32h7xx_ll_sdmmc.o
    0x08005d76   0x08005d76   0x00000002   PAD
    0x08005d78   0x08005d78   0x00000038   Code   RO         1401    i.SD_CARD_COM_check_existing_files  sd_card_com.o
    0x08005db0   0x08005db0   0x0000000c   Code   RO         1402    i.SD_CARD_COM_close_file  sd_card_com.o
    0x08005dbc   0x08005dbc   0x000000b4   Code   RO         1403    i.SD_CARD_COM_create_new_file  sd_card_com.o
    0x08005e70   0x08005e70   0x0000000c   Code   RO         1404    i.SD_CARD_COM_get_status  sd_card_com.o
    0x08005e7c   0x08005e7c   0x000000c0   Code   RO         1405    i.SD_CARD_COM_mount  sd_card_com.o
    0x08005f3c   0x08005f3c   0x0000003c   Code   RO         1406    i.SD_CARD_COM_open_close  sd_card_com.o
    0x08005f78   0x08005f78   0x00000034   Code   RO         1407    i.SD_CARD_COM_open_file  sd_card_com.o
    0x08005fac   0x08005fac   0x00000098   Code   RO         1409    i.SD_CARD_COM_save_data  sd_card_com.o
    0x08006044   0x08006044   0x0000000c   Code   RO         1410    i.SD_CARD_COM_set_status  sd_card_com.o
    0x08006050   0x08006050   0x0000006c   Code   RO         1411    i.SD_CARD_COM_unmount  sd_card_com.o
    0x080060bc   0x080060bc   0x0000001c   Code   RO         1412    i.SD_CARD_available  sd_card_com.o
    0x080060d8   0x080060d8   0x00000020   Code   RO          448    i.SD_CheckStatus    sd_diskio.o
    0x080060f8   0x080060f8   0x000000e4   Code   RO         4239    i.SD_FindSCR        stm32h7xx_hal_sd.o
    0x080061dc   0x080061dc   0x000000d4   Code   RO         4241    i.SD_InitCard       stm32h7xx_hal_sd.o
    0x080062b0   0x080062b0   0x00000144   Code   RO         4242    i.SD_PowerON        stm32h7xx_hal_sd.o
    0x080063f4   0x080063f4   0x000000e4   Code   RO         4243    i.SD_SendSDStatus   stm32h7xx_hal_sd.o
    0x080064d8   0x080064d8   0x00000020   Code   RO          449    i.SD_initialize     sd_diskio.o
    0x080064f8   0x080064f8   0x00000058   Code   RO          450    i.SD_ioctl          sd_diskio.o
    0x08006550   0x08006550   0x00000026   Code   RO          451    i.SD_read           sd_diskio.o
    0x08006576   0x08006576   0x00000004   Code   RO          452    i.SD_status         sd_diskio.o
    0x0800657a   0x0800657a   0x00000002   PAD
    0x0800657c   0x0800657c   0x00000026   Code   RO          453    i.SD_write          sd_diskio.o
    0x080065a2   0x080065a2   0x00000002   Code   RO          581    i.SVC_Handler       stm32h7xx_it.o
    0x080065a4   0x080065a4   0x00000004   Code   RO          582    i.SysTick_Handler   stm32h7xx_it.o
    0x080065a8   0x080065a8   0x000000c8   Code   RO           14    i.SystemClock_Config  config.o
    0x08006670   0x08006670   0x0000009c   Code   RO         5962    i.SystemInit        system_stm32h7xx.o
    0x0800670c   0x0800670c   0x0000000c   Code   RO          583    i.TIM2_IRQHandler   stm32h7xx_it.o
    0x08006718   0x08006718   0x000000c4   Code   RO         4590    i.TIM_Base_SetConfig  stm32h7xx_hal_tim.o
    0x080067dc   0x080067dc   0x00000012   Code   RO         4601    i.TIM_ETR_SetConfig  stm32h7xx_hal_tim.o
    0x080067ee   0x080067ee   0x00000002   PAD
    0x080067f0   0x080067f0   0x00000014   Code   RO         4602    i.TIM_ITRx_SetConfig  stm32h7xx_hal_tim.o
    0x08006804   0x08006804   0x00000022   Code   RO         4610    i.TIM_TI1_ConfigInputStage  stm32h7xx_hal_tim.o
    0x08006826   0x08006826   0x00000024   Code   RO         4612    i.TIM_TI2_ConfigInputStage  stm32h7xx_hal_tim.o
    0x0800684a   0x0800684a   0x00000002   PAD
    0x0800684c   0x0800684c   0x0000000c   Code   RO          584    i.UART4_IRQHandler  stm32h7xx_it.o
    0x08006858   0x08006858   0x0000000c   Code   RO          585    i.UART5_IRQHandler  stm32h7xx_it.o
    0x08006864   0x08006864   0x0000000c   Code   RO          586    i.UART7_IRQHandler  stm32h7xx_it.o
    0x08006870   0x08006870   0x0000000c   Code   RO          587    i.UART8_IRQHandler  stm32h7xx_it.o
    0x0800687c   0x0800687c   0x00000064   Code   RO         5878    i.UARTEx_SetNbDataToProcess  stm32h7xx_hal_uart_ex.o
    0x080068e0   0x080068e0   0x000000c8   Code   RO         5514    i.UART_AdvFeatureConfig  stm32h7xx_hal_uart.o
    0x080069a8   0x080069a8   0x0000003e   Code   RO         1100    i.UART_COM_print    uart_com.o
    0x080069e6   0x080069e6   0x0000006c   Code   RO         1101    i.UART_COM_print_buffer_hex  uart_com.o
    0x08006a52   0x08006a52   0x00000044   Code   RO         1102    i.UART_COM_print_ln  uart_com.o
    0x08006a96   0x08006a96   0x00000004   Code   RO         1103    i.UART_COM_read     uart_com.o
    0x08006a9a   0x08006a9a   0x00000020   Code   RO         1104    i.UART_COM_write    uart_com.o
    0x08006aba   0x08006aba   0x0000005e   Code   RO         5515    i.UART_CheckIdleState  stm32h7xx_hal_uart.o
    0x08006b18   0x08006b18   0x00000014   Code   RO         5516    i.UART_DMAAbortOnError  stm32h7xx_hal_uart.o
    0x08006b2c   0x08006b2c   0x00000028   Code   RO         5526    i.UART_EndRxTransfer  stm32h7xx_hal_uart.o
    0x08006b54   0x08006b54   0x000000ec   Code   RO          880    i.UART_ISR_Manager  uartringbuffermanager.o
    0x08006c40   0x08006c40   0x00000098   Code   RO          881    i.UART_IsDataAvailable  uartringbuffermanager.o
    0x08006cd8   0x08006cd8   0x00000098   Code   RO          882    i.UART_Read         uartringbuffermanager.o
    0x08006d70   0x08006d70   0x00000004   Code   RO          883    i.UART_Ringbuffer_Init  uartringbuffermanager.o
    0x08006d74   0x08006d74   0x00000c10   Code   RO         5532    i.UART_SetConfig    stm32h7xx_hal_uart.o
    0x08007984   0x08007984   0x000000a4   Code   RO         5537    i.UART_WaitOnFlagUntilTimeout  stm32h7xx_hal_uart.o
    0x08007a28   0x08007a28   0x000000dc   Code   RO          884    i.UART_Write        uartringbuffermanager.o
    0x08007b04   0x08007b04   0x0000000c   Code   RO          588    i.USART1_IRQHandler  stm32h7xx_it.o
    0x08007b10   0x08007b10   0x0000000c   Code   RO          589    i.USART2_IRQHandler  stm32h7xx_it.o
    0x08007b1c   0x08007b1c   0x0000000c   Code   RO          590    i.USART3_IRQHandler  stm32h7xx_it.o
    0x08007b28   0x08007b28   0x0000000c   Code   RO          591    i.USART6_IRQHandler  stm32h7xx_it.o
    0x08007b34   0x08007b34   0x00000130   Code   RO          935    i.USB_COM_change_frequency_menu  usb_com.o
    0x08007c64   0x08007c64   0x00000024   Code   RO          936    i.USB_COM_change_sampling_frequency_all  usb_com.o
    0x08007c88   0x08007c88   0x0000033c   Code   RO          937    i.USB_COM_check_rx_buffer  usb_com.o
    0x08007fc4   0x08007fc4   0x0000000c   Code   RO          938    i.USB_COM_print     usb_com.o
    0x08007fd0   0x08007fd0   0x00000010   Code   RO          939    i.USB_COM_print_buffer_hex  usb_com.o
    0x08007fe0   0x08007fe0   0x0000002c   Code   RO          940    i.USB_COM_print_buffer_mac_address  usb_com.o
    0x0800800c   0x0800800c   0x0000001c   Code   RO          941    i.USB_COM_print_info  usb_com.o
    0x08008028   0x08008028   0x0000000c   Code   RO          942    i.USB_COM_print_ln  usb_com.o
    0x08008034   0x08008034   0x000002d8   Code   RO          944    i.USB_COM_show_menu  usb_com.o
    0x0800830c   0x0800830c   0x00000002   Code   RO          592    i.UsageFault_Handler  stm32h7xx_it.o
    0x0800830e   0x0800830e   0x00000002   PAD
    0x08008310   0x08008310   0x00000028   Code   RO         6700    i.__0sprintf        mc_w.l(printfa.o)
    0x08008338   0x08008338   0x00000022   Code   RO         1515    i.__NVIC_SetPriority  stm32h7xx_hal_cortex.o
    0x0800835a   0x0800835a   0x0000000e   Code   RO         6804    i.__scatterload_copy  mc_w.l(handlers.o)
    0x08008368   0x08008368   0x00000002   Code   RO         6805    i.__scatterload_null  mc_w.l(handlers.o)
    0x0800836a   0x0800836a   0x0000000e   Code   RO         6806    i.__scatterload_zeroinit  mc_w.l(handlers.o)
    0x08008378   0x08008378   0x00000184   Code   RO         6705    i._fp_digits        mc_w.l(printfa.o)
    0x080084fc   0x080084fc   0x000006dc   Code   RO         6706    i._printf_core      mc_w.l(printfa.o)
    0x08008bd8   0x08008bd8   0x00000024   Code   RO         6707    i._printf_post_padding  mc_w.l(printfa.o)
    0x08008bfc   0x08008bfc   0x0000002e   Code   RO         6708    i._printf_pre_padding  mc_w.l(printfa.o)
    0x08008c2a   0x08008c2a   0x0000000a   Code   RO         6710    i._sputc            mc_w.l(printfa.o)
    0x08008c34   0x08008c34   0x00000070   Code   RO         6053    i.check_fs          ff.o
    0x08008ca4   0x08008ca4   0x0000005c   Code   RO         6054    i.chk_lock          ff.o
    0x08008d00   0x08008d00   0x00000020   Code   RO         6055    i.clear_lock        ff.o
    0x08008d20   0x08008d20   0x00000024   Code   RO         6056    i.clmt_clust        ff.o
    0x08008d44   0x08008d44   0x00000018   Code   RO         6057    i.clust2sect        ff.o
    0x08008d5c   0x08008d5c   0x0000008a   Code   RO          183    i.convertBuffer     main.o
    0x08008de6   0x08008de6   0x000000a6   Code   RO         6058    i.create_chain      ff.o
    0x08008e8c   0x08008e8c   0x000000bc   Code   RO         6059    i.create_name       ff.o
    0x08008f48   0x08008f48   0x00000034   Code   RO         6060    i.dec_lock          ff.o
    0x08008f7c   0x08008f7c   0x00000066   Code   RO         6061    i.dir_find          ff.o
    0x08008fe2   0x08008fe2   0x00000002   PAD
    0x08008fe4   0x08008fe4   0x000000f4   Code   RO         6062    i.dir_next          ff.o
    0x080090d8   0x080090d8   0x00000066   Code   RO         6064    i.dir_register      ff.o
    0x0800913e   0x0800913e   0x00000082   Code   RO         6066    i.dir_sdi           ff.o
    0x080091c0   0x080091c0   0x00000028   Code   RO         5998    i.disk_initialize   diskio.o
    0x080091e8   0x080091e8   0x00000018   Code   RO         5999    i.disk_ioctl        diskio.o
    0x08009200   0x08009200   0x0000001c   Code   RO         6000    i.disk_read         diskio.o
    0x0800921c   0x0800921c   0x00000014   Code   RO         6001    i.disk_status       diskio.o
    0x08009230   0x08009230   0x0000001c   Code   RO         6002    i.disk_write        diskio.o
    0x0800924c   0x0800924c   0x00000028   Code   RO         6067    i.f_close           ff.o
    0x08009274   0x08009274   0x00000058   Code   RO         6074    i.f_mount           ff.o
    0x080092cc   0x080092cc   0x00000210   Code   RO         6075    i.f_open            ff.o
    0x080094dc   0x080094dc   0x000001d0   Code   RO         6077    i.f_printf          ff.o
    0x080096ac   0x080096ac   0x0000008e   Code   RO         6084    i.f_sync            ff.o
    0x0800973a   0x0800973a   0x0000018c   Code   RO         6087    i.f_write           ff.o
    0x080098c6   0x080098c6   0x00000002   PAD
    0x080098c8   0x080098c8   0x00000258   Code   RO         6088    i.find_volume       ff.o
    0x08009b20   0x08009b20   0x00000074   Code   RO         6089    i.follow_path       ff.o
    0x08009b94   0x08009b94   0x00000050   Code   RO         6726    i.free              mc_w.l(malloc.o)
    0x08009be4   0x08009be4   0x000000be   Code   RO         6090    i.get_fat           ff.o
    0x08009ca2   0x08009ca2   0x00000004   Code   RO          509    i.get_fattime       fatfs.o
    0x08009ca6   0x08009ca6   0x0000003c   Code   RO         6092    i.get_ldnumber      ff.o
    0x08009ce2   0x08009ce2   0x00000002   PAD
    0x08009ce4   0x08009ce4   0x00000080   Code   RO         6093    i.inc_lock          ff.o
    0x08009d64   0x08009d64   0x00000026   Code   RO         6094    i.ld_clust          ff.o
    0x08009d8a   0x08009d8a   0x00000016   Code   RO         6095    i.ld_dword          ff.o
    0x08009da0   0x08009da0   0x0000000a   Code   RO         6096    i.ld_word           ff.o
    0x08009daa   0x08009daa   0x00000002   PAD
    0x08009dac   0x08009dac   0x000000f4   Code   RO          184    i.main              main.o
    0x08009ea0   0x08009ea0   0x0000006c   Code   RO         6727    i.malloc            mc_w.l(malloc.o)
    0x08009f0c   0x08009f0c   0x00000012   Code   RO         6097    i.mem_cpy           ff.o
    0x08009f1e   0x08009f1e   0x00000002   PAD
    0x08009f20   0x08009f20   0x0000000e   Code   RO         6098    i.mem_set           ff.o
    0x08009f2e   0x08009f2e   0x00000032   Code   RO         6099    i.move_window       ff.o
    0x08009f60   0x08009f60   0x000000f0   Code   RO         6100    i.put_fat           ff.o
    0x0800a050   0x0800a050   0x00000046   Code   RO         6101    i.putc_bfd          ff.o
    0x0800a096   0x0800a096   0x0000002a   Code   RO         6102    i.putc_flush        ff.o
    0x0800a0c0   0x0800a0c0   0x00000074   Code   RO         6103    i.remove_chain      ff.o
    0x0800a134   0x0800a134   0x0000017c   Code   RO          185    i.rsv_bt_packet_handler  main.o
    0x0800a2b0   0x0800a2b0   0x0000032c   Code   RO          186    i.rsv_data_msg_handler  main.o
    0x0800a5dc   0x0800a5dc   0x00000028   Code   RO         6104    i.st_clust          ff.o
    0x0800a604   0x0800a604   0x00000010   Code   RO         6105    i.st_dword          ff.o
    0x0800a614   0x0800a614   0x00000008   Code   RO         6106    i.st_word           ff.o
    0x0800a61c   0x0800a61c   0x00000088   Code   RO          187    i.startUpLeds       main.o
    0x0800a6a4   0x0800a6a4   0x00000028   Code   RO          811    i.store_char        uartringbuffer.o
    0x0800a6cc   0x0800a6cc   0x00000088   Code   RO         6107    i.sync_fs           ff.o
    0x0800a754   0x0800a754   0x00000052   Code   RO         6108    i.sync_window       ff.o
    0x0800a7a6   0x0800a7a6   0x00000034   Code   RO         6109    i.validate          ff.o
    0x0800a7da   0x0800a7da   0x00000002   PAD
    0x0800a7dc   0x0800a7dc   0x00000014   Data   RO          454    .constdata          sd_diskio.o
    0x0800a7f0   0x0800a7f0   0x00000010   Data   RO         5963    .constdata          system_stm32h7xx.o
    0x0800a800   0x0800a800   0x0000009c   Data   RO         6111    .constdata          ff.o
    0x0800a89c   0x0800a89c   0x000000a1   Data   RO          198    .conststring        main.o
    0x0800a93d   0x0800a93d   0x00000003   PAD
    0x0800a940   0x0800a940   0x0000000d   Data   RO          199    .conststring        main.o
    0x0800a94d   0x0800a94d   0x00000003   PAD
    0x0800a950   0x0800a950   0x0000000d   Data   RO          200    .conststring        main.o
    0x0800a95d   0x0800a95d   0x00000003   PAD
    0x0800a960   0x0800a960   0x00000202   Data   RO          945    .conststring        usb_com.o
    0x0800ab62   0x0800ab62   0x00000002   PAD
    0x0800ab64   0x0800ab64   0x00000020   Data   RO         6802    Region$$Table       anon$$obj.o


    Execution Region RW_IRAM1 (Exec base: 0x20000000, Load base: 0x0800ab84, Size: 0x0000ebd0, Max: 0x00020000, ABSOLUTE)

    Exec Addr    Load Addr    Size         Type   Attr      Idx    E Section Name        Object

    0x20000000   0x0800ab84   0x0000009c   Data   RW          202    .data               main.o
    0x2000009c   0x0800ac20   0x00000020   Data   RW          203    .data               main.o
    0x200000bc   0x0800ac40   0x00000020   Data   RW          204    .data               main.o
    0x200000dc   0x0800ac60   0x00000001   Data   RW          455    .data               sd_diskio.o
    0x200000dd   0x0800ac61   0x00000005   Data   RW          512    .data               fatfs.o
    0x200000e2   0x0800ac66   0x00000002   PAD
    0x200000e4   0x0800ac68   0x00000012   Data   RW          946    .data               usb_com.o
    0x200000f6   0x0800ac7a   0x00000002   Data   RW         1166    .data               imu_com.o
    0x200000f8   0x0800ac7c   0x00000004   Data   RW         1415    .data               sd_card_com.o
    0x200000fc   0x0800ac80   0x0000000c   Data   RW         3020    .data               stm32h7xx_hal.o
    0x20000108   0x0800ac8c   0x00000008   Data   RW         5964    .data               system_stm32h7xx.o
    0x20000110   0x0800ac94   0x00000008   Data   RW         6112    .data               ff.o
    0x20000118   0x0800ac9c   0x00000004   Data   RW         6781    .data               mc_w.l(mvars.o)
    0x2000011c   0x0800aca0   0x00000004   Data   RW         6782    .data               mc_w.l(mvars.o)
    0x20000120        -       0x00000230   Zero   RW          188    .bss                main.o
    0x20000350        -       0x00000680   Zero   RW          192    .bss                main.o
    0x200009d0        -       0x00000230   Zero   RW          194    .bss                main.o
    0x20000c00        -       0x0000008c   Zero   RW          195    .bss                main.o
    0x20000c8c        -       0x0000008c   Zero   RW          196    .bss                main.o
    0x20000d18        -       0x0000008c   Zero   RW          197    .bss                main.o
    0x20000da4        -       0x00007d80   Zero   RW          885    .bss                uartringbuffermanager.o
    0x20008b24        -       0x00000080   Zero   RW         1413    .bss                sd_card_com.o
    0x20008ba4        -       0x00000020   Zero   RW         6110    .bss                ff.o
    0x20008bc4        -       0x0000000c   Zero   RW         6389    .bss                ff_gen_drv.o
    0x20008bd0        -       0x00002000   Zero   RW            2    HEAP                startup_stm32h743xx.o
    0x2000abd0        -       0x00004000   Zero   RW            1    STACK               startup_stm32h743xx.o


==============================================================================

Image component sizes


      Code (inc. data)   RO Data    RW Data    ZI Data      Debug   Object Name

       174         26          0          0          0       4093   bsp_driver_sd.o
       556         34          0          0          0    1299179   config.o
       140         26          0          0          0       3877   diskio.o
        32         10          0          5          0       1568   fatfs.o
        24          4          0          0          0        573   fatfs_platform.o
      4986         82        156          8         32      42452   ff.o
       128         12          0          0         12       3147   ff_gen_drv.o
       666         64          0          2          0      11700   imu_com.o
      2264        830        187        220       3204      18960   main.o
       332          0          0          0          0       6574   proteusii_driver.o
       864        366          0          4        128       7945   sd_card_com.o
       232         14         20          1          0       4632   sd_diskio.o
        36          8        664          0      24576        864   startup_stm32h743xx.o
       228         42          0         12          0      23180   stm32h7xx_hal.o
       198         12          0          0          0      39131   stm32h7xx_hal_cortex.o
       644         42          0          0          0       2327   stm32h7xx_hal_dma.o
       566         50          0          0          0       4635   stm32h7xx_hal_gpio.o
      2418         84          0          0          0      20637   stm32h7xx_hal_i2c.o
       172          0          0          0          0       2039   stm32h7xx_hal_i2c_ex.o
      1268        106          0          0          0       4795   stm32h7xx_hal_msp.o
        84          6          0          0          0        813   stm32h7xx_hal_pwr_ex.o
      2266         96          0          0          0       7032   stm32h7xx_hal_rcc.o
      4308        186          0          0          0      11129   stm32h7xx_hal_rcc_ex.o
      3806         60          0          0          0      22072   stm32h7xx_hal_sd.o
      1044         56          0          0          0      10417   stm32h7xx_hal_tim.o
       158         24          0          0          0       3204   stm32h7xx_hal_tim_ex.o
      4354        134          0          0          0      12562   stm32h7xx_hal_uart.o
       322         18          0          0          0       5570   stm32h7xx_hal_uart_ex.o
       176         72          0          0          0      11046   stm32h7xx_it.o
      1826         72          0          0          0      25383   stm32h7xx_ll_sdmmc.o
       156         22         16          8          0       1434   system_stm32h7xx.o
       274          0          0          0          0       4054   uart_com.o
       576         64          0          0          0       4776   uart_init.o
       292          0          0          0          0       4437   uartringbuffer.o
       764        258          0          0      32128       4942   uartringbuffermanager.o
      2008       1040        514         18          0      12029   usb_com.o

    ----------------------------------------------------------------------
     38398       3920       1600        280      60080    1643208   Object Totals
         0          0         32          0          0          0   (incl. Generated)
        56          0         11          2          0          0   (incl. Padding)

    ----------------------------------------------------------------------

      Code (inc. data)   RO Data    RW Data    ZI Data      Debug   Library Member Name

         0          0          0          0          0          0   entry.o
         0          0          0          0          0          0   entry10a.o
         0          0          0          0          0          0   entry11a.o
         8          4          0          0          0          0   entry2.o
         4          0          0          0          0          0   entry5.o
         0          0          0          0          0          0   entry7b.o
         0          0          0          0          0          0   entry8b.o
         8          4          0          0          0          0   entry9a.o
        30          0          0          0          0          0   handlers.o
        36          8          0          0          0         68   init.o
         0          0          0          0          0          0   iusefp.o
        30          0          0          0          0         68   llshl.o
        36          0          0          0          0         68   llsshr.o
        32          0          0          0          0         68   llushr.o
       188         20          0          0          0        160   malloc.o
        36          0          0          0          0        108   memseta.o
         0          0          0          8          0          0   mvars.o
      2276         86          0          0          0        520   printfa.o
        14          0          0          0          0         68   strlen.o
        44          0          0          0          0         80   uidiv.o
        98          0          0          0          0         92   uldiv.o
        48          0          0          0          0         68   cdrcmple.o
       334          0          0          0          0        148   dadd.o
       222          0          0          0          0        100   ddiv.o
       186          0          0          0          0        176   depilogue.o
        48          0          0          0          0         68   dfixul.o
       228          0          0          0          0         96   dmul.o

    ----------------------------------------------------------------------
      3910        122          0          8          0       1956   Library Totals
         4          0          0          0          0          0   (incl. Padding)

    ----------------------------------------------------------------------

      Code (inc. data)   RO Data    RW Data    ZI Data      Debug   Library Name

      2840        122          0          8          0       1300   mc_w.l
      1066          0          0          0          0        656   mf_w.l

    ----------------------------------------------------------------------
      3910        122          0          8          0       1956   Library Totals

    ----------------------------------------------------------------------

==============================================================================


      Code (inc. data)   RO Data    RW Data    ZI Data      Debug   

     42308       4042       1600        288      60080    1612880   Grand Totals
     42308       4042       1600        288      60080    1612880   ELF Image Totals
     42308       4042       1600        288          0          0   ROM Totals

==============================================================================

    Total RO  Size (Code + RO Data)                43908 (  42.88kB)
    Total RW  Size (RW Data + ZI Data)             60368 (  58.95kB)
    Total ROM Size (Code + RO Data + RW Data)      44196 (  43.16kB)

==============================================================================

