Component: ARM Compiler 5.06 update 6 (build 750) Tool: armlink [4d35ed]

==============================================================================

Section Cross References

    startup_stm32h743xx.o(RESET) refers to startup_stm32h743xx.o(STACK) for __initial_sp
    startup_stm32h743xx.o(RESET) refers to startup_stm32h743xx.o(.text) for Reset_Handler
    startup_stm32h743xx.o(RESET) refers to stm32h7xx_it.o(i.NMI_Handler) for NMI_Handler
    startup_stm32h743xx.o(RESET) refers to stm32h7xx_it.o(i.HardFault_Handler) for HardFault_Handler
    startup_stm32h743xx.o(RESET) refers to stm32h7xx_it.o(i.MemManage_Handler) for MemManage_Handler
    startup_stm32h743xx.o(RESET) refers to stm32h7xx_it.o(i.BusFault_Handler) for BusFault_Handler
    startup_stm32h743xx.o(RESET) refers to stm32h7xx_it.o(i.UsageFault_Handler) for UsageFault_Handler
    startup_stm32h743xx.o(RESET) refers to stm32h7xx_it.o(i.SVC_Handler) for SVC_Handler
    startup_stm32h743xx.o(RESET) refers to stm32h7xx_it.o(i.DebugMon_Handler) for DebugMon_Handler
    startup_stm32h743xx.o(RESET) refers to stm32h7xx_it.o(i.PendSV_Handler) for PendSV_Handler
    startup_stm32h743xx.o(RESET) refers to stm32h7xx_it.o(i.SysTick_Handler) for SysTick_Handler
    startup_stm32h743xx.o(RESET) refers to stm32h7xx_it.o(i.EXTI2_IRQHandler) for EXTI2_IRQHandler
    startup_stm32h743xx.o(RESET) refers to stm32h7xx_it.o(i.EXTI9_5_IRQHandler) for EXTI9_5_IRQHandler
    startup_stm32h743xx.o(RESET) refers to stm32h7xx_it.o(i.TIM2_IRQHandler) for TIM2_IRQHandler
    startup_stm32h743xx.o(RESET) refers to stm32h7xx_it.o(i.I2C1_EV_IRQHandler) for I2C1_EV_IRQHandler
    startup_stm32h743xx.o(RESET) refers to stm32h7xx_it.o(i.I2C1_ER_IRQHandler) for I2C1_ER_IRQHandler
    startup_stm32h743xx.o(RESET) refers to stm32h7xx_it.o(i.USART1_IRQHandler) for USART1_IRQHandler
    startup_stm32h743xx.o(RESET) refers to stm32h7xx_it.o(i.USART2_IRQHandler) for USART2_IRQHandler
    startup_stm32h743xx.o(RESET) refers to stm32h7xx_it.o(i.USART3_IRQHandler) for USART3_IRQHandler
    startup_stm32h743xx.o(RESET) refers to stm32h7xx_it.o(i.SDMMC1_IRQHandler) for SDMMC1_IRQHandler
    startup_stm32h743xx.o(RESET) refers to stm32h7xx_it.o(i.UART4_IRQHandler) for UART4_IRQHandler
    startup_stm32h743xx.o(RESET) refers to stm32h7xx_it.o(i.UART5_IRQHandler) for UART5_IRQHandler
    startup_stm32h743xx.o(RESET) refers to stm32h7xx_it.o(i.USART6_IRQHandler) for USART6_IRQHandler
    startup_stm32h743xx.o(RESET) refers to stm32h7xx_it.o(i.UART7_IRQHandler) for UART7_IRQHandler
    startup_stm32h743xx.o(RESET) refers to stm32h7xx_it.o(i.UART8_IRQHandler) for UART8_IRQHandler
    startup_stm32h743xx.o(.text) refers to system_stm32h7xx.o(i.SystemInit) for SystemInit
    startup_stm32h743xx.o(.text) refers to entry.o(.ARM.Collect$$$$00000000) for __main
    config.o(i.MX_GPIO_Init) refers to memseta.o(.text) for __aeabi_memclr4
    config.o(i.MX_GPIO_Init) refers to stm32h7xx_hal_gpio.o(i.HAL_GPIO_WritePin) for HAL_GPIO_WritePin
    config.o(i.MX_GPIO_Init) refers to stm32h7xx_hal_gpio.o(i.HAL_GPIO_Init) for HAL_GPIO_Init
    config.o(i.MX_GPIO_Init) refers to stm32h7xx_hal_cortex.o(i.HAL_NVIC_SetPriority) for HAL_NVIC_SetPriority
    config.o(i.MX_GPIO_Init) refers to stm32h7xx_hal_cortex.o(i.HAL_NVIC_EnableIRQ) for HAL_NVIC_EnableIRQ
    config.o(i.SystemClock_Config) refers to memseta.o(.text) for __aeabi_memclr4
    config.o(i.SystemClock_Config) refers to stm32h7xx_hal_pwr_ex.o(i.HAL_PWREx_ConfigSupply) for HAL_PWREx_ConfigSupply
    config.o(i.SystemClock_Config) refers to stm32h7xx_hal_rcc.o(i.HAL_RCC_OscConfig) for HAL_RCC_OscConfig
    config.o(i.SystemClock_Config) refers to main.o(i.Error_Handler) for Error_Handler
    config.o(i.SystemClock_Config) refers to stm32h7xx_hal_rcc.o(i.HAL_RCC_ClockConfig) for HAL_RCC_ClockConfig
    config.o(i.SystemClock_Config) refers to stm32h7xx_hal_rcc_ex.o(i.HAL_RCCEx_PeriphCLKConfig) for HAL_RCCEx_PeriphCLKConfig
    uart_lib.o(i.HAL_UART_RxCpltCallback) refers to stm32h7xx_hal_uart.o(i.HAL_UART_Receive_IT) for HAL_UART_Receive_IT
    uart_lib.o(i.HAL_UART_RxCpltCallback) refers to printfa.o(i.__0sprintf) for __2sprintf
    uart_lib.o(i.HAL_UART_RxCpltCallback) refers to stm32h7xx_hal_uart.o(i.HAL_UART_Transmit_IT) for HAL_UART_Transmit_IT
    uart_lib.o(i.HAL_UART_RxCpltCallback) refers to main.o(.data) for buf_2_pack_len
    uart_lib.o(i.HAL_UART_RxCpltCallback) refers to main.o(.data) for send_2
    uart_lib.o(i.HAL_UART_RxCpltCallback) refers to main.o(.bss) for buf_2
    uart_lib.o(i.HAL_UART_RxCpltCallback) refers to main.o(.data) for buf_1_pack_len
    uart_lib.o(i.MX_UART4_Init) refers to stm32h7xx_hal_uart.o(i.HAL_UART_Init) for HAL_UART_Init
    uart_lib.o(i.MX_UART4_Init) refers to stm32h7xx_hal_uart_ex.o(i.HAL_UARTEx_SetTxFifoThreshold) for HAL_UARTEx_SetTxFifoThreshold
    uart_lib.o(i.MX_UART4_Init) refers to stm32h7xx_hal_uart_ex.o(i.HAL_UARTEx_SetRxFifoThreshold) for HAL_UARTEx_SetRxFifoThreshold
[...]
    __main_after_scatterload                 0x080002a1   Thumb Code     0  entry5.o(.ARM.Collect$$$$00000004)
    _main_clock                              0x080002a1   Thumb Code     0  entry7b.o(.ARM.Collect$$$$00000008)
    _main_cpp_init                           0x080002a1   Thumb Code     0  entry8b.o(.ARM.Collect$$$$0000000A)
    _main_init                               0x080002a1   Thumb Code     0  entry9a.o(.ARM.Collect$$$$0000000B)
    __rt_final_cpp                           0x080002a9   Thumb Code     0  entry10a.o(.ARM.Collect$$$$0000000D)
    __rt_final_exit                          0x080002a9   Thumb Code     0  entry11a.o(.ARM.Collect$$$$0000000F)
    Reset_Handler                            0x080002ad   Thumb Code     8  startup_stm32h743xx.o(.text)
    ADC3_IRQHandler                          0x080002c7   Thumb Code     0  startup_stm32h743xx.o(.text)
    ADC_IRQHandler                           0x080002c7   Thumb Code     0  startup_stm32h743xx.o(.text)
    BDMA_Channel0_IRQHandler                 0x080002c7   Thumb Code     0  startup_stm32h743xx.o(.text)
    BDMA_Channel1_IRQHandler                 0x080002c7   Thumb Code     0  startup_stm32h743xx.o(.text)
    BDMA_Channel2_IRQHandler                 0x080002c7   Thumb Code     0  startup_stm32h743xx.o(.text)
    BDMA_Channel3_IRQHandler                 0x080002c7   Thumb Code     0  startup_stm32h743xx.o(.text)
    BDMA_Channel4_IRQHandler                 0x080002c7   Thumb Code     0  startup_stm32h743xx.o(.text)
    BDMA_Channel5_IRQHandler                 0x080002c7   Thumb Code     0  startup_stm32h743xx.o(.text)
    BDMA_Channel6_IRQHandler                 0x080002c7   Thumb Code     0  startup_stm32h743xx.o(.text)
    BDMA_Channel7_IRQHandler                 0x080002c7   Thumb Code     0  startup_stm32h743xx.o(.text)
    CEC_IRQHandler                           0x080002c7   Thumb Code     0  startup_stm32h743xx.o(.text)
    COMP1_IRQHandler                         0x080002c7   Thumb Code     0  startup_stm32h743xx.o(.text)
    CRS_IRQHandler                           0x080002c7   Thumb Code     0  startup_stm32h743xx.o(.text)
    DCMI_IRQHandler                          0x080002c7   Thumb Code     0  startup_stm32h743xx.o(.text)
    DFSDM1_FLT0_IRQHandler                   0x080002c7   Thumb Code     0  startup_stm32h743xx.o(.text)
    DFSDM1_FLT1_IRQHandler                   0x080002c7   Thumb Code     0  startup_stm32h743xx.o(.text)
    DFSDM1_FLT2_IRQHandler                   0x080002c7   Thumb Code     0  startup_stm32h743xx.o(.text)
    DFSDM1_FLT3_IRQHandler                   0x080002c7   Thumb Code     0  startup_stm32h743xx.o(.text)
    DMA1_Stream0_IRQHandler                  0x080002c7   Thumb Code     0  startup_stm32h743xx.o(.text)
    DMA1_Stream1_IRQHandler                  0x080002c7   Thumb Code     0  startup_stm32h743xx.o(.text)
    DMA1_Stream2_IRQHandler                  0x080002c7   Thumb Code     0  startup_stm32h743xx.o(.text)
    DMA1_Stream3_IRQHandler                  0x080002c7   Thumb Code     0  startup_stm32h743xx.o(.text)
    DMA1_Stream4_IRQHandler                  0x080002c7   Thumb Code     0  startup_stm32h743xx.o(.text)
    DMA1_Stream5_IRQHandler                  0x080002c7   Thumb Code     0  startup_stm32h743xx.o(.text)
    DMA1_Stream6_IRQHandler                  0x080002c7   Thumb Code     0  startup_stm32h743xx.o(.text)
    DMA1_Stream7_IRQHandler                  0x080002c7   Thumb Code     0  startup_stm32h743xx.o(.text)
    DMA2D_IRQHandler                         0x080002c7   Thumb Code     0  startup_stm32h743xx.o(.text)
    DMA2_Stream0_IRQHandler                  0x080002c7   Thumb Code     0  startup_stm32h743xx.o(.text)
    DMA2_Stream1_IRQHandler                  0x080002c7   Thumb Code     0  startup_stm32h743xx.o(.text)
    DMA2_Stream2_IRQHandler                  0x080002c7   Thumb Code     0  startup_stm32h743xx.o(.text)
    DMA2_Stream3_IRQHandler                  0x080002c7   Thumb Code     0  startup_stm32h743xx.o(.text)
    DMA2_Stream4_IRQHandler                  0x080002c7   Thumb Code     0  startup_stm32h743xx.o(.text)
    DMA2_Stream5_IRQHandler                  0x080002c7   Thumb Code     0  startup_stm32h743xx.o(.text)
    DMA2_Stream6_IRQHandler                  0x080002c7   Thumb Code     0  startup_stm32h743xx.o(.text)
    DMA2_Stream7_IRQHandler                  0x080002c7   Thumb Code     0  startup_stm32h743xx.o(.text)
    DMAMUX1_OVR_IRQHandler                   0x080002c7   Thumb Code     0  startup_stm32h743xx.o(.text)
    DMAMUX2_OVR_IRQHandler                   0x080002c7   Thumb Code     0  startup_stm32h743xx.o(.text)
    ECC_IRQHandler                           0x080002c7   Thumb Code     0  startup_stm32h743xx.o(.text)
    ETH_IRQHandler                           0x080002c7   Thumb Code     0  startup_stm32h743xx.o(.text)
    ETH_WKUP_IRQHandler                      0x080002c7   Thumb Code     0  startup_stm32h743xx.o(.text)
    EXTI0_IRQHandler                         0x080002c7   Thumb Code     0  startup_stm32h743xx.o(.text)
    EXTI15_10_IRQHandler                     0x080002c7   Thumb Code     0  startup_stm32h743xx.o(.text)
    EXTI1_IRQHandler                         0x080002c7   Thumb Code     0  startup_stm32h743xx.o(.text)
    EXTI3_IRQHandler                         0x080002c7   Thumb Code     0  startup_stm32h743xx.o(.text)
    EXTI4_IRQHandler                         0x080002c7   Thumb Code     0  startup_stm32h743xx.o(.text)
    FDCAN1_IT0_IRQHandler                    0x080002c7   Thumb Code     0  startup_stm32h743xx.o(.text)
    FDCAN1_IT1_IRQHandler                    0x080002c7   Thumb Code     0  startup_stm32h743xx.o(.text)
    FDCAN2_IT0_IRQHandler                    0x080002c7   Thumb Code     0  startup_stm32h743xx.o(.text)
    FDCAN2_IT1_IRQHandler                    0x080002c7   Thumb Code     0  startup_stm32h743xx.o(.text)
    FDCAN_CAL_IRQHandler                     0x080002c7   Thumb Code     0  startup_stm32h743xx.o(.text)
    FLASH_IRQHandler                         0x080002c7   Thumb Code     0  startup_stm32h743xx.o(.text)
    FMC_IRQHandler                           0x080002c7   Thumb Code     0  startup_stm32h743xx.o(.text)
    FPU_IRQHandler                           0x080002c7   Thumb Code     0  startup_stm32h743xx.o(.text)
    HRTIM1_FLT_IRQHandler                    0x080002c7   Thumb Code     0  startup_stm32h743xx.o(.text)
    HRTIM1_Master_IRQHandler                 0x080002c7   Thumb Code     0  startup_stm32h743xx.o(.text)
    HRTIM1_TIMA_IRQHandler                   0x080002c7   Thumb Code     0  startup_stm32h743xx.o(.text)
    HRTIM1_TIMB_IRQHandler                   0x080002c7   Thumb Code     0  startup_stm32h743xx.o(.text)
    HRTIM1_TIMC_IRQHandler                   0x080002c7   Thumb Code     0  startup_stm32h743xx.o(.text)
    HRTIM1_TIMD_IRQHandler                   0x080002c7   Thumb Code     0  startup_stm32h743xx.o(.text)
    HRTIM1_TIME_IRQHandler                   0x080002c7   Thumb Code     0  startup_stm32h743xx.o(.text)
    HSEM1_IRQHandler                         0x080002c7   Thumb Code     0  startup_stm32h743xx.o(.text)
    I2C2_ER_IRQHandler                       0x080002c7   Thumb Code     0  startup_stm32h743xx.o(.text)
    I2C2_EV_IRQHandler                       0x080002c7   Thumb Code     0  startup_stm32h743xx.o(.text)
    I2C3_ER_IRQHandler                       0x080002c7   Thumb Code     0  startup_stm32h743xx.o(.text)
    I2C3_EV_IRQHandler                       0x080002c7   Thumb Code     0  startup_stm32h743xx.o(.text)
    I2C4_ER_IRQHandler                       0x080002c7   Thumb Code     0  startup_stm32h743xx.o(.text)
    I2C4_EV_IRQHandler                       0x080002c7   Thumb Code     0  startup_stm32h743xx.o(.text)
    JPEG_IRQHandler                          0x080002c7   Thumb Code     0  startup_stm32h743xx.o(.text)
    LPTIM1_IRQHandler                        0x080002c7   Thumb Code     0  startup_stm32h743xx.o(.text)
    LPTIM2_IRQHandler                        0x080002c7   Thumb Code     0  startup_stm32h743xx.o(.text)
    LPTIM3_IRQHandler                        0x080002c7   Thumb Code     0  startup_stm32h743xx.o(.text)
    LPTIM4_IRQHandler                        0x080002c7   Thumb Code     0  startup_stm32h743xx.o(.text)
    LPTIM5_IRQHandler                        0x080002c7   Thumb Code     0  startup_stm32h743xx.o(.text)
    LPUART1_IRQHandler                       0x080002c7   Thumb Code     0  startup_stm32h743xx.o(.text)
    LTDC_ER_IRQHandler                       0x080002c7   Thumb Code     0  startup_stm32h743xx.o(.text)
    LTDC_IRQHandler                          0x080002c7   Thumb Code     0  startup_stm32h743xx.o(.text)
    MDIOS_IRQHandler                         0x080002c7   Thumb Code     0  startup_stm32h743xx.o(.text)
    MDIOS_WKUP_IRQHandler                    0x080002c7   Thumb Code     0  startup_stm32h743xx.o(.text)
    MDMA_IRQHandler                          0x080002c7   Thumb Code     0  startup_stm32h743xx.o(.text)
    OTG_FS_EP1_IN_IRQHandler                 0x080002c7   Thumb Code     0  startup_stm32h743xx.o(.text)
    OTG_FS_EP1_OUT_IRQHandler                0x080002c7   Thumb Code     0  startup_stm32h743xx.o(.text)
    OTG_FS_IRQHandler                        0x080002c7   Thumb Code     0  startup_stm32h743xx.o(.text)
    OTG_FS_WKUP_IRQHandler                   0x080002c7   Thumb Code     0  startup_stm32h743xx.o(.text)
    OTG_HS_EP1_IN_IRQHandler                 0x080002c7   Thumb Code     0  startup_stm32h743xx.o(.text)
    OTG_HS_EP1_OUT_IRQHandler                0x080002c7   Thumb Code     0  startup_stm32h743xx.o(.text)
    OTG_HS_IRQHandler                        0x080002c7   Thumb Code     0  startup_stm32h743xx.o(.text)
    OTG_HS_WKUP_IRQHandler                   0x080002c7   Thumb Code     0  startup_stm32h743xx.o(.text)
    PVD_AVD_IRQHandler                       0x080002c7   Thumb Code     0  startup_stm32h743xx.o(.text)
    QUADSPI_IRQHandler                       0x080002c7   Thumb Code     0  startup_stm32h743xx.o(.text)
    RCC_IRQHandler                           0x080002c7   Thumb Code     0  startup_stm32h743xx.o(.text)
    RNG_IRQHandler                           0x080002c7   Thumb Code     0  startup_stm32h743xx.o(.text)
    RTC_Alarm_IRQHandler                     0x080002c7   Thumb Code     0  startup_stm32h743xx.o(.text)
    RTC_WKUP_IRQHandler                      0x080002c7   Thumb Code     0  startup_stm32h743xx.o(.text)
    SAI1_IRQHandler                          0x080002c7   Thumb Code     0  startup_stm32h743xx.o(.text)
    SAI2_IRQHandler                          0x080002c7   Thumb Code     0  startup_stm32h743xx.o(.text)
    SAI3_IRQHandler                          0x080002c7   Thumb Code     0  startup_stm32h743xx.o(.text)
    SAI4_IRQHandler                          0x080002c7   Thumb Code     0  startup_stm32h743xx.o(.text)
    SDMMC2_IRQHandler                        0x080002c7   Thumb Code     0  startup_stm32h743xx.o(.text)
    SPDIF_RX_IRQHandler                      0x080002c7   Thumb Code     0  startup_stm32h743xx.o(.text)
    SPI1_IRQHandler                          0x080002c7   Thumb Code     0  startup_stm32h743xx.o(.text)
    SPI2_IRQHandler                          0x080002c7   Thumb Code     0  startup_stm32h743xx.o(.text)
    SPI3_IRQHandler                          0x080002c7   Thumb Code     0  startup_stm32h743xx.o(.text)
    SPI4_IRQHandler                          0x080002c7   Thumb Code     0  startup_stm32h743xx.o(.text)
    SPI5_IRQHandler                          0x080002c7   Thumb Code     0  startup_stm32h743xx.o(.text)
    SPI6_IRQHandler                          0x080002c7   Thumb Code     0  startup_stm32h743xx.o(.text)
    SWPMI1_IRQHandler                        0x080002c7   Thumb Code     0  startup_stm32h743xx.o(.text)
    TAMP_STAMP_IRQHandler                    0x080002c7   Thumb Code     0  startup_stm32h743xx.o(.text)
    TIM15_IRQHandler                         0x080002c7   Thumb Code     0  startup_stm32h743xx.o(.text)
    TIM16_IRQHandler                         0x080002c7   Thumb Code     0  startup_stm32h743xx.o(.text)
    TIM17_IRQHandler                         0x080002c7   Thumb Code     0  startup_stm32h743xx.o(.text)
    TIM1_BRK_IRQHandler                      0x080002c7   Thumb Code     0  startup_stm32h743xx.o(.text)
    TIM1_CC_IRQHandler                       0x080002c7   Thumb Code     0  startup_stm32h743xx.o(.text)
    TIM1_TRG_COM_IRQHandler                  0x080002c7   Thumb Code     0  startup_stm32h743xx.o(.text)
    TIM1_UP_IRQHandler                       0x080002c7   Thumb Code     0  startup_stm32h743xx.o(.text)
    TIM3_IRQHandler                          0x080002c7   Thumb Code     0  startup_stm32h743xx.o(.text)
    TIM4_IRQHandler                          0x080002c7   Thumb Code     0  startup_stm32h743xx.o(.text)
    TIM5_IRQHandler                          0x080002c7   Thumb Code     0  startup_stm32h743xx.o(.text)
    TIM6_DAC_IRQHandler                      0x080002c7   Thumb Code     0  startup_stm32h743xx.o(.text)
    TIM7_IRQHandler                          0x080002c7   Thumb Code     0  startup_stm32h743xx.o(.text)
    TIM8_BRK_TIM12_IRQHandler                0x080002c7   Thumb Code     0  startup_stm32h743xx.o(.text)
    TIM8_CC_IRQHandler                       0x080002c7   Thumb Code     0  startup_stm32h743xx.o(.text)
    TIM8_TRG_COM_TIM14_IRQHandler            0x080002c7   Thumb Code     0  startup_stm32h743xx.o(.text)
    TIM8_UP_TIM13_IRQHandler                 0x080002c7   Thumb Code     0  startup_stm32h743xx.o(.text)
    WAKEUP_PIN_IRQHandler                    0x080002c7   Thumb Code     0  startup_stm32h743xx.o(.text)
    WWDG_IRQHandler                          0x080002c7   Thumb Code     0  startup_stm32h743xx.o(.text)
    __aeabi_uldivmod                         0x080002d1   Thumb Code    98  uldiv.o(.text)
    __aeabi_memset                           0x08000333   Thumb Code    14  memseta.o(.text)
    __aeabi_memset4                          0x08000333   Thumb Code     0  memseta.o(.text)
    __aeabi_memset8                          0x08000333   Thumb Code     0  memseta.o(.text)
    __aeabi_memclr                           0x08000341   Thumb Code     4  memseta.o(.text)
    __aeabi_memclr4                          0x08000341   Thumb Code     0  memseta.o(.text)
    __aeabi_memclr8                          0x08000341   Thumb Code     0  memseta.o(.text)
    _memset$wrapper                          0x08000345   Thumb Code    18  memseta.o(.text)
    strlen                                   0x08000357   Thumb Code    14  strlen.o(.text)
    __aeabi_uidiv                            0x08000365   Thumb Code     0  uidiv.o(.text)
    __aeabi_uidivmod                         0x08000365   Thumb Code    44  uidiv.o(.text)
    __aeabi_llsl                             0x08000391   Thumb Code    30  llshl.o(.text)
    _ll_shift_l                              0x08000391   Thumb Code     0  llshl.o(.text)
    __aeabi_llsr                             0x080003af   Thumb Code    32  llushr.o(.text)
    _ll_ushift_r                             0x080003af   Thumb Code     0  llushr.o(.text)
    __I$use$fp                               0x080003cf   Thumb Code     0  iusefp.o(.text)
    __aeabi_dadd                             0x080003cf   Thumb Code   322  dadd.o(.text)
    __aeabi_dsub                             0x08000511   Thumb Code     6  dadd.o(.text)
    __aeabi_drsub                            0x08000517   Thumb Code     6  dadd.o(.text)
    __aeabi_dmul                             0x0800051d   Thumb Code   228  dmul.o(.text)
    __aeabi_ddiv                             0x08000601   Thumb Code   222  ddiv.o(.text)
    __aeabi_d2ulz                            0x080006df   Thumb Code    48  dfixul.o(.text)
    __aeabi_cdrcmple                         0x08000711   Thumb Code    48  cdrcmple.o(.text)
    __scatterload                            0x08000741   Thumb Code    28  init.o(.text)
    __scatterload_rt2                        0x08000741   Thumb Code     0  init.o(.text)
    __aeabi_lasr                             0x08000765   Thumb Code    36  llsshr.o(.text)
    _ll_sshift_r                             0x08000765   Thumb Code     0  llsshr.o(.text)
    _double_round                            0x08000789   Thumb Code    30  depilogue.o(.text)
    _double_epilogue                         0x080007a7   Thumb Code   156  depilogue.o(.text)
    BSP_PlatformIsDetected                   0x08000845   Thumb Code    20  fatfs_platform.o(i.BSP_PlatformIsDetected)
    BSP_SD_GetCardInfo                       0x0800085d   Thumb Code     8  bsp_driver_sd.o(i.BSP_SD_GetCardInfo)
    BSP_SD_GetCardState                      0x08000869   Thumb Code    20  bsp_driver_sd.o(i.BSP_SD_GetCardState)
    BSP_SD_Init                              0x08000881   Thumb Code    42  bsp_driver_sd.o(i.BSP_SD_Init)
    BSP_SD_IsDetected                        0x080008b1   Thumb Code    26  bsp_driver_sd.o(i.BSP_SD_IsDetected)
    BSP_SD_ReadBlocks                        0x080008cd   Thumb Code    26  bsp_driver_sd.o(i.BSP_SD_ReadBlocks)
    BSP_SD_WriteBlocks                       0x080008ed   Thumb Code    26  bsp_driver_sd.o(i.BSP_SD_WriteBlocks)
    BT_connect                               0x0800090d   Thumb Code   150  ble.o(i.BT_connect)
    BT_transmitFrame                         0x08000a69   Thumb Code    92  ble.o(i.BT_transmitFrame)
    BusFault_Handler                         0x08000ac5   Thumb Code     2  stm32h7xx_it.o(i.BusFault_Handler)
    DebugMon_Handler                         0x08000ac7   Thumb Code     2  stm32h7xx_it.o(i.DebugMon_Handler)
    EXTI2_IRQHandler                         0x08000ac9   Thumb Code     6  stm32h7xx_it.o(i.EXTI2_IRQHandler)
    EXTI9_5_IRQHandler                       0x08000acf   Thumb Code     6  stm32h7xx_it.o(i.EXTI9_5_IRQHandler)
    Error_Handler                            0x08000ad5   Thumb Code     2  main.o(i.Error_Handler)
    FATFS_LinkDriver                         0x08000ad7   Thumb Code     6  ff_gen_drv.o(i.FATFS_LinkDriver)
    FATFS_LinkDriverEx                       0x08000add   Thumb Code    58  ff_gen_drv.o(i.FATFS_LinkDriverEx)
    HAL_DMA_Abort                            0x08000b1d   Thumb Code   840  stm32h7xx_hal_dma.o(i.HAL_DMA_Abort)
    HAL_DMA_Abort_IT                         0x08000e81   Thumb Code   602  stm32h7xx_hal_dma.o(i.HAL_DMA_Abort_IT)
    HAL_DMA_GetError                         0x08001105   Thumb Code     4  stm32h7xx_hal_dma.o(i.HAL_DMA_GetError)
    HAL_Delay                                0x08001109   Thumb Code    32  stm32h7xx_hal.o(i.HAL_Delay)
    HAL_GPIO_EXTI_Callback                   0x0800112d   Thumb Code    46  main.o(i.HAL_GPIO_EXTI_Callback)
    HAL_GPIO_EXTI_IRQHandler                 0x0800116d   Thumb Code    24  stm32h7xx_hal_gpio.o(i.HAL_GPIO_EXTI_IRQHandler)
    HAL_GPIO_Init                            0x08001185   Thumb Code   458  stm32h7xx_hal_gpio.o(i.HAL_GPIO_Init)
    HAL_GPIO_ReadPin                         0x08001381   Thumb Code    10  stm32h7xx_hal_gpio.o(i.HAL_GPIO_ReadPin)
    HAL_GPIO_TogglePin                       0x0800138b   Thumb Code    14  stm32h7xx_hal_gpio.o(i.HAL_GPIO_TogglePin)
    HAL_GPIO_WritePin                        0x08001399   Thumb Code    10  stm32h7xx_hal_gpio.o(i.HAL_GPIO_WritePin)
    HAL_GetREVID                             0x080013a5   Thumb Code     8  stm32h7xx_hal.o(i.HAL_GetREVID)
    HAL_GetTick                              0x080013b1   Thumb Code     6  stm32h7xx_hal.o(i.HAL_GetTick)
    HAL_I2CEx_ConfigAnalogFilter             0x080013bd   Thumb Code    88  stm32h7xx_hal_i2c_ex.o(i.HAL_I2CEx_ConfigAnalogFilter)
    HAL_I2CEx_ConfigDigitalFilter            0x08001415   Thumb Code    84  stm32h7xx_hal_i2c_ex.o(i.HAL_I2CEx_ConfigDigitalFilter)
    HAL_I2C_AbortCpltCallback                0x08001469   Thumb Code     2  stm32h7xx_hal_i2c.o(i.HAL_I2C_AbortCpltCallback)
    HAL_I2C_AddrCallback                     0x0800146b   Thumb Code     2  stm32h7xx_hal_i2c.o(i.HAL_I2C_AddrCallback)
    HAL_I2C_ER_IRQHandler                    0x0800146d   Thumb Code   104  stm32h7xx_hal_i2c.o(i.HAL_I2C_ER_IRQHandler)
    HAL_I2C_EV_IRQHandler                    0x080014d5   Thumb Code    16  stm32h7xx_hal_i2c.o(i.HAL_I2C_EV_IRQHandler)
    HAL_I2C_ErrorCallback                    0x080014e5   Thumb Code     2  stm32h7xx_hal_i2c.o(i.HAL_I2C_ErrorCallback)
    HAL_I2C_Init                             0x080014e9   Thumb Code   180  stm32h7xx_hal_i2c.o(i.HAL_I2C_Init)
    HAL_I2C_ListenCpltCallback               0x080015a1   Thumb Code     2  stm32h7xx_hal_i2c.o(i.HAL_I2C_ListenCpltCallback)
    HAL_I2C_Master_Transmit                  0x080015a5   Thumb Code   282  stm32h7xx_hal_i2c.o(i.HAL_I2C_Master_Transmit)
    HAL_I2C_MspInit                          0x080016c9   Thumb Code   124  stm32h7xx_hal_msp.o(i.HAL_I2C_MspInit)
    HAL_I2C_SlaveRxCpltCallback              0x08001751   Thumb Code     2  stm32h7xx_hal_i2c.o(i.HAL_I2C_SlaveRxCpltCallback)
    HAL_I2C_SlaveTxCpltCallback              0x08001753   Thumb Code     2  stm32h7xx_hal_i2c.o(i.HAL_I2C_SlaveTxCpltCallback)
    HAL_IncTick                              0x08001755   Thumb Code    12  stm32h7xx_hal.o(i.HAL_IncTick)
    HAL_Init                                 0x08001765   Thumb Code    72  stm32h7xx_hal.o(i.HAL_Init)
    HAL_InitTick                             0x080017bd   Thumb Code    56  stm32h7xx_hal.o(i.HAL_InitTick)
    HAL_MspInit                              0x080017fd   Thumb Code    22  stm32h7xx_hal_msp.o(i.HAL_MspInit)
    HAL_NVIC_EnableIRQ                       0x08001819   Thumb Code    26  stm32h7xx_hal_cortex.o(i.HAL_NVIC_EnableIRQ)
    HAL_NVIC_SetPriority                     0x08001835   Thumb Code    60  stm32h7xx_hal_cortex.o(i.HAL_NVIC_SetPriority)
    HAL_NVIC_SetPriorityGrouping             0x08001875   Thumb Code    28  stm32h7xx_hal_cortex.o(i.HAL_NVIC_SetPriorityGrouping)
    HAL_PWREx_ConfigSupply                   0x08001899   Thumb Code    78  stm32h7xx_hal_pwr_ex.o(i.HAL_PWREx_ConfigSupply)
    HAL_RCCEx_GetD1SysClockFreq              0x080018ed   Thumb Code    30  stm32h7xx_hal_rcc_ex.o(i.HAL_RCCEx_GetD1SysClockFreq)
    HAL_RCCEx_GetD3PCLK1Freq                 0x08001919   Thumb Code    26  stm32h7xx_hal_rcc_ex.o(i.HAL_RCCEx_GetD3PCLK1Freq)
    HAL_RCCEx_GetPLL1ClockFreq               0x0800193d   Thumb Code   296  stm32h7xx_hal_rcc_ex.o(i.HAL_RCCEx_GetPLL1ClockFreq)
    HAL_RCCEx_GetPLL2ClockFreq               0x08001a81   Thumb Code   296  stm32h7xx_hal_rcc_ex.o(i.HAL_RCCEx_GetPLL2ClockFreq)
    HAL_RCCEx_GetPLL3ClockFreq               0x08001bc5   Thumb Code   296  stm32h7xx_hal_rcc_ex.o(i.HAL_RCCEx_GetPLL3ClockFreq)
    HAL_RCCEx_GetPeriphCLKFreq               0x08001d09   Thumb Code   454  stm32h7xx_hal_rcc_ex.o(i.HAL_RCCEx_GetPeriphCLKFreq)
    HAL_RCCEx_PeriphCLKConfig                0x08001ee5   Thumb Code  2204  stm32h7xx_hal_rcc_ex.o(i.HAL_RCCEx_PeriphCLKConfig)
    HAL_RCC_ClockConfig                      0x08002781   Thumb Code   560  stm32h7xx_hal_rcc.o(i.HAL_RCC_ClockConfig)
    HAL_RCC_GetHCLKFreq                      0x080029c5   Thumb Code    30  stm32h7xx_hal_rcc.o(i.HAL_RCC_GetHCLKFreq)
    HAL_RCC_GetPCLK1Freq                     0x080029f1   Thumb Code    26  stm32h7xx_hal_rcc.o(i.HAL_RCC_GetPCLK1Freq)
    HAL_RCC_GetPCLK2Freq                     0x08002a15   Thumb Code    26  stm32h7xx_hal_rcc.o(i.HAL_RCC_GetPCLK2Freq)
    HAL_RCC_GetSysClockFreq                  0x08002a39   Thumb Code   278  stm32h7xx_hal_rcc.o(i.HAL_RCC_GetSysClockFreq)
    HAL_RCC_OscConfig                        0x08002b71   Thumb Code  1258  stm32h7xx_hal_rcc.o(i.HAL_RCC_OscConfig)
    HAL_SDEx_Read_DMADoubleBuf0CpltCallback  0x0800305b   Thumb Code     2  stm32h7xx_hal_sd.o(i.HAL_SDEx_Read_DMADoubleBuf0CpltCallback)
    HAL_SDEx_Read_DMADoubleBuf1CpltCallback  0x0800305d   Thumb Code     2  stm32h7xx_hal_sd.o(i.HAL_SDEx_Read_DMADoubleBuf1CpltCallback)
    HAL_SDEx_Write_DMADoubleBuf0CpltCallback 0x0800305f   Thumb Code     2  stm32h7xx_hal_sd.o(i.HAL_SDEx_Write_DMADoubleBuf0CpltCallback)
    HAL_SDEx_Write_DMADoubleBuf1CpltCallback 0x08003061   Thumb Code     2  stm32h7xx_hal_sd.o(i.HAL_SDEx_Write_DMADoubleBuf1CpltCallback)
    HAL_SD_ConfigWideBusOperation            0x08003065   Thumb Code   270  stm32h7xx_hal_sd.o(i.HAL_SD_ConfigWideBusOperation)
    HAL_SD_DriveTransceiver_1_8V_Callback    0x08003179   Thumb Code     2  stm32h7xx_hal_sd.o(i.HAL_SD_DriveTransceiver_1_8V_Callback)
    HAL_SD_ErrorCallback                     0x0800317b   Thumb Code     2  stm32h7xx_hal_sd.o(i.HAL_SD_ErrorCallback)
    HAL_SD_GetCardCSD                        0x0800317d   Thumb Code   440  stm32h7xx_hal_sd.o(i.HAL_SD_GetCardCSD)
    HAL_SD_GetCardInfo                       0x08003339   Thumb Code    36  stm32h7xx_hal_sd.o(i.HAL_SD_GetCardInfo)
    HAL_SD_GetCardState                      0x0800335d   Thumb Code    44  stm32h7xx_hal_sd.o(i.HAL_SD_GetCardState)
    HAL_SD_GetCardStatus                     0x08003389   Thumb Code   154  stm32h7xx_hal_sd.o(i.HAL_SD_GetCardStatus)
    HAL_SD_IRQHandler                        0x08003429   Thumb Code   570  stm32h7xx_hal_sd.o(i.HAL_SD_IRQHandler)
    HAL_SD_Init                              0x08003669   Thumb Code   162  stm32h7xx_hal_sd.o(i.HAL_SD_Init)
    HAL_SD_InitCard                          0x0800370d   Thumb Code   124  stm32h7xx_hal_sd.o(i.HAL_SD_InitCard)
    HAL_SD_MspInit                           0x0800378d   Thumb Code   134  stm32h7xx_hal_msp.o(i.HAL_SD_MspInit)
    HAL_SD_ReadBlocks                        0x08003825   Thumb Code   458  stm32h7xx_hal_sd.o(i.HAL_SD_ReadBlocks)
    HAL_SD_RxCpltCallback                    0x080039f9   Thumb Code     2  stm32h7xx_hal_sd.o(i.HAL_SD_RxCpltCallback)
    HAL_SD_TxCpltCallback                    0x080039fb   Thumb Code     2  stm32h7xx_hal_sd.o(i.HAL_SD_TxCpltCallback)
    HAL_SD_WriteBlocks                       0x080039fd   Thumb Code   494  stm32h7xx_hal_sd.o(i.HAL_SD_WriteBlocks)
    HAL_SYSTICK_Config                       0x08003bf5   Thumb Code    38  stm32h7xx_hal_cortex.o(i.HAL_SYSTICK_Config)
    HAL_TIMEx_Break2Callback                 0x08003c1b   Thumb Code     2  stm32h7xx_hal_tim_ex.o(i.HAL_TIMEx_Break2Callback)
    HAL_TIMEx_BreakCallback                  0x08003c1d   Thumb Code     2  stm32h7xx_hal_tim_ex.o(i.HAL_TIMEx_BreakCallback)
    HAL_TIMEx_CommutCallback                 0x08003c1f   Thumb Code     2  stm32h7xx_hal_tim_ex.o(i.HAL_TIMEx_CommutCallback)
    HAL_TIMEx_MasterConfigSynchronization    0x08003c21   Thumb Code   128  stm32h7xx_hal_tim_ex.o(i.HAL_TIMEx_MasterConfigSynchronization)
    HAL_TIM_Base_Init                        0x08003cb9   Thumb Code    54  stm32h7xx_hal_tim.o(i.HAL_TIM_Base_Init)
    HAL_TIM_Base_MspInit                     0x08003cf1   Thumb Code    50  stm32h7xx_hal_msp.o(i.HAL_TIM_Base_MspInit)
    HAL_TIM_Base_Start_IT                    0x08003d29   Thumb Code    40  stm32h7xx_hal_tim.o(i.HAL_TIM_Base_Start_IT)
    HAL_TIM_ConfigClockSource                0x08003d55   Thumb Code   242  stm32h7xx_hal_tim.o(i.HAL_TIM_ConfigClockSource)
    HAL_TIM_IC_CaptureCallback               0x08003e4d   Thumb Code     2  stm32h7xx_hal_tim.o(i.HAL_TIM_IC_CaptureCallback)
    HAL_TIM_IRQHandler                       0x08003e4f   Thumb Code   386  stm32h7xx_hal_tim.o(i.HAL_TIM_IRQHandler)
    HAL_TIM_OC_DelayElapsedCallback          0x08003fd1   Thumb Code     2  stm32h7xx_hal_tim.o(i.HAL_TIM_OC_DelayElapsedCallback)
    HAL_TIM_PWM_PulseFinishedCallback        0x08003fd3   Thumb Code     2  stm32h7xx_hal_tim.o(i.HAL_TIM_PWM_PulseFinishedCallback)
    HAL_TIM_PeriodElapsedCallback            0x08003fd5   Thumb Code    28  main.o(i.HAL_TIM_PeriodElapsedCallback)
    HAL_TIM_TriggerCallback                  0x08003ff5   Thumb Code     2  stm32h7xx_hal_tim.o(i.HAL_TIM_TriggerCallback)
    HAL_UARTEx_DisableFifoMode               0x08003ff7   Thumb Code    64  stm32h7xx_hal_uart_ex.o(i.HAL_UARTEx_DisableFifoMode)
    HAL_UARTEx_RxFifoFullCallback            0x08004037   Thumb Code     2  stm32h7xx_hal_uart_ex.o(i.HAL_UARTEx_RxFifoFullCallback)
    HAL_UARTEx_SetRxFifoThreshold            0x08004039   Thumb Code    76  stm32h7xx_hal_uart_ex.o(i.HAL_UARTEx_SetRxFifoThreshold)
    HAL_UARTEx_SetTxFifoThreshold            0x08004085   Thumb Code    76  stm32h7xx_hal_uart_ex.o(i.HAL_UARTEx_SetTxFifoThreshold)
    HAL_UARTEx_TxFifoEmptyCallback           0x080040d1   Thumb Code     2  stm32h7xx_hal_uart_ex.o(i.HAL_UARTEx_TxFifoEmptyCallback)
    HAL_UARTEx_WakeupCallback                0x080040d3   Thumb Code     2  stm32h7xx_hal_uart_ex.o(i.HAL_UARTEx_WakeupCallback)
    HAL_UART_Abort                           0x080040d5   Thumb Code   178  stm32h7xx_hal_uart.o(i.HAL_UART_Abort)
    HAL_UART_ErrorCallback                   0x0800418d   Thumb Code     2  stm32h7xx_hal_uart.o(i.HAL_UART_ErrorCallback)
    HAL_UART_IRQHandler                      0x08004191   Thumb Code   436  stm32h7xx_hal_uart.o(i.HAL_UART_IRQHandler)
    HAL_UART_Init                            0x08004351   Thumb Code   106  stm32h7xx_hal_uart.o(i.HAL_UART_Init)
    HAL_UART_MspInit                         0x080043bd   Thumb Code   832  stm32h7xx_hal_msp.o(i.HAL_UART_MspInit)
    HAL_UART_Receive                         0x0800473d   Thumb Code   248  stm32h7xx_hal_uart.o(i.HAL_UART_Receive)
    HAL_UART_Receive_IT                      0x08004835   Thumb Code   232  stm32h7xx_hal_uart.o(i.HAL_UART_Receive_IT)
    HAL_UART_RxCpltCallback                  0x0800492d   Thumb Code   196  uart_lib.o(i.HAL_UART_RxCpltCallback)
    HAL_UART_Transmit                        0x08004a3d   Thumb Code   190  stm32h7xx_hal_uart.o(i.HAL_UART_Transmit)
    HAL_UART_Transmit_IT                     0x08004afd   Thumb Code   138  stm32h7xx_hal_uart.o(i.HAL_UART_Transmit_IT)
    HAL_UART_TxCpltCallback                  0x08004b99   Thumb Code    36  uart_lib.o(i.HAL_UART_TxCpltCallback)
    HardFault_Handler                        0x08004bcd   Thumb Code     2  stm32h7xx_it.o(i.HardFault_Handler)
    I2C1_ER_IRQHandler                       0x08004bd1   Thumb Code     6  stm32h7xx_it.o(i.I2C1_ER_IRQHandler)
    I2C1_EV_IRQHandler                       0x08004bdd   Thumb Code     6  stm32h7xx_it.o(i.I2C1_EV_IRQHandler)
    MX_FATFS_Init                            0x0800531d   Thumb Code    18  fatfs.o(i.MX_FATFS_Init)
    MX_GPIO_Init                             0x08005339   Thumb Code   334  config.o(i.MX_GPIO_Init)
    MX_UART4_Init                            0x08005531   Thumb Code    64  uart_lib.o(i.MX_UART4_Init)
    MX_UART5_Init                            0x08005579   Thumb Code    64  uart_lib.o(i.MX_UART5_Init)
    MX_UART7_Init                            0x080055c1   Thumb Code    64  uart_lib.o(i.MX_UART7_Init)
    MX_UART8_Init                            0x08005609   Thumb Code    64  uart_lib.o(i.MX_UART8_Init)
    MX_USART1_UART_Init                      0x08005651   Thumb Code    64  uart_lib.o(i.MX_USART1_UART_Init)
    MX_USART2_UART_Init                      0x08005699   Thumb Code    64  uart_lib.o(i.MX_USART2_UART_Init)
    MX_USART3_UART_Init                      0x080056e1   Thumb Code    64  uart_lib.o(i.MX_USART3_UART_Init)
    MX_USART6_UART_Init                      0x08005729   Thumb Code    64  uart_lib.o(i.MX_USART6_UART_Init)
    MemManage_Handler                        0x08005771   Thumb Code     2  stm32h7xx_it.o(i.MemManage_Handler)
    NMI_Handler                              0x08005773   Thumb Code     2  stm32h7xx_it.o(i.NMI_Handler)
    PendSV_Handler                           0x08005775   Thumb Code     2  stm32h7xx_it.o(i.PendSV_Handler)
    SDMMC1_IRQHandler                        0x08005bb1   Thumb Code     6  stm32h7xx_it.o(i.SDMMC1_IRQHandler)
    SDMMC_CmdAppCommand                      0x08005bbd   Thumb Code    52  stm32h7xx_ll_sdmmc.o(i.SDMMC_CmdAppCommand)
    SDMMC_CmdAppOperCommand                  0x08005bf1   Thumb Code    46  stm32h7xx_ll_sdmmc.o(i.SDMMC_CmdAppOperCommand)
    SDMMC_CmdBlockLength                     0x08005c1f   Thumb Code    50  stm32h7xx_ll_sdmmc.o(i.SDMMC_CmdBlockLength)
    SDMMC_CmdBusWidth                        0x08005c51   Thumb Code    52  stm32h7xx_ll_sdmmc.o(i.SDMMC_CmdBusWidth)
    SDMMC_CmdGoIdleState                     0x08005c85   Thumb Code    74  stm32h7xx_ll_sdmmc.o(i.SDMMC_CmdGoIdleState)
    SDMMC_CmdOperCond                        0x08005cd9   Thumb Code   110  stm32h7xx_ll_sdmmc.o(i.SDMMC_CmdOperCond)
    SDMMC_CmdReadMultiBlock                  0x08005d4d   Thumb Code    52  stm32h7xx_ll_sdmmc.o(i.SDMMC_CmdReadMultiBlock)
    SDMMC_CmdReadSingleBlock                 0x08005d81   Thumb Code    52  stm32h7xx_ll_sdmmc.o(i.SDMMC_CmdReadSingleBlock)
    SDMMC_CmdSelDesel                        0x08005db5   Thumb Code    50  stm32h7xx_ll_sdmmc.o(i.SDMMC_CmdSelDesel)
    SDMMC_CmdSendCID                         0x08005de7   Thumb Code    44  stm32h7xx_ll_sdmmc.o(i.SDMMC_CmdSendCID)
    SDMMC_CmdSendCSD                         0x08005e13   Thumb Code    48  stm32h7xx_ll_sdmmc.o(i.SDMMC_CmdSendCSD)
    SDMMC_CmdSendSCR                         0x08005e43   Thumb Code    50  stm32h7xx_ll_sdmmc.o(i.SDMMC_CmdSendSCR)
    SDMMC_CmdSendStatus                      0x08005e75   Thumb Code    52  stm32h7xx_ll_sdmmc.o(i.SDMMC_CmdSendStatus)
    SDMMC_CmdSetRelAdd                       0x08005ea9   Thumb Code    50  stm32h7xx_ll_sdmmc.o(i.SDMMC_CmdSetRelAdd)
    SDMMC_CmdStatusRegister                  0x08005edb   Thumb Code    50  stm32h7xx_ll_sdmmc.o(i.SDMMC_CmdStatusRegister)
    SDMMC_CmdStopTransfer                    0x08005f0d   Thumb Code    78  stm32h7xx_ll_sdmmc.o(i.SDMMC_CmdStopTransfer)
    SDMMC_CmdVoltageSwitch                   0x08005f61   Thumb Code    50  stm32h7xx_ll_sdmmc.o(i.SDMMC_CmdVoltageSwitch)
    SDMMC_CmdWriteMultiBlock                 0x08005f93   Thumb Code    52  stm32h7xx_ll_sdmmc.o(i.SDMMC_CmdWriteMultiBlock)
    SDMMC_CmdWriteSingleBlock                0x08005fc7   Thumb Code    52  stm32h7xx_ll_sdmmc.o(i.SDMMC_CmdWriteSingleBlock)
    SDMMC_ConfigData                         0x08005ffb   Thumb Code    38  stm32h7xx_ll_sdmmc.o(i.SDMMC_ConfigData)
    SDMMC_GetPowerState                      0x0800626d   Thumb Code     8  stm32h7xx_ll_sdmmc.o(i.SDMMC_GetPowerState)
    SDMMC_GetResponse                        0x08006275   Thumb Code     6  stm32h7xx_ll_sdmmc.o(i.SDMMC_GetResponse)
    SDMMC_Init                               0x0800627d   Thumb Code    28  stm32h7xx_ll_sdmmc.o(i.SDMMC_Init)
    SDMMC_PowerState_ON                      0x0800629d   Thumb Code    12  stm32h7xx_ll_sdmmc.o(i.SDMMC_PowerState_ON)
    SDMMC_ReadFIFO                           0x080062a9   Thumb Code     6  stm32h7xx_ll_sdmmc.o(i.SDMMC_ReadFIFO)
    SDMMC_SendCommand                        0x080062b1   Thumb Code    34  stm32h7xx_ll_sdmmc.o(i.SDMMC_SendCommand)
    SDMMC_WriteFIFO                          0x080062d9   Thumb Code    10  stm32h7xx_ll_sdmmc.o(i.SDMMC_WriteFIFO)
    SD_initialize                            0x080066e5   Thumb Code    28  sd_diskio.o(i.SD_initialize)
    SD_ioctl                                 0x08006705   Thumb Code    84  sd_diskio.o(i.SD_ioctl)
    SD_read                                  0x0800675d   Thumb Code    38  sd_diskio.o(i.SD_read)
    SD_status                                0x08006783   Thumb Code     4  sd_diskio.o(i.SD_status)
    SD_write                                 0x08006789   Thumb Code    38  sd_diskio.o(i.SD_write)
    SENS_connect                             0x080067b1   Thumb Code    68  ble_lib.o(i.SENS_connect)
    SVC_Handler                              0x08006811   Thumb Code     2  stm32h7xx_it.o(i.SVC_Handler)
    SysTick_Handler                          0x08006813   Thumb Code     4  stm32h7xx_it.o(i.SysTick_Handler)
    SystemClock_Config                       0x08006819   Thumb Code   188  config.o(i.SystemClock_Config)
    SystemInit                               0x080068e1   Thumb Code   134  system_stm32h7xx.o(i.SystemInit)
    TIM2_IRQHandler                          0x0800697d   Thumb Code     6  stm32h7xx_it.o(i.TIM2_IRQHandler)
    TIM_Base_SetConfig                       0x08006989   Thumb Code   162  stm32h7xx_hal_tim.o(i.TIM_Base_SetConfig)
    TIM_ETR_SetConfig                        0x08006a4d   Thumb Code    18  stm32h7xx_hal_tim.o(i.TIM_ETR_SetConfig)
    UART4_IRQHandler                         0x08006abd   Thumb Code     6  stm32h7xx_it.o(i.UART4_IRQHandler)
    UART5_IRQHandler                         0x08006ac9   Thumb Code     6  stm32h7xx_it.o(i.UART5_IRQHandler)
    UART7_IRQHandler                         0x08006ad5   Thumb Code     6  stm32h7xx_it.o(i.UART7_IRQHandler)
    UART8_IRQHandler                         0x08006ae1   Thumb Code     6  stm32h7xx_it.o(i.UART8_IRQHandler)
    UART_AdvFeatureConfig                    0x08006b51   Thumb Code   200  stm32h7xx_hal_uart.o(i.UART_AdvFeatureConfig)
    UART_CheckIdleState                      0x08006c19   Thumb Code    94  stm32h7xx_hal_uart.o(i.UART_CheckIdleState)
    UART_SetConfig                           0x08006ebd   Thumb Code  3084  stm32h7xx_hal_uart.o(i.UART_SetConfig)
    UART_WaitOnFlagUntilTimeout              0x08007bfd   Thumb Code   164  stm32h7xx_hal_uart.o(i.UART_WaitOnFlagUntilTimeout)
    USART1_IRQHandler                        0x08007ca1   Thumb Code     6  stm32h7xx_it.o(i.USART1_IRQHandler)
    USART2_IRQHandler                        0x08007cad   Thumb Code     6  stm32h7xx_it.o(i.USART2_IRQHandler)
    USART3_IRQHandler                        0x08007cb9   Thumb Code     6  stm32h7xx_it.o(i.USART3_IRQHandler)
    USART6_IRQHandler                        0x08007cc5   Thumb Code     6  stm32h7xx_it.o(i.USART6_IRQHandler)
    UsageFault_Handler                       0x08007cd1   Thumb Code     2  stm32h7xx_it.o(i.UsageFault_Handler)
    __0sprintf                               0x08007cd5   Thumb Code    34  printfa.o(i.__0sprintf)
    __1sprintf                               0x08007cd5   Thumb Code     0  printfa.o(i.__0sprintf)
    __2sprintf                               0x08007cd5   Thumb Code     0  printfa.o(i.__0sprintf)
    __c89sprintf                             0x08007cd5   Thumb Code     0  printfa.o(i.__0sprintf)
    sprintf                                  0x08007cd5   Thumb Code     0  printfa.o(i.__0sprintf)
    __ARM_fpclassify                         0x08007cfd   Thumb Code    48  fpclassify.o(i.__ARM_fpclassify)
    __hardfp_atan                            0x08007d51   Thumb Code   402  atan.o(i.__hardfp_atan)
    __hardfp_atan2                           0x08007f51   Thumb Code   380  atan2.o(i.__hardfp_atan2)
    __hardfp_sqrt                            0x08008111   Thumb Code   102  sqrt.o(i.__hardfp_sqrt)
    __kernel_poly                            0x08008177   Thumb Code   112  poly.o(i.__kernel_poly)
    __mathlib_dbl_infnan                     0x080081e7   Thumb Code     6  dunder.o(i.__mathlib_dbl_infnan)
    __mathlib_dbl_infnan2                    0x080081ed   Thumb Code     6  dunder.o(i.__mathlib_dbl_infnan2)
    __mathlib_dbl_underflow                  0x080081f9   Thumb Code    10  dunder.o(i.__mathlib_dbl_underflow)
    __scatterload_copy                       0x08008211   Thumb Code    14  handlers.o(i.__scatterload_copy)
    __scatterload_null                       0x0800821f   Thumb Code     2  handlers.o(i.__scatterload_null)
    __scatterload_zeroinit                   0x08008221   Thumb Code    14  handlers.o(i.__scatterload_zeroinit)
    __set_errno                              0x08008231   Thumb Code     6  errno.o(i.__set_errno)
    atan                                     0x08008af9   Thumb Code    16  atan.o(i.atan)
    calculateCS                              0x08008b09   Thumb Code    24  ble.o(i.calculateCS)
    disk_initialize                          0x08009215   Thumb Code    34  diskio.o(i.disk_initialize)
    disk_ioctl                               0x0800923d   Thumb Code    20  diskio.o(i.disk_ioctl)
    disk_read                                0x08009255   Thumb Code    22  diskio.o(i.disk_read)
    disk_status                              0x08009271   Thumb Code    16  diskio.o(i.disk_status)
    disk_write                               0x08009285   Thumb Code    22  diskio.o(i.disk_write)
    f_close                                  0x080092a1   Thumb Code    40  ff.o(i.f_close)
    f_mount                                  0x080092c9   Thumb Code    84  ff.o(i.f_mount)
    f_open                                   0x08009321   Thumb Code   522  ff.o(i.f_open)
    f_printf                                 0x08009531   Thumb Code   464  ff.o(i.f_printf)
    f_sync                                   0x08009701   Thumb Code   142  ff.o(i.f_sync)
    f_write                                  0x0800978f   Thumb Code   396  ff.o(i.f_write)
    fabs                                     0x0800991b   Thumb Code    24  fabs.o(i.fabs)
    free                                     0x08009c01   Thumb Code    76  malloc.o(i.free)
    get_fattime                              0x08009e2b   Thumb Code     4  fatfs.o(i.get_fattime)
    main                                     0x08009f35   Thumb Code   784  main.o(i.main)
    malloc                                   0x0800a2fd   Thumb Code    92  malloc.o(i.malloc)
    printBuf                                 0x0800a3bd   Thumb Code    70  uart_lib.o(i.printBuf)
    serPrintln                               0x0800a5e5   Thumb Code    70  uart_lib.o(i.serPrintln)
    SD_Driver                                0x0800a800   Data          20  sd_diskio.o(.constdata)
    D1CorePrescTable                         0x0800a814   Data          16  system_stm32h7xx.o(.constdata)
    __mathlib_zero                           0x0800a958   Data           8  qnan.o(.constdata)
    Region$$Table$$Base                      0x0800a9c4   Number         0  anon$$obj.o(Region$$Table)
    Region$$Table$$Limit                     0x0800a9e4   Number         0  anon$$obj.o(Region$$Table)
    mac_buf_sens_2                           0x20000000   Data           6  ble_lib.o(.data)
    mac_buf_sens_1                           0x20000006   Data           6  ble_lib.o(.data)
    mac_buf_sens_3                           0x2000000c   Data           6  ble_lib.o(.data)
    mac_buf_sens_4                           0x20000012   Data           6  ble_lib.o(.data)
    mac_buf_sens_5                           0x20000018   Data           6  ble_lib.o(.data)
    mac_buf_sens_6                           0x2000001e   Data           6  ble_lib.o(.data)
    gpio_buf_IC5                             0x20000024   Data           1  main.o(.data)
    send_1                                   0x20000025   Data           1  main.o(.data)
    send_2                                   0x20000026   Data           1  main.o(.data)
    file_nummer                              0x20000028   Data           2  main.o(.data)
    PI                                       0x2000002c   Data           4  main.o(.data)
    num_send_1                               0x20000030   Data           4  main.o(.data)
    num_send_2                               0x20000034   Data           4  main.o(.data)
    buf_1_pack_len                           0x20000038   Data           1  main.o(.data)
    buf_2_pack_len                           0x20000039   Data           1  main.o(.data)
    retSD                                    0x2000003b   Data           1  fatfs.o(.data)
    SDPath                                   0x2000003c   Data           4  fatfs.o(.data)
    uwTickFreq                               0x20000040   Data           1  stm32h7xx_hal.o(.data)
    uwTickPrio                               0x20000044   Data           4  stm32h7xx_hal.o(.data)
    uwTick                                   0x20000048   Data           4  stm32h7xx_hal.o(.data)
    SystemCoreClock                          0x2000004c   Data           4  system_stm32h7xx.o(.data)
    SystemD2Clock                            0x20000050   Data           4  system_stm32h7xx.o(.data)
    __microlib_freelist                      0x2000005c   Data           4  mvars.o(.data)
    __microlib_freelist_initialised          0x20000060   Data           4  mvars.o(.data)
    myFATAFS                                 0x20000068   Data         560  main.o(.bss)
    myFILE                                   0x20000298   Data         560  main.o(.bss)
    hi2c1                                    0x200004c8   Data          76  main.o(.bss)
    hsd1                                     0x20000514   Data         128  main.o(.bss)
    htim2                                    0x20000594   Data          64  main.o(.bss)
    huart4                                   0x200005d4   Data         140  main.o(.bss)
    huart5                                   0x20000660   Data         140  main.o(.bss)
    huart6                                   0x200006ec   Data         140  main.o(.bss)
    buf_1                                    0x20000778   Data         184  main.o(.bss)
    buf_2                                    0x20000830   Data         184  main.o(.bss)
    huart7                                   0x200008e8   Data         140  main.o(.bss)
    huart8                                   0x20000974   Data         140  main.o(.bss)
    huart1                                   0x20000a00   Data         140  main.o(.bss)
    huart2                                   0x20000a8c   Data         140  main.o(.bss)
    huart3                                   0x20000b18   Data         140  main.o(.bss)
    disk                                     0x20000bc4   Data          12  ff_gen_drv.o(.bss)
    __heap_base                              0x20000bd0   Data           0  startup_stm32h743xx.o(HEAP)
    __heap_limit                             0x20002bd0   Data           0  startup_stm32h743xx.o(HEAP)
    __initial_sp                             0x20006bd0   Data           0  startup_stm32h743xx.o(STACK)



==============================================================================

Memory Map of the image

  Image Entry point : 0x08000299

  Load Region LR_IROM1 (Base: 0x08000000, Size: 0x0000aa4c, Max: 0x00200000, ABSOLUTE)

    Execution Region ER_IROM1 (Exec base: 0x08000000, Load base: 0x08000000, Size: 0x0000a9e4, Max: 0x00200000, ABSOLUTE)

    Exec Addr    Load Addr    Size         Type   Attr      Idx    E Section Name        Object

    0x08000000   0x08000000   0x00000298   Data   RO            3    RESET               startup_stm32h743xx.o
    0x08000298   0x08000298   0x00000000   Code   RO         6024  * .ARM.Collect$$$$00000000  mc_w.l(entry.o)
    0x08000298   0x08000298   0x00000004   Code   RO         6357    .ARM.Collect$$$$00000001  mc_w.l(entry2.o)
    0x0800029c   0x0800029c   0x00000004   Code   RO         6360    .ARM.Collect$$$$00000004  mc_w.l(entry5.o)
    0x080002a0   0x080002a0   0x00000000   Code   RO         6362    .ARM.Collect$$$$00000008  mc_w.l(entry7b.o)
    0x080002a0   0x080002a0   0x00000000   Code   RO         6364    .ARM.Collect$$$$0000000A  mc_w.l(entry8b.o)
    0x080002a0   0x080002a0   0x00000008   Code   RO         6365    .ARM.Collect$$$$0000000B  mc_w.l(entry9a.o)
    0x080002a8   0x080002a8   0x00000000   Code   RO         6367    .ARM.Collect$$$$0000000D  mc_w.l(entry10a.o)
    0x080002a8   0x080002a8   0x00000000   Code   RO         6369    .ARM.Collect$$$$0000000F  mc_w.l(entry11a.o)
    0x080002a8   0x080002a8   0x00000004   Code   RO         6358    .ARM.Collect$$$$00002712  mc_w.l(entry2.o)
    0x080002ac   0x080002ac   0x00000024   Code   RO            4    .text               startup_stm32h743xx.o
    0x080002d0   0x080002d0   0x00000062   Code   RO         6027    .text               mc_w.l(uldiv.o)
    0x08000332   0x08000332   0x00000024   Code   RO         6029    .text               mc_w.l(memseta.o)
    0x08000356   0x08000356   0x0000000e   Code   RO         6031    .text               mc_w.l(strlen.o)
    0x08000364   0x08000364   0x0000002c   Code   RO         6374    .text               mc_w.l(uidiv.o)
    0x08000390   0x08000390   0x0000001e   Code   RO         6376    .text               mc_w.l(llshl.o)
    0x080003ae   0x080003ae   0x00000020   Code   RO         6378    .text               mc_w.l(llushr.o)
    0x080003ce   0x080003ce   0x00000000   Code   RO         6393    .text               mc_w.l(iusefp.o)
    0x080003ce   0x080003ce   0x0000014e   Code   RO         6394    .text               mf_w.l(dadd.o)
    0x0800051c   0x0800051c   0x000000e4   Code   RO         6396    .text               mf_w.l(dmul.o)
    0x08000600   0x08000600   0x000000de   Code   RO         6398    .text               mf_w.l(ddiv.o)
    0x080006de   0x080006de   0x00000030   Code   RO         6400    .text               mf_w.l(dfixul.o)
    0x0800070e   0x0800070e   0x00000002   PAD
    0x08000710   0x08000710   0x00000030   Code   RO         6402    .text               mf_w.l(cdrcmple.o)
    0x08000740   0x08000740   0x00000024   Code   RO         6408    .text               mc_w.l(init.o)
    0x08000764   0x08000764   0x00000024   Code   RO         6411    .text               mc_w.l(llsshr.o)
    0x08000788   0x08000788   0x000000ba   Code   RO         6414    .text               mf_w.l(depilogue.o)
    0x08000842   0x08000842   0x00000002   PAD
    0x08000844   0x08000844   0x00000018   Code   RO          784    i.BSP_PlatformIsDetected  fatfs_platform.o
    0x0800085c   0x0800085c   0x0000000c   Code   RO          591    i.BSP_SD_GetCardInfo  bsp_driver_sd.o
    0x08000868   0x08000868   0x00000018   Code   RO          592    i.BSP_SD_GetCardState  bsp_driver_sd.o
    0x08000880   0x08000880   0x00000030   Code   RO          594    i.BSP_SD_Init       bsp_driver_sd.o
    0x080008b0   0x080008b0   0x0000001a   Code   RO          595    i.BSP_SD_IsDetected  bsp_driver_sd.o
    0x080008ca   0x080008ca   0x00000002   PAD
    0x080008cc   0x080008cc   0x00000020   Code   RO          596    i.BSP_SD_ReadBlocks  bsp_driver_sd.o
    0x080008ec   0x080008ec   0x00000020   Code   RO          599    i.BSP_SD_WriteBlocks  bsp_driver_sd.o
    0x0800090c   0x0800090c   0x0000015c   Code   RO          330    i.BT_connect        ble.o
    0x08000a68   0x08000a68   0x0000005c   Code   RO          342    i.BT_transmitFrame  ble.o
    0x08000ac4   0x08000ac4   0x00000002   Code   RO          808    i.BusFault_Handler  stm32h7xx_it.o
    0x08000ac6   0x08000ac6   0x00000002   Code   RO          809    i.DebugMon_Handler  stm32h7xx_it.o
    0x08000ac8   0x08000ac8   0x00000006   Code   RO          810    i.EXTI2_IRQHandler  stm32h7xx_it.o
    0x08000ace   0x08000ace   0x00000006   Code   RO          811    i.EXTI9_5_IRQHandler  stm32h7xx_it.o
    0x08000ad4   0x08000ad4   0x00000002   Code   RO          441    i.Error_Handler     main.o
    0x08000ad6   0x08000ad6   0x00000006   Code   RO         5929    i.FATFS_LinkDriver  ff_gen_drv.o
    0x08000adc   0x08000adc   0x00000040   Code   RO         5930    i.FATFS_LinkDriverEx  ff_gen_drv.o
    0x08000b1c   0x08000b1c   0x00000364   Code   RO         1810    i.HAL_DMA_Abort     stm32h7xx_hal_dma.o
    0x08000e80   0x08000e80   0x00000284   Code   RO         1811    i.HAL_DMA_Abort_IT  stm32h7xx_hal_dma.o
    0x08001104   0x08001104   0x00000004   Code   RO         1813    i.HAL_DMA_GetError  stm32h7xx_hal_dma.o
    0x08001108   0x08001108   0x00000024   Code   RO         2519    i.HAL_Delay         stm32h7xx_hal.o
    0x0800112c   0x0800112c   0x00000040   Code   RO          442    i.HAL_GPIO_EXTI_Callback  main.o
    0x0800116c   0x0800116c   0x00000018   Code   RO         1657    i.HAL_GPIO_EXTI_IRQHandler  stm32h7xx_hal_gpio.o
    0x08001184   0x08001184   0x000001fc   Code   RO         1658    i.HAL_GPIO_Init     stm32h7xx_hal_gpio.o
    0x08001380   0x08001380   0x0000000a   Code   RO         1660    i.HAL_GPIO_ReadPin  stm32h7xx_hal_gpio.o
    0x0800138a   0x0800138a   0x0000000e   Code   RO         1661    i.HAL_GPIO_TogglePin  stm32h7xx_hal_gpio.o
    0x08001398   0x08001398   0x0000000a   Code   RO         1662    i.HAL_GPIO_WritePin  stm32h7xx_hal_gpio.o
    0x080013a2   0x080013a2   0x00000002   PAD
    0x080013a4   0x080013a4   0x0000000c   Code   RO         2534    i.HAL_GetREVID      stm32h7xx_hal.o
    0x080013b0   0x080013b0   0x0000000c   Code   RO         2535    i.HAL_GetTick       stm32h7xx_hal.o
    0x080013bc   0x080013bc   0x00000058   Code   RO         3305    i.HAL_I2CEx_ConfigAnalogFilter  stm32h7xx_hal_i2c_ex.o
    0x08001414   0x08001414   0x00000054   Code   RO         3306    i.HAL_I2CEx_ConfigDigitalFilter  stm32h7xx_hal_i2c_ex.o
    0x08001468   0x08001468   0x00000002   Code   RO         2848    i.HAL_I2C_AbortCpltCallback  stm32h7xx_hal_i2c.o
    0x0800146a   0x0800146a   0x00000002   Code   RO         2849    i.HAL_I2C_AddrCallback  stm32h7xx_hal_i2c.o
    0x0800146c   0x0800146c   0x00000068   Code   RO         2852    i.HAL_I2C_ER_IRQHandler  stm32h7xx_hal_i2c.o
    0x080014d4   0x080014d4   0x00000010   Code   RO         2853    i.HAL_I2C_EV_IRQHandler  stm32h7xx_hal_i2c.o
    0x080014e4   0x080014e4   0x00000002   Code   RO         2855    i.HAL_I2C_ErrorCallback  stm32h7xx_hal_i2c.o
    0x080014e6   0x080014e6   0x00000002   PAD
    0x080014e8   0x080014e8   0x000000b8   Code   RO         2859    i.HAL_I2C_Init      stm32h7xx_hal_i2c.o
    0x080015a0   0x080015a0   0x00000002   Code   RO         2861    i.HAL_I2C_ListenCpltCallback  stm32h7xx_hal_i2c.o
    0x080015a2   0x080015a2   0x00000002   PAD
    0x080015a4   0x080015a4   0x00000124   Code   RO         2872    i.HAL_I2C_Master_Transmit  stm32h7xx_hal_i2c.o
    0x080016c8   0x080016c8   0x00000088   Code   RO          969    i.HAL_I2C_MspInit   stm32h7xx_hal_msp.o
    0x08001750   0x08001750   0x00000002   Code   RO         2885    i.HAL_I2C_SlaveRxCpltCallback  stm32h7xx_hal_i2c.o
    0x08001752   0x08001752   0x00000002   Code   RO         2886    i.HAL_I2C_SlaveTxCpltCallback  stm32h7xx_hal_i2c.o
    0x08001754   0x08001754   0x00000010   Code   RO         2541    i.HAL_IncTick       stm32h7xx_hal.o
    0x08001764   0x08001764   0x00000058   Code   RO         2542    i.HAL_Init          stm32h7xx_hal.o
    0x080017bc   0x080017bc   0x00000040   Code   RO         2543    i.HAL_InitTick      stm32h7xx_hal.o
    0x080017fc   0x080017fc   0x0000001c   Code   RO          970    i.HAL_MspInit       stm32h7xx_hal_msp.o
    0x08001818   0x08001818   0x0000001a   Code   RO         1046    i.HAL_NVIC_EnableIRQ  stm32h7xx_hal_cortex.o
    0x08001832   0x08001832   0x00000002   PAD
    0x08001834   0x08001834   0x00000040   Code   RO         1052    i.HAL_NVIC_SetPriority  stm32h7xx_hal_cortex.o
    0x08001874   0x08001874   0x00000024   Code   RO         1053    i.HAL_NVIC_SetPriorityGrouping  stm32h7xx_hal_cortex.o
    0x08001898   0x08001898   0x00000054   Code   RO         2259    i.HAL_PWREx_ConfigSupply  stm32h7xx_hal_pwr_ex.o
    0x080018ec   0x080018ec   0x0000002c   Code   RO         1295    i.HAL_RCCEx_GetD1SysClockFreq  stm32h7xx_hal_rcc_ex.o
    0x08001918   0x08001918   0x00000024   Code   RO         1296    i.HAL_RCCEx_GetD3PCLK1Freq  stm32h7xx_hal_rcc_ex.o
    0x0800193c   0x0800193c   0x00000144   Code   RO         1297    i.HAL_RCCEx_GetPLL1ClockFreq  stm32h7xx_hal_rcc_ex.o
    0x08001a80   0x08001a80   0x00000144   Code   RO         1298    i.HAL_RCCEx_GetPLL2ClockFreq  stm32h7xx_hal_rcc_ex.o
    0x08001bc4   0x08001bc4   0x00000144   Code   RO         1299    i.HAL_RCCEx_GetPLL3ClockFreq  stm32h7xx_hal_rcc_ex.o
    0x08001d08   0x08001d08   0x000001dc   Code   RO         1301    i.HAL_RCCEx_GetPeriphCLKFreq  stm32h7xx_hal_rcc_ex.o
    0x08001ee4   0x08001ee4   0x0000089c   Code   RO         1303    i.HAL_RCCEx_PeriphCLKConfig  stm32h7xx_hal_rcc_ex.o
    0x08002780   0x08002780   0x00000244   Code   RO         1182    i.HAL_RCC_ClockConfig  stm32h7xx_hal_rcc.o
    0x080029c4   0x080029c4   0x0000002c   Code   RO         1187    i.HAL_RCC_GetHCLKFreq  stm32h7xx_hal_rcc.o
    0x080029f0   0x080029f0   0x00000024   Code   RO         1189    i.HAL_RCC_GetPCLK1Freq  stm32h7xx_hal_rcc.o
    0x08002a14   0x08002a14   0x00000024   Code   RO         1190    i.HAL_RCC_GetPCLK2Freq  stm32h7xx_hal_rcc.o
    0x08002a38   0x08002a38   0x00000138   Code   RO         1191    i.HAL_RCC_GetSysClockFreq  stm32h7xx_hal_rcc.o
    0x08002b70   0x08002b70   0x000004ea   Code   RO         1194    i.HAL_RCC_OscConfig  stm32h7xx_hal_rcc.o
    0x0800305a   0x0800305a   0x00000002   Code   RO         3749    i.HAL_SDEx_Read_DMADoubleBuf0CpltCallback  stm32h7xx_hal_sd.o
    0x0800305c   0x0800305c   0x00000002   Code   RO         3750    i.HAL_SDEx_Read_DMADoubleBuf1CpltCallback  stm32h7xx_hal_sd.o
    0x0800305e   0x0800305e   0x00000002   Code   RO         3751    i.HAL_SDEx_Write_DMADoubleBuf0CpltCallback  stm32h7xx_hal_sd.o
    0x08003060   0x08003060   0x00000002   Code   RO         3752    i.HAL_SDEx_Write_DMADoubleBuf1CpltCallback  stm32h7xx_hal_sd.o
    0x08003062   0x08003062   0x00000002   PAD
    0x08003064   0x08003064   0x00000114   Code   RO         3757    i.HAL_SD_ConfigWideBusOperation  stm32h7xx_hal_sd.o
    0x08003178   0x08003178   0x00000002   Code   RO         3759    i.HAL_SD_DriveTransceiver_1_8V_Callback  stm32h7xx_hal_sd.o
    0x0800317a   0x0800317a   0x00000002   Code   RO         3761    i.HAL_SD_ErrorCallback  stm32h7xx_hal_sd.o
    0x0800317c   0x0800317c   0x000001bc   Code   RO         3763    i.HAL_SD_GetCardCSD  stm32h7xx_hal_sd.o
    0x08003338   0x08003338   0x00000024   Code   RO         3764    i.HAL_SD_GetCardInfo  stm32h7xx_hal_sd.o
    0x0800335c   0x0800335c   0x0000002c   Code   RO         3765    i.HAL_SD_GetCardState  stm32h7xx_hal_sd.o
    0x08003388   0x08003388   0x000000a0   Code   RO         3766    i.HAL_SD_GetCardStatus  stm32h7xx_hal_sd.o
    0x08003428   0x08003428   0x00000240   Code   RO         3769    i.HAL_SD_IRQHandler  stm32h7xx_hal_sd.o
    0x08003668   0x08003668   0x000000a2   Code   RO         3770    i.HAL_SD_Init       stm32h7xx_hal_sd.o
    0x0800370a   0x0800370a   0x00000002   PAD
    0x0800370c   0x0800370c   0x00000080   Code   RO         3771    i.HAL_SD_InitCard   stm32h7xx_hal_sd.o
    0x0800378c   0x0800378c   0x00000098   Code   RO          972    i.HAL_SD_MspInit    stm32h7xx_hal_msp.o
    0x08003824   0x08003824   0x000001d4   Code   RO         3774    i.HAL_SD_ReadBlocks  stm32h7xx_hal_sd.o
    0x080039f8   0x080039f8   0x00000002   Code   RO         3777    i.HAL_SD_RxCpltCallback  stm32h7xx_hal_sd.o
    0x080039fa   0x080039fa   0x00000002   Code   RO         3778    i.HAL_SD_TxCpltCallback  stm32h7xx_hal_sd.o
    0x080039fc   0x080039fc   0x000001f8   Code   RO         3779    i.HAL_SD_WriteBlocks  stm32h7xx_hal_sd.o
    0x08003bf4   0x08003bf4   0x00000026   Code   RO         1057    i.HAL_SYSTICK_Config  stm32h7xx_hal_cortex.o
    0x08003c1a   0x08003c1a   0x00000002   Code   RO         4741    i.HAL_TIMEx_Break2Callback  stm32h7xx_hal_tim_ex.o
    0x08003c1c   0x08003c1c   0x00000002   Code   RO         4742    i.HAL_TIMEx_BreakCallback  stm32h7xx_hal_tim_ex.o
    0x08003c1e   0x08003c1e   0x00000002   Code   RO         4743    i.HAL_TIMEx_CommutCallback  stm32h7xx_hal_tim_ex.o
    0x08003c20   0x08003c20   0x00000098   Code   RO         4762    i.HAL_TIMEx_MasterConfigSynchronization  stm32h7xx_hal_tim_ex.o
    0x08003cb8   0x08003cb8   0x00000036   Code   RO         4044    i.HAL_TIM_Base_Init  stm32h7xx_hal_tim.o
    0x08003cee   0x08003cee   0x00000002   PAD
    0x08003cf0   0x08003cf0   0x00000038   Code   RO          974    i.HAL_TIM_Base_MspInit  stm32h7xx_hal_msp.o
    0x08003d28   0x08003d28   0x0000002c   Code   RO         4049    i.HAL_TIM_Base_Start_IT  stm32h7xx_hal_tim.o
    0x08003d54   0x08003d54   0x000000f8   Code   RO         4053    i.HAL_TIM_ConfigClockSource  stm32h7xx_hal_tim.o
    0x08003e4c   0x08003e4c   0x00000002   Code   RO         4075    i.HAL_TIM_IC_CaptureCallback  stm32h7xx_hal_tim.o
    0x08003e4e   0x08003e4e   0x00000182   Code   RO         4089    i.HAL_TIM_IRQHandler  stm32h7xx_hal_tim.o
    0x08003fd0   0x08003fd0   0x00000002   Code   RO         4092    i.HAL_TIM_OC_DelayElapsedCallback  stm32h7xx_hal_tim.o
    0x08003fd2   0x08003fd2   0x00000002   Code   RO         4119    i.HAL_TIM_PWM_PulseFinishedCallback  stm32h7xx_hal_tim.o
    0x08003fd4   0x08003fd4   0x00000020   Code   RO          443    i.HAL_TIM_PeriodElapsedCallback  main.o
    0x08003ff4   0x08003ff4   0x00000002   Code   RO         4132    i.HAL_TIM_TriggerCallback  stm32h7xx_hal_tim.o
    0x08003ff6   0x08003ff6   0x00000040   Code   RO         5412    i.HAL_UARTEx_DisableFifoMode  stm32h7xx_hal_uart_ex.o
    0x08004036   0x08004036   0x00000002   Code   RO         5416    i.HAL_UARTEx_RxFifoFullCallback  stm32h7xx_hal_uart_ex.o
    0x08004038   0x08004038   0x0000004c   Code   RO         5417    i.HAL_UARTEx_SetRxFifoThreshold  stm32h7xx_hal_uart_ex.o
    0x08004084   0x08004084   0x0000004c   Code   RO         5418    i.HAL_UARTEx_SetTxFifoThreshold  stm32h7xx_hal_uart_ex.o
    0x080040d0   0x080040d0   0x00000002   Code   RO         5420    i.HAL_UARTEx_TxFifoEmptyCallback  stm32h7xx_hal_uart_ex.o
    0x080040d2   0x080040d2   0x00000002   Code   RO         5421    i.HAL_UARTEx_WakeupCallback  stm32h7xx_hal_uart_ex.o
    0x080040d4   0x080040d4   0x000000b8   Code   RO         5025    i.HAL_UART_Abort    stm32h7xx_hal_uart.o
    0x0800418c   0x0800418c   0x00000002   Code   RO         5040    i.HAL_UART_ErrorCallback  stm32h7xx_hal_uart.o
    0x0800418e   0x0800418e   0x00000002   PAD
    0x08004190   0x08004190   0x000001c0   Code   RO         5043    i.HAL_UART_IRQHandler  stm32h7xx_hal_uart.o
    0x08004350   0x08004350   0x0000006a   Code   RO         5044    i.HAL_UART_Init     stm32h7xx_hal_uart.o
    0x080043ba   0x080043ba   0x00000002   PAD
    0x080043bc   0x080043bc   0x00000380   Code   RO          976    i.HAL_UART_MspInit  stm32h7xx_hal_msp.o
    0x0800473c   0x0800473c   0x000000f8   Code   RO         5047    i.HAL_UART_Receive  stm32h7xx_hal_uart.o
    0x08004834   0x08004834   0x000000f8   Code   RO         5049    i.HAL_UART_Receive_IT  stm32h7xx_hal_uart.o
    0x0800492c   0x0800492c   0x00000110   Code   RO          176    i.HAL_UART_RxCpltCallback  uart_lib.o
    0x08004a3c   0x08004a3c   0x000000be   Code   RO         5053    i.HAL_UART_Transmit  stm32h7xx_hal_uart.o
    0x08004afa   0x08004afa   0x00000002   PAD
    0x08004afc   0x08004afc   0x0000009c   Code   RO         5055    i.HAL_UART_Transmit_IT  stm32h7xx_hal_uart.o
    0x08004b98   0x08004b98   0x00000034   Code   RO          177    i.HAL_UART_TxCpltCallback  uart_lib.o
    0x08004bcc   0x08004bcc   0x00000002   Code   RO          812    i.HardFault_Handler  stm32h7xx_it.o
    0x08004bce   0x08004bce   0x00000002   PAD
    0x08004bd0   0x08004bd0   0x0000000c   Code   RO          813    i.I2C1_ER_IRQHandler  stm32h7xx_it.o
    0x08004bdc   0x08004bdc   0x0000000c   Code   RO          814    i.I2C1_EV_IRQHandler  stm32h7xx_it.o
    0x08004be8   0x08004be8   0x00000028   Code   RO         2898    i.I2C_DMAAbort      stm32h7xx_hal_i2c.o
    0x08004c10   0x08004c10   0x00000056   Code   RO         2904    i.I2C_Disable_IRQ   stm32h7xx_hal_i2c.o
    0x08004c66   0x08004c66   0x00000022   Code   RO         2906    i.I2C_Flush_TXDR    stm32h7xx_hal_i2c.o
    0x08004c88   0x08004c88   0x00000088   Code   RO         2907    i.I2C_ITAddrCplt    stm32h7xx_hal_i2c.o
    0x08004d10   0x08004d10   0x000000e0   Code   RO         2908    i.I2C_ITError       stm32h7xx_hal_i2c.o
    0x08004df0   0x08004df0   0x00000064   Code   RO         2909    i.I2C_ITListenCplt  stm32h7xx_hal_i2c.o
    0x08004e54   0x08004e54   0x00000184   Code   RO         2912    i.I2C_ITSlaveCplt   stm32h7xx_hal_i2c.o
    0x08004fd8   0x08004fd8   0x00000054   Code   RO         2913    i.I2C_ITSlaveSeqCplt  stm32h7xx_hal_i2c.o
    0x0800502c   0x0800502c   0x00000088   Code   RO         2914    i.I2C_IsAcknowledgeFailed  stm32h7xx_hal_i2c.o
    0x080050b4   0x080050b4   0x00000120   Code   RO         2920    i.I2C_Slave_ISR_IT  stm32h7xx_hal_i2c.o
    0x080051d4   0x080051d4   0x0000002c   Code   RO         2921    i.I2C_TransferConfig  stm32h7xx_hal_i2c.o
    0x08005200   0x08005200   0x0000005a   Code   RO         2922    i.I2C_WaitOnFlagUntilTimeout  stm32h7xx_hal_i2c.o
    0x0800525a   0x0800525a   0x0000004e   Code   RO         2924    i.I2C_WaitOnSTOPFlagUntilTimeout  stm32h7xx_hal_i2c.o
    0x080052a8   0x080052a8   0x00000052   Code   RO         2925    i.I2C_WaitOnTXISFlagUntilTimeout  stm32h7xx_hal_i2c.o
    0x080052fa   0x080052fa   0x00000002   PAD
    0x080052fc   0x080052fc   0x00000020   Code   RO          444    i.IOExpander_update  main.o
    0x0800531c   0x0800531c   0x0000001c   Code   RO          746    i.MX_FATFS_Init     fatfs.o
    0x08005338   0x08005338   0x00000164   Code   RO           13    i.MX_GPIO_Init      config.o
    0x0800549c   0x0800549c   0x00000044   Code   RO          445    i.MX_I2C1_Init      main.o
    0x080054e0   0x080054e0   0x00000050   Code   RO          446    i.MX_TIM2_Init      main.o
    0x08005530   0x08005530   0x00000048   Code   RO          178    i.MX_UART4_Init     uart_lib.o
    0x08005578   0x08005578   0x00000048   Code   RO          179    i.MX_UART5_Init     uart_lib.o
    0x080055c0   0x080055c0   0x00000048   Code   RO          180    i.MX_UART7_Init     uart_lib.o
    0x08005608   0x08005608   0x00000048   Code   RO          181    i.MX_UART8_Init     uart_lib.o
    0x08005650   0x08005650   0x00000048   Code   RO          182    i.MX_USART1_UART_Init  uart_lib.o
    0x08005698   0x08005698   0x00000048   Code   RO          183    i.MX_USART2_UART_Init  uart_lib.o
    0x080056e0   0x080056e0   0x00000048   Code   RO          184    i.MX_USART3_UART_Init  uart_lib.o
    0x08005728   0x08005728   0x00000048   Code   RO          185    i.MX_USART6_UART_Init  uart_lib.o
    0x08005770   0x08005770   0x00000002   Code   RO          815    i.MemManage_Handler  stm32h7xx_it.o
    0x08005772   0x08005772   0x00000002   Code   RO          816    i.NMI_Handler       stm32h7xx_it.o
    0x08005774   0x08005774   0x00000002   Code   RO          817    i.PendSV_Handler    stm32h7xx_it.o
    0x08005776   0x08005776   0x00000002   PAD
    0x08005778   0x08005778   0x00000120   Code   RO         1306    i.RCCEx_PLL2_Config  stm32h7xx_hal_rcc_ex.o
    0x08005898   0x08005898   0x00000120   Code   RO         1307    i.RCCEx_PLL3_Config  stm32h7xx_hal_rcc_ex.o
    0x080059b8   0x080059b8   0x00000168   Code   RO          447    i.SDCard_create_new_file  main.o
    0x08005b20   0x08005b20   0x00000090   Code   RO          448    i.SDCard_mount      main.o
    0x08005bb0   0x08005bb0   0x0000000c   Code   RO          818    i.SDMMC1_IRQHandler  stm32h7xx_it.o
    0x08005bbc   0x08005bbc   0x00000034   Code   RO         3431    i.SDMMC_CmdAppCommand  stm32h7xx_ll_sdmmc.o
    0x08005bf0   0x08005bf0   0x0000002e   Code   RO         3432    i.SDMMC_CmdAppOperCommand  stm32h7xx_ll_sdmmc.o
    0x08005c1e   0x08005c1e   0x00000032   Code   RO         3433    i.SDMMC_CmdBlockLength  stm32h7xx_ll_sdmmc.o
    0x08005c50   0x08005c50   0x00000034   Code   RO         3434    i.SDMMC_CmdBusWidth  stm32h7xx_ll_sdmmc.o
    0x08005c84   0x08005c84   0x00000054   Code   RO         3438    i.SDMMC_CmdGoIdleState  stm32h7xx_ll_sdmmc.o
    0x08005cd8   0x08005cd8   0x00000074   Code   RO         3440    i.SDMMC_CmdOperCond  stm32h7xx_ll_sdmmc.o
    0x08005d4c   0x08005d4c   0x00000034   Code   RO         3441    i.SDMMC_CmdReadMultiBlock  stm32h7xx_ll_sdmmc.o
    0x08005d80   0x08005d80   0x00000034   Code   RO         3442    i.SDMMC_CmdReadSingleBlock  stm32h7xx_ll_sdmmc.o
    0x08005db4   0x08005db4   0x00000032   Code   RO         3445    i.SDMMC_CmdSelDesel  stm32h7xx_ll_sdmmc.o
    0x08005de6   0x08005de6   0x0000002c   Code   RO         3446    i.SDMMC_CmdSendCID  stm32h7xx_ll_sdmmc.o
    0x08005e12   0x08005e12   0x00000030   Code   RO         3447    i.SDMMC_CmdSendCSD  stm32h7xx_ll_sdmmc.o
    0x08005e42   0x08005e42   0x00000032   Code   RO         3449    i.SDMMC_CmdSendSCR  stm32h7xx_ll_sdmmc.o
    0x08005e74   0x08005e74   0x00000034   Code   RO         3450    i.SDMMC_CmdSendStatus  stm32h7xx_ll_sdmmc.o
    0x08005ea8   0x08005ea8   0x00000032   Code   RO         3451    i.SDMMC_CmdSetRelAdd  stm32h7xx_ll_sdmmc.o
    0x08005eda   0x08005eda   0x00000032   Code   RO         3452    i.SDMMC_CmdStatusRegister  stm32h7xx_ll_sdmmc.o
    0x08005f0c   0x08005f0c   0x00000054   Code   RO         3453    i.SDMMC_CmdStopTransfer  stm32h7xx_ll_sdmmc.o
    0x08005f60   0x08005f60   0x00000032   Code   RO         3455    i.SDMMC_CmdVoltageSwitch  stm32h7xx_ll_sdmmc.o
    0x08005f92   0x08005f92   0x00000034   Code   RO         3456    i.SDMMC_CmdWriteMultiBlock  stm32h7xx_ll_sdmmc.o
    0x08005fc6   0x08005fc6   0x00000034   Code   RO         3457    i.SDMMC_CmdWriteSingleBlock  stm32h7xx_ll_sdmmc.o
    0x08005ffa   0x08005ffa   0x00000026   Code   RO         3458    i.SDMMC_ConfigData  stm32h7xx_ll_sdmmc.o
    0x08006020   0x08006020   0x00000124   Code   RO         3459    i.SDMMC_GetCmdResp1  stm32h7xx_ll_sdmmc.o
    0x08006144   0x08006144   0x00000054   Code   RO         3460    i.SDMMC_GetCmdResp2  stm32h7xx_ll_sdmmc.o
    0x08006198   0x08006198   0x00000048   Code   RO         3461    i.SDMMC_GetCmdResp3  stm32h7xx_ll_sdmmc.o
    0x080061e0   0x080061e0   0x0000008c   Code   RO         3462    i.SDMMC_GetCmdResp6  stm32h7xx_ll_sdmmc.o
    0x0800626c   0x0800626c   0x00000008   Code   RO         3466    i.SDMMC_GetPowerState  stm32h7xx_ll_sdmmc.o
    0x08006274   0x08006274   0x00000006   Code   RO         3467    i.SDMMC_GetResponse  stm32h7xx_ll_sdmmc.o
    0x0800627a   0x0800627a   0x00000002   PAD
    0x0800627c   0x0800627c   0x00000020   Code   RO         3468    i.SDMMC_Init        stm32h7xx_ll_sdmmc.o
    0x0800629c   0x0800629c   0x0000000c   Code   RO         3471    i.SDMMC_PowerState_ON  stm32h7xx_ll_sdmmc.o
    0x080062a8   0x080062a8   0x00000006   Code   RO         3472    i.SDMMC_ReadFIFO    stm32h7xx_ll_sdmmc.o
    0x080062ae   0x080062ae   0x00000002   PAD
    0x080062b0   0x080062b0   0x00000028   Code   RO         3473    i.SDMMC_SendCommand  stm32h7xx_ll_sdmmc.o
    0x080062d8   0x080062d8   0x0000000a   Code   RO         3475    i.SDMMC_WriteFIFO   stm32h7xx_ll_sdmmc.o
    0x080062e2   0x080062e2   0x00000002   PAD
    0x080062e4   0x080062e4   0x00000020   Code   RO          686    i.SD_CheckStatus    sd_diskio.o
    0x08006304   0x08006304   0x000000e4   Code   RO         3783    i.SD_FindSCR        stm32h7xx_hal_sd.o
    0x080063e8   0x080063e8   0x000000d4   Code   RO         3785    i.SD_InitCard       stm32h7xx_hal_sd.o
    0x080064bc   0x080064bc   0x00000144   Code   RO         3786    i.SD_PowerON        stm32h7xx_hal_sd.o
    0x08006600   0x08006600   0x000000e4   Code   RO         3787    i.SD_SendSDStatus   stm32h7xx_hal_sd.o
    0x080066e4   0x080066e4   0x00000020   Code   RO          687    i.SD_initialize     sd_diskio.o
    0x08006704   0x08006704   0x00000058   Code   RO          688    i.SD_ioctl          sd_diskio.o
    0x0800675c   0x0800675c   0x00000026   Code   RO          689    i.SD_read           sd_diskio.o
    0x08006782   0x08006782   0x00000004   Code   RO          690    i.SD_status         sd_diskio.o
    0x08006786   0x08006786   0x00000002   PAD
    0x08006788   0x08006788   0x00000026   Code   RO          691    i.SD_write          sd_diskio.o
    0x080067ae   0x080067ae   0x00000002   PAD
    0x080067b0   0x080067b0   0x00000060   Code   RO          288    i.SENS_connect      ble_lib.o
    0x08006810   0x08006810   0x00000002   Code   RO          819    i.SVC_Handler       stm32h7xx_it.o
    0x08006812   0x08006812   0x00000004   Code   RO          820    i.SysTick_Handler   stm32h7xx_it.o
    0x08006816   0x08006816   0x00000002   PAD
    0x08006818   0x08006818   0x000000c8   Code   RO           14    i.SystemClock_Config  config.o
    0x080068e0   0x080068e0   0x0000009c   Code   RO         5506    i.SystemInit        system_stm32h7xx.o
    0x0800697c   0x0800697c   0x0000000c   Code   RO          821    i.TIM2_IRQHandler   stm32h7xx_it.o
    0x08006988   0x08006988   0x000000c4   Code   RO         4134    i.TIM_Base_SetConfig  stm32h7xx_hal_tim.o
    0x08006a4c   0x08006a4c   0x00000012   Code   RO         4145    i.TIM_ETR_SetConfig  stm32h7xx_hal_tim.o
    0x08006a5e   0x08006a5e   0x00000002   PAD
    0x08006a60   0x08006a60   0x00000014   Code   RO         4146    i.TIM_ITRx_SetConfig  stm32h7xx_hal_tim.o
    0x08006a74   0x08006a74   0x00000022   Code   RO         4154    i.TIM_TI1_ConfigInputStage  stm32h7xx_hal_tim.o
    0x08006a96   0x08006a96   0x00000024   Code   RO         4156    i.TIM_TI2_ConfigInputStage  stm32h7xx_hal_tim.o
    0x08006aba   0x08006aba   0x00000002   PAD
    0x08006abc   0x08006abc   0x0000000c   Code   RO          822    i.UART4_IRQHandler  stm32h7xx_it.o
    0x08006ac8   0x08006ac8   0x0000000c   Code   RO          823    i.UART5_IRQHandler  stm32h7xx_it.o
    0x08006ad4   0x08006ad4   0x0000000c   Code   RO          824    i.UART7_IRQHandler  stm32h7xx_it.o
    0x08006ae0   0x08006ae0   0x0000000c   Code   RO          825    i.UART8_IRQHandler  stm32h7xx_it.o
    0x08006aec   0x08006aec   0x00000064   Code   RO         5422    i.UARTEx_SetNbDataToProcess  stm32h7xx_hal_uart_ex.o
    0x08006b50   0x08006b50   0x000000c8   Code   RO         5058    i.UART_AdvFeatureConfig  stm32h7xx_hal_uart.o
    0x08006c18   0x08006c18   0x0000005e   Code   RO         5059    i.UART_CheckIdleState  stm32h7xx_hal_uart.o
    0x08006c76   0x08006c76   0x00000014   Code   RO         5060    i.UART_DMAAbortOnError  stm32h7xx_hal_uart.o
    0x08006c8a   0x08006c8a   0x00000002   PAD
    0x08006c8c   0x08006c8c   0x00000028   Code   RO         5070    i.UART_EndRxTransfer  stm32h7xx_hal_uart.o
    0x08006cb4   0x08006cb4   0x0000005e   Code   RO         5072    i.UART_RxISR_16BIT  stm32h7xx_hal_uart.o
    0x08006d12   0x08006d12   0x00000002   PAD
    0x08006d14   0x08006d14   0x000000a4   Code   RO         5073    i.UART_RxISR_16BIT_FIFOEN  stm32h7xx_hal_uart.o
    0x08006db8   0x08006db8   0x0000005e   Code   RO         5074    i.UART_RxISR_8BIT   stm32h7xx_hal_uart.o
    0x08006e16   0x08006e16   0x00000002   PAD
    0x08006e18   0x08006e18   0x000000a4   Code   RO         5075    i.UART_RxISR_8BIT_FIFOEN  stm32h7xx_hal_uart.o
    0x08006ebc   0x08006ebc   0x00000c10   Code   RO         5076    i.UART_SetConfig    stm32h7xx_hal_uart.o
    0x08007acc   0x08007acc   0x00000042   Code   RO         5077    i.UART_TxISR_16BIT  stm32h7xx_hal_uart.o
    0x08007b0e   0x08007b0e   0x00000002   PAD
    0x08007b10   0x08007b10   0x00000058   Code   RO         5078    i.UART_TxISR_16BIT_FIFOEN  stm32h7xx_hal_uart.o
    0x08007b68   0x08007b68   0x0000003e   Code   RO         5079    i.UART_TxISR_8BIT   stm32h7xx_hal_uart.o
    0x08007ba6   0x08007ba6   0x00000002   PAD
    0x08007ba8   0x08007ba8   0x00000054   Code   RO         5080    i.UART_TxISR_8BIT_FIFOEN  stm32h7xx_hal_uart.o
    0x08007bfc   0x08007bfc   0x000000a4   Code   RO         5081    i.UART_WaitOnFlagUntilTimeout  stm32h7xx_hal_uart.o
    0x08007ca0   0x08007ca0   0x0000000c   Code   RO          826    i.USART1_IRQHandler  stm32h7xx_it.o
    0x08007cac   0x08007cac   0x0000000c   Code   RO          827    i.USART2_IRQHandler  stm32h7xx_it.o
    0x08007cb8   0x08007cb8   0x0000000c   Code   RO          828    i.USART3_IRQHandler  stm32h7xx_it.o
    0x08007cc4   0x08007cc4   0x0000000c   Code   RO          829    i.USART6_IRQHandler  stm32h7xx_it.o
    0x08007cd0   0x08007cd0   0x00000002   Code   RO          830    i.UsageFault_Handler  stm32h7xx_it.o
    0x08007cd2   0x08007cd2   0x00000002   PAD
    0x08007cd4   0x08007cd4   0x00000028   Code   RO         6268    i.__0sprintf        mc_w.l(printfa.o)
    0x08007cfc   0x08007cfc   0x00000030   Code   RO         6404    i.__ARM_fpclassify  m_wv.l(fpclassify.o)
    0x08007d2c   0x08007d2c   0x00000022   Code   RO         1059    i.__NVIC_SetPriority  stm32h7xx_hal_cortex.o
    0x08007d4e   0x08007d4e   0x00000002   PAD
    0x08007d50   0x08007d50   0x00000200   Code   RO         6322    i.__hardfp_atan     m_wv.l(atan.o)
    0x08007f50   0x08007f50   0x000001c0   Code   RO         6000    i.__hardfp_atan2    m_wv.l(atan2.o)
    0x08008110   0x08008110   0x00000066   Code   RO         6012    i.__hardfp_sqrt     m_wv.l(sqrt.o)
    0x08008176   0x08008176   0x00000070   Code   RO         6406    i.__kernel_poly     m_wv.l(poly.o)
    0x080081e6   0x080081e6   0x00000006   Code   RO         6337    i.__mathlib_dbl_infnan  m_wv.l(dunder.o)
    0x080081ec   0x080081ec   0x00000006   Code   RO         6338    i.__mathlib_dbl_infnan2  m_wv.l(dunder.o)
    0x080081f2   0x080081f2   0x00000006   PAD
    0x080081f8   0x080081f8   0x00000018   Code   RO         6342    i.__mathlib_dbl_underflow  m_wv.l(dunder.o)
    0x08008210   0x08008210   0x0000000e   Code   RO         6418    i.__scatterload_copy  mc_w.l(handlers.o)
    0x0800821e   0x0800821e   0x00000002   Code   RO         6419    i.__scatterload_null  mc_w.l(handlers.o)
    0x08008220   0x08008220   0x0000000e   Code   RO         6420    i.__scatterload_zeroinit  mc_w.l(handlers.o)
    0x0800822e   0x0800822e   0x00000002   PAD
    0x08008230   0x08008230   0x0000000c   Code   RO         6388    i.__set_errno       mc_w.l(errno.o)
    0x0800823c   0x0800823c   0x00000184   Code   RO         6273    i._fp_digits        mc_w.l(printfa.o)
    0x080083c0   0x080083c0   0x000006dc   Code   RO         6274    i._printf_core      mc_w.l(printfa.o)
    0x08008a9c   0x08008a9c   0x00000024   Code   RO         6275    i._printf_post_padding  mc_w.l(printfa.o)
    0x08008ac0   0x08008ac0   0x0000002e   Code   RO         6276    i._printf_pre_padding  mc_w.l(printfa.o)
    0x08008aee   0x08008aee   0x0000000a   Code   RO         6278    i._sputc            mc_w.l(printfa.o)
    0x08008af8   0x08008af8   0x00000010   Code   RO         6324    i.atan              m_wv.l(atan.o)
    0x08008b08   0x08008b08   0x00000018   Code   RO          343    i.calculateCS       ble.o
    0x08008b20   0x08008b20   0x00000070   Code   RO         5597    i.check_fs          ff.o
    0x08008b90   0x08008b90   0x0000005c   Code   RO         5598    i.chk_lock          ff.o
    0x08008bec   0x08008bec   0x00000020   Code   RO         5599    i.clear_lock        ff.o
    0x08008c0c   0x08008c0c   0x00000024   Code   RO         5600    i.clmt_clust        ff.o
    0x08008c30   0x08008c30   0x00000018   Code   RO         5601    i.clust2sect        ff.o
    0x08008c48   0x08008c48   0x000001f0   Code   RO          449    i.convertBuffer     main.o
    0x08008e38   0x08008e38   0x000000a6   Code   RO         5602    i.create_chain      ff.o
    0x08008ede   0x08008ede   0x00000002   PAD
    0x08008ee0   0x08008ee0   0x000000bc   Code   RO         5603    i.create_name       ff.o
    0x08008f9c   0x08008f9c   0x00000034   Code   RO         5604    i.dec_lock          ff.o
    0x08008fd0   0x08008fd0   0x00000066   Code   RO         5605    i.dir_find          ff.o
    0x08009036   0x08009036   0x00000002   PAD
    0x08009038   0x08009038   0x000000f4   Code   RO         5606    i.dir_next          ff.o
    0x0800912c   0x0800912c   0x00000066   Code   RO         5608    i.dir_register      ff.o
    0x08009192   0x08009192   0x00000082   Code   RO         5610    i.dir_sdi           ff.o
    0x08009214   0x08009214   0x00000028   Code   RO         5542    i.disk_initialize   diskio.o
    0x0800923c   0x0800923c   0x00000018   Code   RO         5543    i.disk_ioctl        diskio.o
    0x08009254   0x08009254   0x0000001c   Code   RO         5544    i.disk_read         diskio.o
    0x08009270   0x08009270   0x00000014   Code   RO         5545    i.disk_status       diskio.o
    0x08009284   0x08009284   0x0000001c   Code   RO         5546    i.disk_write        diskio.o
    0x080092a0   0x080092a0   0x00000028   Code   RO         5611    i.f_close           ff.o
    0x080092c8   0x080092c8   0x00000058   Code   RO         5618    i.f_mount           ff.o
    0x08009320   0x08009320   0x00000210   Code   RO         5619    i.f_open            ff.o
    0x08009530   0x08009530   0x000001d0   Code   RO         5621    i.f_printf          ff.o
    0x08009700   0x08009700   0x0000008e   Code   RO         5628    i.f_sync            ff.o
    0x0800978e   0x0800978e   0x0000018c   Code   RO         5631    i.f_write           ff.o
    0x0800991a   0x0800991a   0x00000018   Code   RO         6352    i.fabs              m_wv.l(fabs.o)
    0x08009932   0x08009932   0x00000002   PAD
    0x08009934   0x08009934   0x00000258   Code   RO         5632    i.find_volume       ff.o
    0x08009b8c   0x08009b8c   0x00000074   Code   RO         5633    i.follow_path       ff.o
    0x08009c00   0x08009c00   0x00000050   Code   RO         6294    i.free              mc_w.l(malloc.o)
    0x08009c50   0x08009c50   0x0000011c   Code   RO          450    i.getYawPitchRoll   main.o
    0x08009d6c   0x08009d6c   0x000000be   Code   RO         5634    i.get_fat           ff.o
    0x08009e2a   0x08009e2a   0x00000004   Code   RO          747    i.get_fattime       fatfs.o
    0x08009e2e   0x08009e2e   0x0000003c   Code   RO         5636    i.get_ldnumber      ff.o
    0x08009e6a   0x08009e6a   0x00000002   PAD
    0x08009e6c   0x08009e6c   0x00000080   Code   RO         5637    i.inc_lock          ff.o
    0x08009eec   0x08009eec   0x00000026   Code   RO         5638    i.ld_clust          ff.o
    0x08009f12   0x08009f12   0x00000016   Code   RO         5639    i.ld_dword          ff.o
    0x08009f28   0x08009f28   0x0000000a   Code   RO         5640    i.ld_word           ff.o
    0x08009f32   0x08009f32   0x00000002   PAD
    0x08009f34   0x08009f34   0x000003c8   Code   RO          451    i.main              main.o
    0x0800a2fc   0x0800a2fc   0x0000006c   Code   RO         6295    i.malloc            mc_w.l(malloc.o)
    0x0800a368   0x0800a368   0x00000012   Code   RO         5641    i.mem_cpy           ff.o
    0x0800a37a   0x0800a37a   0x00000002   PAD
    0x0800a37c   0x0800a37c   0x0000000e   Code   RO         5642    i.mem_set           ff.o
    0x0800a38a   0x0800a38a   0x00000032   Code   RO         5643    i.move_window       ff.o
    0x0800a3bc   0x0800a3bc   0x00000054   Code   RO          186    i.printBuf          uart_lib.o
    0x0800a410   0x0800a410   0x000000f0   Code   RO         5644    i.put_fat           ff.o
    0x0800a500   0x0800a500   0x00000046   Code   RO         5645    i.putc_bfd          ff.o
    0x0800a546   0x0800a546   0x0000002a   Code   RO         5646    i.putc_flush        ff.o
    0x0800a570   0x0800a570   0x00000074   Code   RO         5647    i.remove_chain      ff.o
    0x0800a5e4   0x0800a5e4   0x00000046   Code   RO          189    i.serPrintln        uart_lib.o
    0x0800a62a   0x0800a62a   0x00000028   Code   RO         5648    i.st_clust          ff.o
    0x0800a652   0x0800a652   0x00000010   Code   RO         5649    i.st_dword          ff.o
    0x0800a662   0x0800a662   0x00000008   Code   RO         5650    i.st_word           ff.o
    0x0800a66a   0x0800a66a   0x00000002   PAD
    0x0800a66c   0x0800a66c   0x00000084   Code   RO          452    i.startUpLeds       main.o
    0x0800a6f0   0x0800a6f0   0x00000088   Code   RO         5651    i.sync_fs           ff.o
    0x0800a778   0x0800a778   0x00000052   Code   RO         5652    i.sync_window       ff.o
    0x0800a7ca   0x0800a7ca   0x00000034   Code   RO         5653    i.validate          ff.o
    0x0800a7fe   0x0800a7fe   0x00000002   PAD
    0x0800a800   0x0800a800   0x00000014   Data   RO          692    .constdata          sd_diskio.o
    0x0800a814   0x0800a814   0x00000010   Data   RO         5507    .constdata          system_stm32h7xx.o
    0x0800a824   0x0800a824   0x0000009c   Data   RO         5655    .constdata          ff.o
    0x0800a8c0   0x0800a8c0   0x00000098   Data   RO         6325    .constdata          m_wv.l(atan.o)
    0x0800a958   0x0800a958   0x00000008   Data   RO         6356    .constdata          m_wv.l(qnan.o)
    0x0800a960   0x0800a960   0x00000064   Data   RO          463    .conststring        main.o
    0x0800a9c4   0x0800a9c4   0x00000020   Data   RO         6416    Region$$Table       anon$$obj.o


    Execution Region RW_IRAM1 (Exec base: 0x20000000, Load base: 0x0800a9e4, Size: 0x00006bd0, Max: 0x00020000, ABSOLUTE)

    Exec Addr    Load Addr    Size         Type   Attr      Idx    E Section Name        Object

    0x20000000   0x0800a9e4   0x00000024   Data   RW          290    .data               ble_lib.o
    0x20000024   0x0800aa08   0x00000014   Data   RW          464    .data               main.o
    0x20000038   0x0800aa1c   0x00000001   Data   RW          466    .data               main.o
    0x20000039   0x0800aa1d   0x00000001   Data   RW          467    .data               main.o
    0x2000003a   0x0800aa1e   0x00000001   Data   RW          693    .data               sd_diskio.o
    0x2000003b   0x0800aa1f   0x00000005   Data   RW          750    .data               fatfs.o
    0x20000040   0x0800aa24   0x0000000c   Data   RW         2564    .data               stm32h7xx_hal.o
    0x2000004c   0x0800aa30   0x00000008   Data   RW         5508    .data               system_stm32h7xx.o
    0x20000054   0x0800aa38   0x00000008   Data   RW         5656    .data               ff.o
    0x2000005c   0x0800aa40   0x00000004   Data   RW         6384    .data               mc_w.l(mvars.o)
    0x20000060   0x0800aa44   0x00000004   Data   RW         6385    .data               mc_w.l(mvars.o)
    0x20000064   0x0800aa48   0x00000004   Data   RW         6389    .data               mc_w.l(errno.o)
    0x20000068        -       0x00000880   Zero   RW          453    .bss                main.o
    0x200008e8        -       0x0000008c   Zero   RW          454    .bss                main.o
    0x20000974        -       0x0000008c   Zero   RW          455    .bss                main.o
    0x20000a00        -       0x0000008c   Zero   RW          456    .bss                main.o
    0x20000a8c        -       0x0000008c   Zero   RW          457    .bss                main.o
    0x20000b18        -       0x0000008c   Zero   RW          458    .bss                main.o
    0x20000ba4        -       0x00000020   Zero   RW         5654    .bss                ff.o
    0x20000bc4        -       0x0000000c   Zero   RW         5933    .bss                ff_gen_drv.o
    0x20000bd0        -       0x00002000   Zero   RW            2    HEAP                startup_stm32h743xx.o
    0x20002bd0        -       0x00004000   Zero   RW            1    STACK               startup_stm32h743xx.o


==============================================================================

Image component sizes


      Code (inc. data)   RO Data    RW Data    ZI Data      Debug   Object Name

       464        198          0          0          0       2791   ble.o
        96         36          0         36          0       1665   ble_lib.o
       174         26          0          0          0       4129   bsp_driver_sd.o
       556         34          0          0          0    1299283   config.o
       140         26          0          0          0       3913   diskio.o
        32         10          0          5          0       1596   fatfs.o
        24          4          0          0          0        581   fatfs_platform.o
      4986         82        156          8         32      42696   ff.o
        70          6          0          0         12       1767   ff_gen_drv.o
      2662        588        100         22       2876      15446   main.o
       232         14         20          1          0       4684   sd_diskio.o
        36          8        664          0      24576        864   startup_stm32h743xx.o
       228         42          0         12          0      23232   stm32h7xx_hal.o
       198         12          0          0          0      39167   stm32h7xx_hal_cortex.o
      1516         70          0          0          0       4086   stm32h7xx_hal_dma.o
       566         50          0          0          0       4671   stm32h7xx_hal_gpio.o
      2418         84          0          0          0      20789   stm32h7xx_hal_i2c.o
       172          0          0          0          0       2063   stm32h7xx_hal_i2c_ex.o
      1268        106          0          0          0       4827   stm32h7xx_hal_msp.o
        84          6          0          0          0        821   stm32h7xx_hal_pwr_ex.o
      2266         96          0          0          0       7072   stm32h7xx_hal_rcc.o
      4308        186          0          0          0      11185   stm32h7xx_hal_rcc_ex.o
      3806         60          0          0          0      22224   stm32h7xx_hal_sd.o
      1044         56          0          0          0      10513   stm32h7xx_hal_tim.o
       158         24          0          0          0       3236   stm32h7xx_hal_tim_ex.o
      6004        190          0          0          0      22101   stm32h7xx_hal_uart.o
       322         18          0          0          0       5618   stm32h7xx_hal_uart_ex.o
       176         72          0          0          0      11186   stm32h7xx_it.o
      1826         72          0          0          0      25579   stm32h7xx_ll_sdmmc.o
       156         22         16          8          0       1450   system_stm32h7xx.o
      1054        170          0          0          0       8826   uart_lib.o

    ----------------------------------------------------------------------
     37114       2368        988         92      27496    1608061   Object Totals
         0          0         32          0          0          0   (incl. Generated)
        72          0          0          0          0          0   (incl. Padding)

    ----------------------------------------------------------------------

      Code (inc. data)   RO Data    RW Data    ZI Data      Debug   Library Member Name

       528        110        152          0          0        348   atan.o
       448         68          0          0          0        180   atan2.o
        36         14          0          0          0        348   dunder.o
        24          0          0          0          0        124   fabs.o
        48          0          0          0          0        124   fpclassify.o
       112          0          0          0          0        116   poly.o
         0          0          8          0          0          0   qnan.o
       102          0          0          0          0        140   sqrt.o
         0          0          0          0          0          0   entry.o
         0          0          0          0          0          0   entry10a.o
         0          0          0          0          0          0   entry11a.o
         8          4          0          0          0          0   entry2.o
         4          0          0          0          0          0   entry5.o
         0          0          0          0          0          0   entry7b.o
         0          0          0          0          0          0   entry8b.o
         8          4          0          0          0          0   entry9a.o
        12          6          0          4          0         68   errno.o
        30          0          0          0          0          0   handlers.o
        36          8          0          0          0         68   init.o
         0          0          0          0          0          0   iusefp.o
        30          0          0          0          0         68   llshl.o
        36          0          0          0          0         68   llsshr.o
        32          0          0          0          0         68   llushr.o
       188         20          0          0          0        160   malloc.o
        36          0          0          0          0        108   memseta.o
         0          0          0          8          0          0   mvars.o
      2276         86          0          0          0        520   printfa.o
        14          0          0          0          0         68   strlen.o
        44          0          0          0          0         80   uidiv.o
        98          0          0          0          0         92   uldiv.o
        48          0          0          0          0         68   cdrcmple.o
       334          0          0          0          0        148   dadd.o
       222          0          0          0          0        100   ddiv.o
       186          0          0          0          0        176   depilogue.o
        48          0          0          0          0         68   dfixul.o
       228          0          0          0          0         96   dmul.o

    ----------------------------------------------------------------------
      5230        320        160         12          0       3404   Library Totals
        14          0          0          0          0          0   (incl. Padding)

    ----------------------------------------------------------------------

      Code (inc. data)   RO Data    RW Data    ZI Data      Debug   Library Name

      1298        192        160          0          0       1380   m_wv.l
      2852        128          0         12          0       1368   mc_w.l
      1066          0          0          0          0        656   mf_w.l

    ----------------------------------------------------------------------
      5230        320        160         12          0       3404   Library Totals

    ----------------------------------------------------------------------

==============================================================================


      Code (inc. data)   RO Data    RW Data    ZI Data      Debug   

     42344       2688       1148        104      27496    1582581   Grand Totals
     42344       2688       1148        104      27496    1582581   ELF Image Totals
     42344       2688       1148        104          0          0   ROM Totals

==============================================================================

    Total RO  Size (Code + RO Data)                43492 (  42.47kB)
    Total RW  Size (RW Data + ZI Data)             27600 (  26.95kB)
    Total ROM Size (Code + RO Data + RW Data)      43596 (  42.57kB)

==============================================================================

